10:01:41 **** Clean-only build of configuration Debug for project Rest-your-light ****
make clean 
rm -rf *
 
10:01:45 **** Build of configuration Debug for project Rest-your-light ****
make all 
Building file: ../startup/startup_stm32f407xx.s
Invoking: MCU GCC Assembler
E:\nNote\3.1embedded_lab\embedded project\hardware\Rest-your-light\Debug
arm-none-eabi-as -mcpu=cortex-m4 -mthumb -mfloat-abi=hard -mfpu=fpv4-sp-d16 -g -o "startup/startup_stm32f407xx.o" "../startup/startup_stm32f407xx.s"
Finished building: ../startup/startup_stm32f407xx.s
 
Building file: ../Src/main.c
Invoking: MCU GCC Compiler
E:\nNote\3.1embedded_lab\embedded project\hardware\Rest-your-light\Debug
arm-none-eabi-gcc -mcpu=cortex-m4 -mthumb -mfloat-abi=hard -mfpu=fpv4-sp-d16 '-D__weak=__attribute__((weak))' '-D__packed=__attribute__((__packed__))' -DUSE_HAL_DRIVER -DSTM32F407xx -I"E:/nNote/3.1embedded_lab/embedded project/hardware/Rest-your-light/Inc" -I"E:/nNote/3.1embedded_lab/embedded project/hardware/Rest-your-light/Drivers/STM32F4xx_HAL_Driver/Inc" -I"E:/nNote/3.1embedded_lab/embedded project/hardware/Rest-your-light/Drivers/STM32F4xx_HAL_Driver/Inc/Legacy" -I"E:/nNote/3.1embedded_lab/embedded project/hardware/Rest-your-light/Drivers/CMSIS/Device/ST/STM32F4xx/Include" -I"E:/nNote/3.1embedded_lab/embedded project/hardware/Rest-your-light/Drivers/CMSIS/Include"  -Og -g3 -Wall -fmessage-length=0 -ffunction-sections -c -fmessage-length=0 -MMD -MP -MF"Src/main.d" -MT"Src/main.o" -o "Src/main.o" "../Src/main.c"
../Src/main.c: In function 'main':
../Src/main.c:114:11: warning: unused variable 'ldr_p' [-Wunused-variable]
  uint16_t ldr_p = max_ldr - min_ldr;
           ^~~~~
Finished building: ../Src/main.c
 
Building file: ../Src/stm32f4xx_hal_msp.c
Invoking: MCU GCC Compiler
E:\nNote\3.1embedded_lab\embedded project\hardware\Rest-your-light\Debug
arm-none-eabi-gcc -mcpu=cortex-m4 -mthumb -mfloat-abi=hard -mfpu=fpv4-sp-d16 '-D__weak=__attribute__((weak))' '-D__packed=__attribute__((__packed__))' -DUSE_HAL_DRIVER -DSTM32F407xx -I"E:/nNote/3.1embedded_lab/embedded project/hardware/Rest-your-light/Inc" -I"E:/nNote/3.1embedded_lab/embedded project/hardware/Rest-your-light/Drivers/STM32F4xx_HAL_Driver/Inc" -I"E:/nNote/3.1embedded_lab/embedded project/hardware/Rest-your-light/Drivers/STM32F4xx_HAL_Driver/Inc/Legacy" -I"E:/nNote/3.1embedded_lab/embedded project/hardware/Rest-your-light/Drivers/CMSIS/Device/ST/STM32F4xx/Include" -I"E:/nNote/3.1embedded_lab/embedded project/hardware/Rest-your-light/Drivers/CMSIS/Include"  -Og -g3 -Wall -fmessage-length=0 -ffunction-sections -c -fmessage-length=0 -MMD -MP -MF"Src/stm32f4xx_hal_msp.d" -MT"Src/stm32f4xx_hal_msp.o" -o "Src/stm32f4xx_hal_msp.o" "../Src/stm32f4xx_hal_msp.c"
Finished building: ../Src/stm32f4xx_hal_msp.c
 
Building file: ../Src/stm32f4xx_it.c
Invoking: MCU GCC Compiler
E:\nNote\3.1embedded_lab\embedded project\hardware\Rest-your-light\Debug
arm-none-eabi-gcc -mcpu=cortex-m4 -mthumb -mfloat-abi=hard -mfpu=fpv4-sp-d16 '-D__weak=__attribute__((weak))' '-D__packed=__attribute__((__packed__))' -DUSE_HAL_DRIVER -DSTM32F407xx -I"E:/nNote/3.1embedded_lab/embedded project/hardware/Rest-your-light/Inc" -I"E:/nNote/3.1embedded_lab/embedded project/hardware/Rest-your-light/Drivers/STM32F4xx_HAL_Driver/Inc" -I"E:/nNote/3.1embedded_lab/embedded project/hardware/Rest-your-light/Drivers/STM32F4xx_HAL_Driver/Inc/Legacy" -I"E:/nNote/3.1embedded_lab/embedded project/hardware/Rest-your-light/Drivers/CMSIS/Device/ST/STM32F4xx/Include" -I"E:/nNote/3.1embedded_lab/embedded project/hardware/Rest-your-light/Drivers/CMSIS/Include"  -Og -g3 -Wall -fmessage-length=0 -ffunction-sections -c -fmessage-length=0 -MMD -MP -MF"Src/stm32f4xx_it.d" -MT"Src/stm32f4xx_it.o" -o "Src/stm32f4xx_it.o" "../Src/stm32f4xx_it.c"
Finished building: ../Src/stm32f4xx_it.c
 
Building file: ../Src/system_stm32f4xx.c
Invoking: MCU GCC Compiler
E:\nNote\3.1embedded_lab\embedded project\hardware\Rest-your-light\Debug
arm-none-eabi-gcc -mcpu=cortex-m4 -mthumb -mfloat-abi=hard -mfpu=fpv4-sp-d16 '-D__weak=__attribute__((weak))' '-D__packed=__attribute__((__packed__))' -DUSE_HAL_DRIVER -DSTM32F407xx -I"E:/nNote/3.1embedded_lab/embedded project/hardware/Rest-your-light/Inc" -I"E:/nNote/3.1embedded_lab/embedded project/hardware/Rest-your-light/Drivers/STM32F4xx_HAL_Driver/Inc" -I"E:/nNote/3.1embedded_lab/embedded project/hardware/Rest-your-light/Drivers/STM32F4xx_HAL_Driver/Inc/Legacy" -I"E:/nNote/3.1embedded_lab/embedded project/hardware/Rest-your-light/Drivers/CMSIS/Device/ST/STM32F4xx/Include" -I"E:/nNote/3.1embedded_lab/embedded project/hardware/Rest-your-light/Drivers/CMSIS/Include"  -Og -g3 -Wall -fmessage-length=0 -ffunction-sections -c -fmessage-length=0 -MMD -MP -MF"Src/system_stm32f4xx.d" -MT"Src/system_stm32f4xx.o" -o "Src/system_stm32f4xx.o" "../Src/system_stm32f4xx.c"
Finished building: ../Src/system_stm32f4xx.c
 
Building file: ../Drivers/STM32F4xx_HAL_Driver/Src/stm32f4xx_hal.c
Invoking: MCU GCC Compiler
E:\nNote\3.1embedded_lab\embedded project\hardware\Rest-your-light\Debug
arm-none-eabi-gcc -mcpu=cortex-m4 -mthumb -mfloat-abi=hard -mfpu=fpv4-sp-d16 '-D__weak=__attribute__((weak))' '-D__packed=__attribute__((__packed__))' -DUSE_HAL_DRIVER -DSTM32F407xx -I"E:/nNote/3.1embedded_lab/embedded project/hardware/Rest-your-light/Inc" -I"E:/nNote/3.1embedded_lab/embedded project/hardware/Rest-your-light/Drivers/STM32F4xx_HAL_Driver/Inc" -I"E:/nNote/3.1embedded_lab/embedded project/hardware/Rest-your-light/Drivers/STM32F4xx_HAL_Driver/Inc/Legacy" -I"E:/nNote/3.1embedded_lab/embedded project/hardware/Rest-your-light/Drivers/CMSIS/Device/ST/STM32F4xx/Include" -I"E:/nNote/3.1embedded_lab/embedded project/hardware/Rest-your-light/Drivers/CMSIS/Include"  -Og -g3 -Wall -fmessage-length=0 -ffunction-sections -c -fmessage-length=0 -MMD -MP -MF"Drivers/STM32F4xx_HAL_Driver/Src/stm32f4xx_hal.d" -MT"Drivers/STM32F4xx_HAL_Driver/Src/stm32f4xx_hal.o" -o "Drivers/STM32F4xx_HAL_Driver/Src/stm32f4xx_hal.o" "../Drivers/STM32F4xx_HAL_Driver/Src/stm32f4xx_hal.c"
Finished building: ../Drivers/STM32F4xx_HAL_Driver/Src/stm32f4xx_hal.c
 
Building file: ../Drivers/STM32F4xx_HAL_Driver/Src/stm32f4xx_hal_adc.c
Invoking: MCU GCC Compiler
E:\nNote\3.1embedded_lab\embedded project\hardware\Rest-your-light\Debug
arm-none-eabi-gcc -mcpu=cortex-m4 -mthumb -mfloat-abi=hard -mfpu=fpv4-sp-d16 '-D__weak=__attribute__((weak))' '-D__packed=__attribute__((__packed__))' -DUSE_HAL_DRIVER -DSTM32F407xx -I"E:/nNote/3.1embedded_lab/embedded project/hardware/Rest-your-light/Inc" -I"E:/nNote/3.1embedded_lab/embedded project/hardware/Rest-your-light/Drivers/STM32F4xx_HAL_Driver/Inc" -I"E:/nNote/3.1embedded_lab/embedded project/hardware/Rest-your-light/Drivers/STM32F4xx_HAL_Driver/Inc/Legacy" -I"E:/nNote/3.1embedded_lab/embedded project/hardware/Rest-your-light/Drivers/CMSIS/Device/ST/STM32F4xx/Include" -I"E:/nNote/3.1embedded_lab/embedded project/hardware/Rest-your-light/Drivers/CMSIS/Include"  -Og -g3 -Wall -fmessage-length=0 -ffunction-sections -c -fmessage-length=0 -MMD -MP -MF"Drivers/STM32F4xx_HAL_Driver/Src/stm32f4xx_hal_adc.d" -MT"Drivers/STM32F4xx_HAL_Driver/Src/stm32f4xx_hal_adc.o" -o "Drivers/STM32F4xx_HAL_Driver/Src/stm32f4xx_hal_adc.o" "../Drivers/STM32F4xx_HAL_Driver/Src/stm32f4xx_hal_adc.c"
Finished building: ../Drivers/STM32F4xx_HAL_Driver/Src/stm32f4xx_hal_adc.c
 
Building file: ../Drivers/STM32F4xx_HAL_Driver/Src/stm32f4xx_hal_adc_ex.c
Invoking: MCU GCC Compiler
E:\nNote\3.1embedded_lab\embedded project\hardware\Rest-your-light\Debug
arm-none-eabi-gcc -mcpu=cortex-m4 -mthumb -mfloat-abi=hard -mfpu=fpv4-sp-d16 '-D__weak=__attribute__((weak))' '-D__packed=__attribute__((__packed__))' -DUSE_HAL_DRIVER -DSTM32F407xx -I"E:/nNote/3.1embedded_lab/embedded project/hardware/Rest-your-light/Inc" -I"E:/nNote/3.1embedded_lab/embedded project/hardware/Rest-your-light/Drivers/STM32F4xx_HAL_Driver/Inc" -I"E:/nNote/3.1embedded_lab/embedded project/hardware/Rest-your-light/Drivers/STM32F4xx_HAL_Driver/Inc/Legacy" -I"E:/nNote/3.1embedded_lab/embedded project/hardware/Rest-your-light/Drivers/CMSIS/Device/ST/STM32F4xx/Include" -I"E:/nNote/3.1embedded_lab/embedded project/hardware/Rest-your-light/Drivers/CMSIS/Include"  -Og -g3 -Wall -fmessage-length=0 -ffunction-sections -c -fmessage-length=0 -MMD -MP -MF"Drivers/STM32F4xx_HAL_Driver/Src/stm32f4xx_hal_adc_ex.d" -MT"Drivers/STM32F4xx_HAL_Driver/Src/stm32f4xx_hal_adc_ex.o" -o "Drivers/STM32F4xx_HAL_Driver/Src/stm32f4xx_hal_adc_ex.o" "../Drivers/STM32F4xx_HAL_Driver/Src/stm32f4xx_hal_adc_ex.c"
Finished building: ../Drivers/STM32F4xx_HAL_Driver/Src/stm32f4xx_hal_adc_ex.c
 
Building file: ../Drivers/STM32F4xx_HAL_Driver/Src/stm32f4xx_hal_cortex.c
Invoking: MCU GCC Compiler
E:\nNote\3.1embedded_lab\embedded project\hardware\Rest-your-light\Debug
arm-none-eabi-gcc -mcpu=cortex-m4 -mthumb -mfloat-abi=hard -mfpu=fpv4-sp-d16 '-D__weak=__attribute__((weak))' '-D__packed=__attribute__((__packed__))' -DUSE_HAL_DRIVER -DSTM32F407xx -I"E:/nNote/3.1embedded_lab/embedded project/hardware/Rest-your-light/Inc" -I"E:/nNote/3.1embedded_lab/embedded project/hardware/Rest-your-light/Drivers/STM32F4xx_HAL_Driver/Inc" -I"E:/nNote/3.1embedded_lab/embedded project/hardware/Rest-your-light/Drivers/STM32F4xx_HAL_Driver/Inc/Legacy" -I"E:/nNote/3.1embedded_lab/embedded project/hardware/Rest-your-light/Drivers/CMSIS/Device/ST/STM32F4xx/Include" -I"E:/nNote/3.1embedded_lab/embedded project/hardware/Rest-your-light/Drivers/CMSIS/Include"  -Og -g3 -Wall -fmessage-length=0 -ffunction-sections -c -fmessage-length=0 -MMD -MP -MF"Drivers/STM32F4xx_HAL_Driver/Src/stm32f4xx_hal_cortex.d" -MT"Drivers/STM32F4xx_HAL_Driver/Src/stm32f4xx_hal_cortex.o" -o "Drivers/STM32F4xx_HAL_Driver/Src/stm32f4xx_hal_cortex.o" "../Drivers/STM32F4xx_HAL_Driver/Src/stm32f4xx_hal_cortex.c"
Finished building: ../Drivers/STM32F4xx_HAL_Driver/Src/stm32f4xx_hal_cortex.c
 
Building file: ../Drivers/STM32F4xx_HAL_Driver/Src/stm32f4xx_hal_dma.c
Invoking: MCU GCC Compiler
E:\nNote\3.1embedded_lab\embedded project\hardware\Rest-your-light\Debug
arm-none-eabi-gcc -mcpu=cortex-m4 -mthumb -mfloat-abi=hard -mfpu=fpv4-sp-d16 '-D__weak=__attribute__((weak))' '-D__packed=__attribute__((__packed__))' -DUSE_HAL_DRIVER -DSTM32F407xx -I"E:/nNote/3.1embedded_lab/embedded project/hardware/Rest-your-light/Inc" -I"E:/nNote/3.1embedded_lab/embedded project/hardware/Rest-your-light/Drivers/STM32F4xx_HAL_Driver/Inc" -I"E:/nNote/3.1embedded_lab/embedded project/hardware/Rest-your-light/Drivers/STM32F4xx_HAL_Driver/Inc/Legacy" -I"E:/nNote/3.1embedded_lab/embedded project/hardware/Rest-your-light/Drivers/CMSIS/Device/ST/STM32F4xx/Include" -I"E:/nNote/3.1embedded_lab/embedded project/hardware/Rest-your-light/Drivers/CMSIS/Include"  -Og -g3 -Wall -fmessage-length=0 -ffunction-sections -c -fmessage-length=0 -MMD -MP -MF"Drivers/STM32F4xx_HAL_Driver/Src/stm32f4xx_hal_dma.d" -MT"Drivers/STM32F4xx_HAL_Driver/Src/stm32f4xx_hal_dma.o" -o "Drivers/STM32F4xx_HAL_Driver/Src/stm32f4xx_hal_dma.o" "../Drivers/STM32F4xx_HAL_Driver/Src/stm32f4xx_hal_dma.c"
Finished building: ../Drivers/STM32F4xx_HAL_Driver/Src/stm32f4xx_hal_dma.c
 
Building file: ../Drivers/STM32F4xx_HAL_Driver/Src/stm32f4xx_hal_dma_ex.c
Invoking: MCU GCC Compiler
E:\nNote\3.1embedded_lab\embedded project\hardware\Rest-your-light\Debug
arm-none-eabi-gcc -mcpu=cortex-m4 -mthumb -mfloat-abi=hard -mfpu=fpv4-sp-d16 '-D__weak=__attribute__((weak))' '-D__packed=__attribute__((__packed__))' -DUSE_HAL_DRIVER -DSTM32F407xx -I"E:/nNote/3.1embedded_lab/embedded project/hardware/Rest-your-light/Inc" -I"E:/nNote/3.1embedded_lab/embedded project/hardware/Rest-your-light/Drivers/STM32F4xx_HAL_Driver/Inc" -I"E:/nNote/3.1embedded_lab/embedded project/hardware/Rest-your-light/Drivers/STM32F4xx_HAL_Driver/Inc/Legacy" -I"E:/nNote/3.1embedded_lab/embedded project/hardware/Rest-your-light/Drivers/CMSIS/Device/ST/STM32F4xx/Include" -I"E:/nNote/3.1embedded_lab/embedded project/hardware/Rest-your-light/Drivers/CMSIS/Include"  -Og -g3 -Wall -fmessage-length=0 -ffunction-sections -c -fmessage-length=0 -MMD -MP -MF"Drivers/STM32F4xx_HAL_Driver/Src/stm32f4xx_hal_dma_ex.d" -MT"Drivers/STM32F4xx_HAL_Driver/Src/stm32f4xx_hal_dma_ex.o" -o "Drivers/STM32F4xx_HAL_Driver/Src/stm32f4xx_hal_dma_ex.o" "../Drivers/STM32F4xx_HAL_Driver/Src/stm32f4xx_hal_dma_ex.c"
Finished building: ../Drivers/STM32F4xx_HAL_Driver/Src/stm32f4xx_hal_dma_ex.c
 
Building file: ../Drivers/STM32F4xx_HAL_Driver/Src/stm32f4xx_hal_flash.c
Invoking: MCU GCC Compiler
E:\nNote\3.1embedded_lab\embedded project\hardware\Rest-your-light\Debug
arm-none-eabi-gcc -mcpu=cortex-m4 -mthumb -mfloat-abi=hard -mfpu=fpv4-sp-d16 '-D__weak=__attribute__((weak))' '-D__packed=__attribute__((__packed__))' -DUSE_HAL_DRIVER -DSTM32F407xx -I"E:/nNote/3.1embedded_lab/embedded project/hardware/Rest-your-light/Inc" -I"E:/nNote/3.1embedded_lab/embedded project/hardware/Rest-your-light/Drivers/STM32F4xx_HAL_Driver/Inc" -I"E:/nNote/3.1embedded_lab/embedded project/hardware/Rest-your-light/Drivers/STM32F4xx_HAL_Driver/Inc/Legacy" -I"E:/nNote/3.1embedded_lab/embedded project/hardware/Rest-your-light/Drivers/CMSIS/Device/ST/STM32F4xx/Include" -I"E:/nNote/3.1embedded_lab/embedded project/hardware/Rest-your-light/Drivers/CMSIS/Include"  -Og -g3 -Wall -fmessage-length=0 -ffunction-sections -c -fmessage-length=0 -MMD -MP -MF"Drivers/STM32F4xx_HAL_Driver/Src/stm32f4xx_hal_flash.d" -MT"Drivers/STM32F4xx_HAL_Driver/Src/stm32f4xx_hal_flash.o" -o "Drivers/STM32F4xx_HAL_Driver/Src/stm32f4xx_hal_flash.o" "../Drivers/STM32F4xx_HAL_Driver/Src/stm32f4xx_hal_flash.c"
Finished building: ../Drivers/STM32F4xx_HAL_Driver/Src/stm32f4xx_hal_flash.c
 
Building file: ../Drivers/STM32F4xx_HAL_Driver/Src/stm32f4xx_hal_flash_ex.c
Invoking: MCU GCC Compiler
E:\nNote\3.1embedded_lab\embedded project\hardware\Rest-your-light\Debug
arm-none-eabi-gcc -mcpu=cortex-m4 -mthumb -mfloat-abi=hard -mfpu=fpv4-sp-d16 '-D__weak=__attribute__((weak))' '-D__packed=__attribute__((__packed__))' -DUSE_HAL_DRIVER -DSTM32F407xx -I"E:/nNote/3.1embedded_lab/embedded project/hardware/Rest-your-light/Inc" -I"E:/nNote/3.1embedded_lab/embedded project/hardware/Rest-your-light/Drivers/STM32F4xx_HAL_Driver/Inc" -I"E:/nNote/3.1embedded_lab/embedded project/hardware/Rest-your-light/Drivers/STM32F4xx_HAL_Driver/Inc/Legacy" -I"E:/nNote/3.1embedded_lab/embedded project/hardware/Rest-your-light/Drivers/CMSIS/Device/ST/STM32F4xx/Include" -I"E:/nNote/3.1embedded_lab/embedded project/hardware/Rest-your-light/Drivers/CMSIS/Include"  -Og -g3 -Wall -fmessage-length=0 -ffunction-sections -c -fmessage-length=0 -MMD -MP -MF"Drivers/STM32F4xx_HAL_Driver/Src/stm32f4xx_hal_flash_ex.d" -MT"Drivers/STM32F4xx_HAL_Driver/Src/stm32f4xx_hal_flash_ex.o" -o "Drivers/STM32F4xx_HAL_Driver/Src/stm32f4xx_hal_flash_ex.o" "../Drivers/STM32F4xx_HAL_Driver/Src/stm32f4xx_hal_flash_ex.c"
Finished building: ../Drivers/STM32F4xx_HAL_Driver/Src/stm32f4xx_hal_flash_ex.c
 
Building file: ../Drivers/STM32F4xx_HAL_Driver/Src/stm32f4xx_hal_flash_ramfunc.c
Invoking: MCU GCC Compiler
E:\nNote\3.1embedded_lab\embedded project\hardware\Rest-your-light\Debug
arm-none-eabi-gcc -mcpu=cortex-m4 -mthumb -mfloat-abi=hard -mfpu=fpv4-sp-d16 '-D__weak=__attribute__((weak))' '-D__packed=__attribute__((__packed__))' -DUSE_HAL_DRIVER -DSTM32F407xx -I"E:/nNote/3.1embedded_lab/embedded project/hardware/Rest-your-light/Inc" -I"E:/nNote/3.1embedded_lab/embedded project/hardware/Rest-your-light/Drivers/STM32F4xx_HAL_Driver/Inc" -I"E:/nNote/3.1embedded_lab/embedded project/hardware/Rest-your-light/Drivers/STM32F4xx_HAL_Driver/Inc/Legacy" -I"E:/nNote/3.1embedded_lab/embedded project/hardware/Rest-your-light/Drivers/CMSIS/Device/ST/STM32F4xx/Include" -I"E:/nNote/3.1embedded_lab/embedded project/hardware/Rest-your-light/Drivers/CMSIS/Include"  -Og -g3 -Wall -fmessage-length=0 -ffunction-sections -c -fmessage-length=0 -MMD -MP -MF"Drivers/STM32F4xx_HAL_Driver/Src/stm32f4xx_hal_flash_ramfunc.d" -MT"Drivers/STM32F4xx_HAL_Driver/Src/stm32f4xx_hal_flash_ramfunc.o" -o "Drivers/STM32F4xx_HAL_Driver/Src/stm32f4xx_hal_flash_ramfunc.o" "../Drivers/STM32F4xx_HAL_Driver/Src/stm32f4xx_hal_flash_ramfunc.c"
Finished building: ../Drivers/STM32F4xx_HAL_Driver/Src/stm32f4xx_hal_flash_ramfunc.c
 
Building file: ../Drivers/STM32F4xx_HAL_Driver/Src/stm32f4xx_hal_gpio.c
Invoking: MCU GCC Compiler
E:\nNote\3.1embedded_lab\embedded project\hardware\Rest-your-light\Debug
arm-none-eabi-gcc -mcpu=cortex-m4 -mthumb -mfloat-abi=hard -mfpu=fpv4-sp-d16 '-D__weak=__attribute__((weak))' '-D__packed=__attribute__((__packed__))' -DUSE_HAL_DRIVER -DSTM32F407xx -I"E:/nNote/3.1embedded_lab/embedded project/hardware/Rest-your-light/Inc" -I"E:/nNote/3.1embedded_lab/embedded project/hardware/Rest-your-light/Drivers/STM32F4xx_HAL_Driver/Inc" -I"E:/nNote/3.1embedded_lab/embedded project/hardware/Rest-your-light/Drivers/STM32F4xx_HAL_Driver/Inc/Legacy" -I"E:/nNote/3.1embedded_lab/embedded project/hardware/Rest-your-light/Drivers/CMSIS/Device/ST/STM32F4xx/Include" -I"E:/nNote/3.1embedded_lab/embedded project/hardware/Rest-your-light/Drivers/CMSIS/Include"  -Og -g3 -Wall -fmessage-length=0 -ffunction-sections -c -fmessage-length=0 -MMD -MP -MF"Drivers/STM32F4xx_HAL_Driver/Src/stm32f4xx_hal_gpio.d" -MT"Drivers/STM32F4xx_HAL_Driver/Src/stm32f4xx_hal_gpio.o" -o "Drivers/STM32F4xx_HAL_Driver/Src/stm32f4xx_hal_gpio.o" "../Drivers/STM32F4xx_HAL_Driver/Src/stm32f4xx_hal_gpio.c"
Finished building: ../Drivers/STM32F4xx_HAL_Driver/Src/stm32f4xx_hal_gpio.c
 
Building file: ../Drivers/STM32F4xx_HAL_Driver/Src/stm32f4xx_hal_pwr.c
Invoking: MCU GCC Compiler
E:\nNote\3.1embedded_lab\embedded project\hardware\Rest-your-light\Debug
arm-none-eabi-gcc -mcpu=cortex-m4 -mthumb -mfloat-abi=hard -mfpu=fpv4-sp-d16 '-D__weak=__attribute__((weak))' '-D__packed=__attribute__((__packed__))' -DUSE_HAL_DRIVER -DSTM32F407xx -I"E:/nNote/3.1embedded_lab/embedded project/hardware/Rest-your-light/Inc" -I"E:/nNote/3.1embedded_lab/embedded project/hardware/Rest-your-light/Drivers/STM32F4xx_HAL_Driver/Inc" -I"E:/nNote/3.1embedded_lab/embedded project/hardware/Rest-your-light/Drivers/STM32F4xx_HAL_Driver/Inc/Legacy" -I"E:/nNote/3.1embedded_lab/embedded project/hardware/Rest-your-light/Drivers/CMSIS/Device/ST/STM32F4xx/Include" -I"E:/nNote/3.1embedded_lab/embedded project/hardware/Rest-your-light/Drivers/CMSIS/Include"  -Og -g3 -Wall -fmessage-length=0 -ffunction-sections -c -fmessage-length=0 -MMD -MP -MF"Drivers/STM32F4xx_HAL_Driver/Src/stm32f4xx_hal_pwr.d" -MT"Drivers/STM32F4xx_HAL_Driver/Src/stm32f4xx_hal_pwr.o" -o "Drivers/STM32F4xx_HAL_Driver/Src/stm32f4xx_hal_pwr.o" "../Drivers/STM32F4xx_HAL_Driver/Src/stm32f4xx_hal_pwr.c"
Finished building: ../Drivers/STM32F4xx_HAL_Driver/Src/stm32f4xx_hal_pwr.c
 
Building file: ../Drivers/STM32F4xx_HAL_Driver/Src/stm32f4xx_hal_pwr_ex.c
Invoking: MCU GCC Compiler
E:\nNote\3.1embedded_lab\embedded project\hardware\Rest-your-light\Debug
arm-none-eabi-gcc -mcpu=cortex-m4 -mthumb -mfloat-abi=hard -mfpu=fpv4-sp-d16 '-D__weak=__attribute__((weak))' '-D__packed=__attribute__((__packed__))' -DUSE_HAL_DRIVER -DSTM32F407xx -I"E:/nNote/3.1embedded_lab/embedded project/hardware/Rest-your-light/Inc" -I"E:/nNote/3.1embedded_lab/embedded project/hardware/Rest-your-light/Drivers/STM32F4xx_HAL_Driver/Inc" -I"E:/nNote/3.1embedded_lab/embedded project/hardware/Rest-your-light/Drivers/STM32F4xx_HAL_Driver/Inc/Legacy" -I"E:/nNote/3.1embedded_lab/embedded project/hardware/Rest-your-light/Drivers/CMSIS/Device/ST/STM32F4xx/Include" -I"E:/nNote/3.1embedded_lab/embedded project/hardware/Rest-your-light/Drivers/CMSIS/Include"  -Og -g3 -Wall -fmessage-length=0 -ffunction-sections -c -fmessage-length=0 -MMD -MP -MF"Drivers/STM32F4xx_HAL_Driver/Src/stm32f4xx_hal_pwr_ex.d" -MT"Drivers/STM32F4xx_HAL_Driver/Src/stm32f4xx_hal_pwr_ex.o" -o "Drivers/STM32F4xx_HAL_Driver/Src/stm32f4xx_hal_pwr_ex.o" "../Drivers/STM32F4xx_HAL_Driver/Src/stm32f4xx_hal_pwr_ex.c"
Finished building: ../Drivers/STM32F4xx_HAL_Driver/Src/stm32f4xx_hal_pwr_ex.c
 
Building file: ../Drivers/STM32F4xx_HAL_Driver/Src/stm32f4xx_hal_rcc.c
Invoking: MCU GCC Compiler
E:\nNote\3.1embedded_lab\embedded project\hardware\Rest-your-light\Debug
arm-none-eabi-gcc -mcpu=cortex-m4 -mthumb -mfloat-abi=hard -mfpu=fpv4-sp-d16 '-D__weak=__attribute__((weak))' '-D__packed=__attribute__((__packed__))' -DUSE_HAL_DRIVER -DSTM32F407xx -I"E:/nNote/3.1embedded_lab/embedded project/hardware/Rest-your-light/Inc" -I"E:/nNote/3.1embedded_lab/embedded project/hardware/Rest-your-light/Drivers/STM32F4xx_HAL_Driver/Inc" -I"E:/nNote/3.1embedded_lab/embedded project/hardware/Rest-your-light/Drivers/STM32F4xx_HAL_Driver/Inc/Legacy" -I"E:/nNote/3.1embedded_lab/embedded project/hardware/Rest-your-light/Drivers/CMSIS/Device/ST/STM32F4xx/Include" -I"E:/nNote/3.1embedded_lab/embedded project/hardware/Rest-your-light/Drivers/CMSIS/Include"  -Og -g3 -Wall -fmessage-length=0 -ffunction-sections -c -fmessage-length=0 -MMD -MP -MF"Drivers/STM32F4xx_HAL_Driver/Src/stm32f4xx_hal_rcc.d" -MT"Drivers/STM32F4xx_HAL_Driver/Src/stm32f4xx_hal_rcc.o" -o "Drivers/STM32F4xx_HAL_Driver/Src/stm32f4xx_hal_rcc.o" "../Drivers/STM32F4xx_HAL_Driver/Src/stm32f4xx_hal_rcc.c"
Finished building: ../Drivers/STM32F4xx_HAL_Driver/Src/stm32f4xx_hal_rcc.c
 
Building file: ../Drivers/STM32F4xx_HAL_Driver/Src/stm32f4xx_hal_rcc_ex.c
Invoking: MCU GCC Compiler
E:\nNote\3.1embedded_lab\embedded project\hardware\Rest-your-light\Debug
arm-none-eabi-gcc -mcpu=cortex-m4 -mthumb -mfloat-abi=hard -mfpu=fpv4-sp-d16 '-D__weak=__attribute__((weak))' '-D__packed=__attribute__((__packed__))' -DUSE_HAL_DRIVER -DSTM32F407xx -I"E:/nNote/3.1embedded_lab/embedded project/hardware/Rest-your-light/Inc" -I"E:/nNote/3.1embedded_lab/embedded project/hardware/Rest-your-light/Drivers/STM32F4xx_HAL_Driver/Inc" -I"E:/nNote/3.1embedded_lab/embedded project/hardware/Rest-your-light/Drivers/STM32F4xx_HAL_Driver/Inc/Legacy" -I"E:/nNote/3.1embedded_lab/embedded project/hardware/Rest-your-light/Drivers/CMSIS/Device/ST/STM32F4xx/Include" -I"E:/nNote/3.1embedded_lab/embedded project/hardware/Rest-your-light/Drivers/CMSIS/Include"  -Og -g3 -Wall -fmessage-length=0 -ffunction-sections -c -fmessage-length=0 -MMD -MP -MF"Drivers/STM32F4xx_HAL_Driver/Src/stm32f4xx_hal_rcc_ex.d" -MT"Drivers/STM32F4xx_HAL_Driver/Src/stm32f4xx_hal_rcc_ex.o" -o "Drivers/STM32F4xx_HAL_Driver/Src/stm32f4xx_hal_rcc_ex.o" "../Drivers/STM32F4xx_HAL_Driver/Src/stm32f4xx_hal_rcc_ex.c"
Finished building: ../Drivers/STM32F4xx_HAL_Driver/Src/stm32f4xx_hal_rcc_ex.c
 
Building file: ../Drivers/STM32F4xx_HAL_Driver/Src/stm32f4xx_hal_tim.c
Invoking: MCU GCC Compiler
E:\nNote\3.1embedded_lab\embedded project\hardware\Rest-your-light\Debug
arm-none-eabi-gcc -mcpu=cortex-m4 -mthumb -mfloat-abi=hard -mfpu=fpv4-sp-d16 '-D__weak=__attribute__((weak))' '-D__packed=__attribute__((__packed__))' -DUSE_HAL_DRIVER -DSTM32F407xx -I"E:/nNote/3.1embedded_lab/embedded project/hardware/Rest-your-light/Inc" -I"E:/nNote/3.1embedded_lab/embedded project/hardware/Rest-your-light/Drivers/STM32F4xx_HAL_Driver/Inc" -I"E:/nNote/3.1embedded_lab/embedded project/hardware/Rest-your-light/Drivers/STM32F4xx_HAL_Driver/Inc/Legacy" -I"E:/nNote/3.1embedded_lab/embedded project/hardware/Rest-your-light/Drivers/CMSIS/Device/ST/STM32F4xx/Include" -I"E:/nNote/3.1embedded_lab/embedded project/hardware/Rest-your-light/Drivers/CMSIS/Include"  -Og -g3 -Wall -fmessage-length=0 -ffunction-sections -c -fmessage-length=0 -MMD -MP -MF"Drivers/STM32F4xx_HAL_Driver/Src/stm32f4xx_hal_tim.d" -MT"Drivers/STM32F4xx_HAL_Driver/Src/stm32f4xx_hal_tim.o" -o "Drivers/STM32F4xx_HAL_Driver/Src/stm32f4xx_hal_tim.o" "../Drivers/STM32F4xx_HAL_Driver/Src/stm32f4xx_hal_tim.c"
Finished building: ../Drivers/STM32F4xx_HAL_Driver/Src/stm32f4xx_hal_tim.c
 
Building file: ../Drivers/STM32F4xx_HAL_Driver/Src/stm32f4xx_hal_tim_ex.c
Invoking: MCU GCC Compiler
E:\nNote\3.1embedded_lab\embedded project\hardware\Rest-your-light\Debug
arm-none-eabi-gcc -mcpu=cortex-m4 -mthumb -mfloat-abi=hard -mfpu=fpv4-sp-d16 '-D__weak=__attribute__((weak))' '-D__packed=__attribute__((__packed__))' -DUSE_HAL_DRIVER -DSTM32F407xx -I"E:/nNote/3.1embedded_lab/embedded project/hardware/Rest-your-light/Inc" -I"E:/nNote/3.1embedded_lab/embedded project/hardware/Rest-your-light/Drivers/STM32F4xx_HAL_Driver/Inc" -I"E:/nNote/3.1embedded_lab/embedded project/hardware/Rest-your-light/Drivers/STM32F4xx_HAL_Driver/Inc/Legacy" -I"E:/nNote/3.1embedded_lab/embedded project/hardware/Rest-your-light/Drivers/CMSIS/Device/ST/STM32F4xx/Include" -I"E:/nNote/3.1embedded_lab/embedded project/hardware/Rest-your-light/Drivers/CMSIS/Include"  -Og -g3 -Wall -fmessage-length=0 -ffunction-sections -c -fmessage-length=0 -MMD -MP -MF"Drivers/STM32F4xx_HAL_Driver/Src/stm32f4xx_hal_tim_ex.d" -MT"Drivers/STM32F4xx_HAL_Driver/Src/stm32f4xx_hal_tim_ex.o" -o "Drivers/STM32F4xx_HAL_Driver/Src/stm32f4xx_hal_tim_ex.o" "../Drivers/STM32F4xx_HAL_Driver/Src/stm32f4xx_hal_tim_ex.c"
Finished building: ../Drivers/STM32F4xx_HAL_Driver/Src/stm32f4xx_hal_tim_ex.c
 
Building file: ../Drivers/STM32F4xx_HAL_Driver/Src/stm32f4xx_hal_uart.c
Invoking: MCU GCC Compiler
E:\nNote\3.1embedded_lab\embedded project\hardware\Rest-your-light\Debug
arm-none-eabi-gcc -mcpu=cortex-m4 -mthumb -mfloat-abi=hard -mfpu=fpv4-sp-d16 '-D__weak=__attribute__((weak))' '-D__packed=__attribute__((__packed__))' -DUSE_HAL_DRIVER -DSTM32F407xx -I"E:/nNote/3.1embedded_lab/embedded project/hardware/Rest-your-light/Inc" -I"E:/nNote/3.1embedded_lab/embedded project/hardware/Rest-your-light/Drivers/STM32F4xx_HAL_Driver/Inc" -I"E:/nNote/3.1embedded_lab/embedded project/hardware/Rest-your-light/Drivers/STM32F4xx_HAL_Driver/Inc/Legacy" -I"E:/nNote/3.1embedded_lab/embedded project/hardware/Rest-your-light/Drivers/CMSIS/Device/ST/STM32F4xx/Include" -I"E:/nNote/3.1embedded_lab/embedded project/hardware/Rest-your-light/Drivers/CMSIS/Include"  -Og -g3 -Wall -fmessage-length=0 -ffunction-sections -c -fmessage-length=0 -MMD -MP -MF"Drivers/STM32F4xx_HAL_Driver/Src/stm32f4xx_hal_uart.d" -MT"Drivers/STM32F4xx_HAL_Driver/Src/stm32f4xx_hal_uart.o" -o "Drivers/STM32F4xx_HAL_Driver/Src/stm32f4xx_hal_uart.o" "../Drivers/STM32F4xx_HAL_Driver/Src/stm32f4xx_hal_uart.c"
Finished building: ../Drivers/STM32F4xx_HAL_Driver/Src/stm32f4xx_hal_uart.c
 
Building target: Rest-your-light.elf
Invoking: MCU GCC Linker
arm-none-eabi-gcc -mcpu=cortex-m4 -mthumb -mfloat-abi=hard -mfpu=fpv4-sp-d16 -specs=nosys.specs -specs=nano.specs -T"../STM32F407VGTx_FLASH.ld" -Wl,-Map=output.map -Wl,--gc-sections -o "Rest-your-light.elf" @"objects.list"   -lm
Finished building target: Rest-your-light.elf
 
make --no-print-directory post-build
Generating hex and Printing size information:
arm-none-eabi-objcopy -O ihex "Rest-your-light.elf" "Rest-your-light.hex"
arm-none-eabi-size "Rest-your-light.elf"
   text	   data	    bss	    dec	    hex	filename
  12128	    120	   1784	  14032	   36d0	Rest-your-light.elf
 
10:24:13 **** Incremental Build of configuration Debug for project Rest-your-light ****
make all 
Building file: ../Src/main.c
Invoking: MCU GCC Compiler
E:\nNote\3.1embedded_lab\embedded project\hardware\Rest-your-light\Debug
arm-none-eabi-gcc -mcpu=cortex-m4 -mthumb -mfloat-abi=hard -mfpu=fpv4-sp-d16 '-D__weak=__attribute__((weak))' '-D__packed=__attribute__((__packed__))' -DUSE_HAL_DRIVER -DSTM32F407xx -I"E:/nNote/3.1embedded_lab/embedded project/hardware/Rest-your-light/Inc" -I"E:/nNote/3.1embedded_lab/embedded project/hardware/Rest-your-light/Drivers/STM32F4xx_HAL_Driver/Inc" -I"E:/nNote/3.1embedded_lab/embedded project/hardware/Rest-your-light/Drivers/STM32F4xx_HAL_Driver/Inc/Legacy" -I"E:/nNote/3.1embedded_lab/embedded project/hardware/Rest-your-light/Drivers/CMSIS/Device/ST/STM32F4xx/Include" -I"E:/nNote/3.1embedded_lab/embedded project/hardware/Rest-your-light/Drivers/CMSIS/Include"  -Og -g3 -Wall -fmessage-length=0 -ffunction-sections -c -fmessage-length=0 -MMD -MP -MF"Src/main.d" -MT"Src/main.o" -o "Src/main.o" "../Src/main.c"
../Src/main.c: In function 'main':
../Src/main.c:114:11: warning: unused variable 'ldr_p' [-Wunused-variable]
  uint16_t ldr_p = max_ldr - min_ldr;
           ^~~~~
Finished building: ../Src/main.c
 
Building target: Rest-your-light.elf
Invoking: MCU GCC Linker
arm-none-eabi-gcc -mcpu=cortex-m4 -mthumb -mfloat-abi=hard -mfpu=fpv4-sp-d16 -specs=nosys.specs -specs=nano.specs -T"../STM32F407VGTx_FLASH.ld" -Wl,-Map=output.map -Wl,--gc-sections -o "Rest-your-light.elf" @"objects.list"   -lm
Finished building target: Rest-your-light.elf
 
make --no-print-directory post-build
Generating hex and Printing size information:
arm-none-eabi-objcopy -O ihex "Rest-your-light.elf" "Rest-your-light.hex"
arm-none-eabi-size "Rest-your-light.elf"
   text	   data	    bss	    dec	    hex	filename
  12128	    120	   1784	  14032	   36d0	Rest-your-light.elf
 
12:04:07 **** Incremental Build of configuration Debug for project Rest-your-light ****
make all 
Building file: ../Src/main.c
Invoking: MCU GCC Compiler
E:\nNote\3.1embedded_lab\embedded project\hardware\Rest-your-light\Debug
arm-none-eabi-gcc -mcpu=cortex-m4 -mthumb -mfloat-abi=hard -mfpu=fpv4-sp-d16 '-D__weak=__attribute__((weak))' '-D__packed=__attribute__((__packed__))' -DUSE_HAL_DRIVER -DSTM32F407xx -I"E:/nNote/3.1embedded_lab/embedded project/hardware/Rest-your-light/Inc" -I"E:/nNote/3.1embedded_lab/embedded project/hardware/Rest-your-light/Drivers/STM32F4xx_HAL_Driver/Inc" -I"E:/nNote/3.1embedded_lab/embedded project/hardware/Rest-your-light/Drivers/STM32F4xx_HAL_Driver/Inc/Legacy" -I"E:/nNote/3.1embedded_lab/embedded project/hardware/Rest-your-light/Drivers/CMSIS/Device/ST/STM32F4xx/Include" -I"E:/nNote/3.1embedded_lab/embedded project/hardware/Rest-your-light/Drivers/CMSIS/Include"  -Og -g3 -Wall -fmessage-length=0 -ffunction-sections -c -fmessage-length=0 -MMD -MP -MF"Src/main.d" -MT"Src/main.o" -o "Src/main.o" "../Src/main.c"
../Src/main.c: In function 'main':
../Src/main.c:114:11: warning: unused variable 'ldr_p' [-Wunused-variable]
  uint16_t ldr_p = max_ldr - min_ldr;
           ^~~~~
Finished building: ../Src/main.c
 
Building target: Rest-your-light.elf
Invoking: MCU GCC Linker
arm-none-eabi-gcc -mcpu=cortex-m4 -mthumb -mfloat-abi=hard -mfpu=fpv4-sp-d16 -specs=nosys.specs -specs=nano.specs -T"../STM32F407VGTx_FLASH.ld" -Wl,-Map=output.map -Wl,--gc-sections -o "Rest-your-light.elf" @"objects.list"   -lm
Finished building target: Rest-your-light.elf
 
make --no-print-directory post-build
Generating hex and Printing size information:
arm-none-eabi-objcopy -O ihex "Rest-your-light.elf" "Rest-your-light.hex"
arm-none-eabi-size "Rest-your-light.elf"
   text	   data	    bss	    dec	    hex	filename
  12128	    120	   1784	  14032	   36d0	Rest-your-light.elf
 
12:38:14 **** Incremental Build of configuration Debug for project Rest-your-light ****
make all 
Building file: ../Src/main.c
Invoking: MCU GCC Compiler
E:\nNote\3.1embedded_lab\embedded project\hardware\Rest-your-light\Debug
arm-none-eabi-gcc -mcpu=cortex-m4 -mthumb -mfloat-abi=hard -mfpu=fpv4-sp-d16 '-D__weak=__attribute__((weak))' '-D__packed=__attribute__((__packed__))' -DUSE_HAL_DRIVER -DSTM32F407xx -I"E:/nNote/3.1embedded_lab/embedded project/hardware/Rest-your-light/Inc" -I"E:/nNote/3.1embedded_lab/embedded project/hardware/Rest-your-light/Drivers/STM32F4xx_HAL_Driver/Inc" -I"E:/nNote/3.1embedded_lab/embedded project/hardware/Rest-your-light/Drivers/STM32F4xx_HAL_Driver/Inc/Legacy" -I"E:/nNote/3.1embedded_lab/embedded project/hardware/Rest-your-light/Drivers/CMSIS/Device/ST/STM32F4xx/Include" -I"E:/nNote/3.1embedded_lab/embedded project/hardware/Rest-your-light/Drivers/CMSIS/Include"  -Og -g3 -Wall -fmessage-length=0 -ffunction-sections -c -fmessage-length=0 -MMD -MP -MF"Src/main.d" -MT"Src/main.o" -o "Src/main.o" "../Src/main.c"
../Src/main.c: In function 'main':
../Src/main.c:114:11: warning: unused variable 'ldr_p' [-Wunused-variable]
  uint16_t ldr_p = max_ldr - min_ldr;
           ^~~~~
Finished building: ../Src/main.c
 
Building target: Rest-your-light.elf
Invoking: MCU GCC Linker
arm-none-eabi-gcc -mcpu=cortex-m4 -mthumb -mfloat-abi=hard -mfpu=fpv4-sp-d16 -specs=nosys.specs -specs=nano.specs -T"../STM32F407VGTx_FLASH.ld" -Wl,-Map=output.map -Wl,--gc-sections -o "Rest-your-light.elf" @"objects.list"   -lm
Finished building target: Rest-your-light.elf
 
make --no-print-directory post-build
Generating hex and Printing size information:
arm-none-eabi-objcopy -O ihex "Rest-your-light.elf" "Rest-your-light.hex"
arm-none-eabi-size "Rest-your-light.elf"
   text	   data	    bss	    dec	    hex	filename
  12128	    120	   1784	  14032	   36d0	Rest-your-light.elf
 
14:04:22 **** Incremental Build of configuration Debug for project Rest-your-light ****
make all 
Building file: ../Src/main.c
Invoking: MCU GCC Compiler
E:\nNote\3.1embedded_lab\embedded project\hardware\Rest-your-light\Debug
arm-none-eabi-gcc -mcpu=cortex-m4 -mthumb -mfloat-abi=hard -mfpu=fpv4-sp-d16 '-D__weak=__attribute__((weak))' '-D__packed=__attribute__((__packed__))' -DUSE_HAL_DRIVER -DSTM32F407xx -I"E:/nNote/3.1embedded_lab/embedded project/hardware/Rest-your-light/Inc" -I"E:/nNote/3.1embedded_lab/embedded project/hardware/Rest-your-light/Drivers/STM32F4xx_HAL_Driver/Inc" -I"E:/nNote/3.1embedded_lab/embedded project/hardware/Rest-your-light/Drivers/STM32F4xx_HAL_Driver/Inc/Legacy" -I"E:/nNote/3.1embedded_lab/embedded project/hardware/Rest-your-light/Drivers/CMSIS/Device/ST/STM32F4xx/Include" -I"E:/nNote/3.1embedded_lab/embedded project/hardware/Rest-your-light/Drivers/CMSIS/Include"  -Og -g3 -Wall -fmessage-length=0 -ffunction-sections -c -fmessage-length=0 -MMD -MP -MF"Src/main.d" -MT"Src/main.o" -o "Src/main.o" "../Src/main.c"
Finished building: ../Src/main.c
 
Building target: Rest-your-light.elf
Invoking: MCU GCC Linker
arm-none-eabi-gcc -mcpu=cortex-m4 -mthumb -mfloat-abi=hard -mfpu=fpv4-sp-d16 -specs=nosys.specs -specs=nano.specs -T"../STM32F407VGTx_FLASH.ld" -Wl,-Map=output.map -Wl,--gc-sections -o "Rest-your-light.elf" @"objects.list"   -lm
Finished building target: Rest-your-light.elf
 
make --no-print-directory post-build
Generating hex and Printing size information:
arm-none-eabi-objcopy -O ihex "Rest-your-light.elf" "Rest-your-light.hex"
arm-none-eabi-size "Rest-your-light.elf"
   text	   data	    bss	    dec	    hex	filename
  14460	    120	   1784	  16364	   3fec	Rest-your-light.elf
 
14:06:49 **** Incremental Build of configuration Debug for project Rest-your-light ****
make all 
Building file: ../Src/main.c
Invoking: MCU GCC Compiler
E:\nNote\3.1embedded_lab\embedded project\hardware\Rest-your-light\Debug
arm-none-eabi-gcc -mcpu=cortex-m4 -mthumb -mfloat-abi=hard -mfpu=fpv4-sp-d16 '-D__weak=__attribute__((weak))' '-D__packed=__attribute__((__packed__))' -DUSE_HAL_DRIVER -DSTM32F407xx -I"E:/nNote/3.1embedded_lab/embedded project/hardware/Rest-your-light/Inc" -I"E:/nNote/3.1embedded_lab/embedded project/hardware/Rest-your-light/Drivers/STM32F4xx_HAL_Driver/Inc" -I"E:/nNote/3.1embedded_lab/embedded project/hardware/Rest-your-light/Drivers/STM32F4xx_HAL_Driver/Inc/Legacy" -I"E:/nNote/3.1embedded_lab/embedded project/hardware/Rest-your-light/Drivers/CMSIS/Device/ST/STM32F4xx/Include" -I"E:/nNote/3.1embedded_lab/embedded project/hardware/Rest-your-light/Drivers/CMSIS/Include"  -Og -g3 -Wall -fmessage-length=0 -ffunction-sections -c -fmessage-length=0 -MMD -MP -MF"Src/main.d" -MT"Src/main.o" -o "Src/main.o" "../Src/main.c"
Finished building: ../Src/main.c
 
Building file: ../Src/stm32f4xx_hal_msp.c
Invoking: MCU GCC Compiler
E:\nNote\3.1embedded_lab\embedded project\hardware\Rest-your-light\Debug
arm-none-eabi-gcc -mcpu=cortex-m4 -mthumb -mfloat-abi=hard -mfpu=fpv4-sp-d16 '-D__weak=__attribute__((weak))' '-D__packed=__attribute__((__packed__))' -DUSE_HAL_DRIVER -DSTM32F407xx -I"E:/nNote/3.1embedded_lab/embedded project/hardware/Rest-your-light/Inc" -I"E:/nNote/3.1embedded_lab/embedded project/hardware/Rest-your-light/Drivers/STM32F4xx_HAL_Driver/Inc" -I"E:/nNote/3.1embedded_lab/embedded project/hardware/Rest-your-light/Drivers/STM32F4xx_HAL_Driver/Inc/Legacy" -I"E:/nNote/3.1embedded_lab/embedded project/hardware/Rest-your-light/Drivers/CMSIS/Device/ST/STM32F4xx/Include" -I"E:/nNote/3.1embedded_lab/embedded project/hardware/Rest-your-light/Drivers/CMSIS/Include"  -Og -g3 -Wall -fmessage-length=0 -ffunction-sections -c -fmessage-length=0 -MMD -MP -MF"Src/stm32f4xx_hal_msp.d" -MT"Src/stm32f4xx_hal_msp.o" -o "Src/stm32f4xx_hal_msp.o" "../Src/stm32f4xx_hal_msp.c"
Finished building: ../Src/stm32f4xx_hal_msp.c
 
Building file: ../Src/stm32f4xx_it.c
Invoking: MCU GCC Compiler
E:\nNote\3.1embedded_lab\embedded project\hardware\Rest-your-light\Debug
arm-none-eabi-gcc -mcpu=cortex-m4 -mthumb -mfloat-abi=hard -mfpu=fpv4-sp-d16 '-D__weak=__attribute__((weak))' '-D__packed=__attribute__((__packed__))' -DUSE_HAL_DRIVER -DSTM32F407xx -I"E:/nNote/3.1embedded_lab/embedded project/hardware/Rest-your-light/Inc" -I"E:/nNote/3.1embedded_lab/embedded project/hardware/Rest-your-light/Drivers/STM32F4xx_HAL_Driver/Inc" -I"E:/nNote/3.1embedded_lab/embedded project/hardware/Rest-your-light/Drivers/STM32F4xx_HAL_Driver/Inc/Legacy" -I"E:/nNote/3.1embedded_lab/embedded project/hardware/Rest-your-light/Drivers/CMSIS/Device/ST/STM32F4xx/Include" -I"E:/nNote/3.1embedded_lab/embedded project/hardware/Rest-your-light/Drivers/CMSIS/Include"  -Og -g3 -Wall -fmessage-length=0 -ffunction-sections -c -fmessage-length=0 -MMD -MP -MF"Src/stm32f4xx_it.d" -MT"Src/stm32f4xx_it.o" -o "Src/stm32f4xx_it.o" "../Src/stm32f4xx_it.c"
Finished building: ../Src/stm32f4xx_it.c
 
Building file: ../Src/system_stm32f4xx.c
Invoking: MCU GCC Compiler
E:\nNote\3.1embedded_lab\embedded project\hardware\Rest-your-light\Debug
arm-none-eabi-gcc -mcpu=cortex-m4 -mthumb -mfloat-abi=hard -mfpu=fpv4-sp-d16 '-D__weak=__attribute__((weak))' '-D__packed=__attribute__((__packed__))' -DUSE_HAL_DRIVER -DSTM32F407xx -I"E:/nNote/3.1embedded_lab/embedded project/hardware/Rest-your-light/Inc" -I"E:/nNote/3.1embedded_lab/embedded project/hardware/Rest-your-light/Drivers/STM32F4xx_HAL_Driver/Inc" -I"E:/nNote/3.1embedded_lab/embedded project/hardware/Rest-your-light/Drivers/STM32F4xx_HAL_Driver/Inc/Legacy" -I"E:/nNote/3.1embedded_lab/embedded project/hardware/Rest-your-light/Drivers/CMSIS/Device/ST/STM32F4xx/Include" -I"E:/nNote/3.1embedded_lab/embedded project/hardware/Rest-your-light/Drivers/CMSIS/Include"  -Og -g3 -Wall -fmessage-length=0 -ffunction-sections -c -fmessage-length=0 -MMD -MP -MF"Src/system_stm32f4xx.d" -MT"Src/system_stm32f4xx.o" -o "Src/system_stm32f4xx.o" "../Src/system_stm32f4xx.c"
Finished building: ../Src/system_stm32f4xx.c
 
Building file: ../Drivers/STM32F4xx_HAL_Driver/Src/stm32f4xx_hal.c
Invoking: MCU GCC Compiler
E:\nNote\3.1embedded_lab\embedded project\hardware\Rest-your-light\Debug
arm-none-eabi-gcc -mcpu=cortex-m4 -mthumb -mfloat-abi=hard -mfpu=fpv4-sp-d16 '-D__weak=__attribute__((weak))' '-D__packed=__attribute__((__packed__))' -DUSE_HAL_DRIVER -DSTM32F407xx -I"E:/nNote/3.1embedded_lab/embedded project/hardware/Rest-your-light/Inc" -I"E:/nNote/3.1embedded_lab/embedded project/hardware/Rest-your-light/Drivers/STM32F4xx_HAL_Driver/Inc" -I"E:/nNote/3.1embedded_lab/embedded project/hardware/Rest-your-light/Drivers/STM32F4xx_HAL_Driver/Inc/Legacy" -I"E:/nNote/3.1embedded_lab/embedded project/hardware/Rest-your-light/Drivers/CMSIS/Device/ST/STM32F4xx/Include" -I"E:/nNote/3.1embedded_lab/embedded project/hardware/Rest-your-light/Drivers/CMSIS/Include"  -Og -g3 -Wall -fmessage-length=0 -ffunction-sections -c -fmessage-length=0 -MMD -MP -MF"Drivers/STM32F4xx_HAL_Driver/Src/stm32f4xx_hal.d" -MT"Drivers/STM32F4xx_HAL_Driver/Src/stm32f4xx_hal.o" -o "Drivers/STM32F4xx_HAL_Driver/Src/stm32f4xx_hal.o" "../Drivers/STM32F4xx_HAL_Driver/Src/stm32f4xx_hal.c"
Finished building: ../Drivers/STM32F4xx_HAL_Driver/Src/stm32f4xx_hal.c
 
Building file: ../Drivers/STM32F4xx_HAL_Driver/Src/stm32f4xx_hal_adc.c
Invoking: MCU GCC Compiler
E:\nNote\3.1embedded_lab\embedded project\hardware\Rest-your-light\Debug
arm-none-eabi-gcc -mcpu=cortex-m4 -mthumb -mfloat-abi=hard -mfpu=fpv4-sp-d16 '-D__weak=__attribute__((weak))' '-D__packed=__attribute__((__packed__))' -DUSE_HAL_DRIVER -DSTM32F407xx -I"E:/nNote/3.1embedded_lab/embedded project/hardware/Rest-your-light/Inc" -I"E:/nNote/3.1embedded_lab/embedded project/hardware/Rest-your-light/Drivers/STM32F4xx_HAL_Driver/Inc" -I"E:/nNote/3.1embedded_lab/embedded project/hardware/Rest-your-light/Drivers/STM32F4xx_HAL_Driver/Inc/Legacy" -I"E:/nNote/3.1embedded_lab/embedded project/hardware/Rest-your-light/Drivers/CMSIS/Device/ST/STM32F4xx/Include" -I"E:/nNote/3.1embedded_lab/embedded project/hardware/Rest-your-light/Drivers/CMSIS/Include"  -Og -g3 -Wall -fmessage-length=0 -ffunction-sections -c -fmessage-length=0 -MMD -MP -MF"Drivers/STM32F4xx_HAL_Driver/Src/stm32f4xx_hal_adc.d" -MT"Drivers/STM32F4xx_HAL_Driver/Src/stm32f4xx_hal_adc.o" -o "Drivers/STM32F4xx_HAL_Driver/Src/stm32f4xx_hal_adc.o" "../Drivers/STM32F4xx_HAL_Driver/Src/stm32f4xx_hal_adc.c"
Finished building: ../Drivers/STM32F4xx_HAL_Driver/Src/stm32f4xx_hal_adc.c
 
Building file: ../Drivers/STM32F4xx_HAL_Driver/Src/stm32f4xx_hal_adc_ex.c
Invoking: MCU GCC Compiler
E:\nNote\3.1embedded_lab\embedded project\hardware\Rest-your-light\Debug
arm-none-eabi-gcc -mcpu=cortex-m4 -mthumb -mfloat-abi=hard -mfpu=fpv4-sp-d16 '-D__weak=__attribute__((weak))' '-D__packed=__attribute__((__packed__))' -DUSE_HAL_DRIVER -DSTM32F407xx -I"E:/nNote/3.1embedded_lab/embedded project/hardware/Rest-your-light/Inc" -I"E:/nNote/3.1embedded_lab/embedded project/hardware/Rest-your-light/Drivers/STM32F4xx_HAL_Driver/Inc" -I"E:/nNote/3.1embedded_lab/embedded project/hardware/Rest-your-light/Drivers/STM32F4xx_HAL_Driver/Inc/Legacy" -I"E:/nNote/3.1embedded_lab/embedded project/hardware/Rest-your-light/Drivers/CMSIS/Device/ST/STM32F4xx/Include" -I"E:/nNote/3.1embedded_lab/embedded project/hardware/Rest-your-light/Drivers/CMSIS/Include"  -Og -g3 -Wall -fmessage-length=0 -ffunction-sections -c -fmessage-length=0 -MMD -MP -MF"Drivers/STM32F4xx_HAL_Driver/Src/stm32f4xx_hal_adc_ex.d" -MT"Drivers/STM32F4xx_HAL_Driver/Src/stm32f4xx_hal_adc_ex.o" -o "Drivers/STM32F4xx_HAL_Driver/Src/stm32f4xx_hal_adc_ex.o" "../Drivers/STM32F4xx_HAL_Driver/Src/stm32f4xx_hal_adc_ex.c"
Finished building: ../Drivers/STM32F4xx_HAL_Driver/Src/stm32f4xx_hal_adc_ex.c
 
Building file: ../Drivers/STM32F4xx_HAL_Driver/Src/stm32f4xx_hal_cortex.c
Invoking: MCU GCC Compiler
E:\nNote\3.1embedded_lab\embedded project\hardware\Rest-your-light\Debug
arm-none-eabi-gcc -mcpu=cortex-m4 -mthumb -mfloat-abi=hard -mfpu=fpv4-sp-d16 '-D__weak=__attribute__((weak))' '-D__packed=__attribute__((__packed__))' -DUSE_HAL_DRIVER -DSTM32F407xx -I"E:/nNote/3.1embedded_lab/embedded project/hardware/Rest-your-light/Inc" -I"E:/nNote/3.1embedded_lab/embedded project/hardware/Rest-your-light/Drivers/STM32F4xx_HAL_Driver/Inc" -I"E:/nNote/3.1embedded_lab/embedded project/hardware/Rest-your-light/Drivers/STM32F4xx_HAL_Driver/Inc/Legacy" -I"E:/nNote/3.1embedded_lab/embedded project/hardware/Rest-your-light/Drivers/CMSIS/Device/ST/STM32F4xx/Include" -I"E:/nNote/3.1embedded_lab/embedded project/hardware/Rest-your-light/Drivers/CMSIS/Include"  -Og -g3 -Wall -fmessage-length=0 -ffunction-sections -c -fmessage-length=0 -MMD -MP -MF"Drivers/STM32F4xx_HAL_Driver/Src/stm32f4xx_hal_cortex.d" -MT"Drivers/STM32F4xx_HAL_Driver/Src/stm32f4xx_hal_cortex.o" -o "Drivers/STM32F4xx_HAL_Driver/Src/stm32f4xx_hal_cortex.o" "../Drivers/STM32F4xx_HAL_Driver/Src/stm32f4xx_hal_cortex.c"
Finished building: ../Drivers/STM32F4xx_HAL_Driver/Src/stm32f4xx_hal_cortex.c
 
Building file: ../Drivers/STM32F4xx_HAL_Driver/Src/stm32f4xx_hal_dma.c
Invoking: MCU GCC Compiler
E:\nNote\3.1embedded_lab\embedded project\hardware\Rest-your-light\Debug
arm-none-eabi-gcc -mcpu=cortex-m4 -mthumb -mfloat-abi=hard -mfpu=fpv4-sp-d16 '-D__weak=__attribute__((weak))' '-D__packed=__attribute__((__packed__))' -DUSE_HAL_DRIVER -DSTM32F407xx -I"E:/nNote/3.1embedded_lab/embedded project/hardware/Rest-your-light/Inc" -I"E:/nNote/3.1embedded_lab/embedded project/hardware/Rest-your-light/Drivers/STM32F4xx_HAL_Driver/Inc" -I"E:/nNote/3.1embedded_lab/embedded project/hardware/Rest-your-light/Drivers/STM32F4xx_HAL_Driver/Inc/Legacy" -I"E:/nNote/3.1embedded_lab/embedded project/hardware/Rest-your-light/Drivers/CMSIS/Device/ST/STM32F4xx/Include" -I"E:/nNote/3.1embedded_lab/embedded project/hardware/Rest-your-light/Drivers/CMSIS/Include"  -Og -g3 -Wall -fmessage-length=0 -ffunction-sections -c -fmessage-length=0 -MMD -MP -MF"Drivers/STM32F4xx_HAL_Driver/Src/stm32f4xx_hal_dma.d" -MT"Drivers/STM32F4xx_HAL_Driver/Src/stm32f4xx_hal_dma.o" -o "Drivers/STM32F4xx_HAL_Driver/Src/stm32f4xx_hal_dma.o" "../Drivers/STM32F4xx_HAL_Driver/Src/stm32f4xx_hal_dma.c"
Finished building: ../Drivers/STM32F4xx_HAL_Driver/Src/stm32f4xx_hal_dma.c
 
Building file: ../Drivers/STM32F4xx_HAL_Driver/Src/stm32f4xx_hal_dma_ex.c
Invoking: MCU GCC Compiler
E:\nNote\3.1embedded_lab\embedded project\hardware\Rest-your-light\Debug
arm-none-eabi-gcc -mcpu=cortex-m4 -mthumb -mfloat-abi=hard -mfpu=fpv4-sp-d16 '-D__weak=__attribute__((weak))' '-D__packed=__attribute__((__packed__))' -DUSE_HAL_DRIVER -DSTM32F407xx -I"E:/nNote/3.1embedded_lab/embedded project/hardware/Rest-your-light/Inc" -I"E:/nNote/3.1embedded_lab/embedded project/hardware/Rest-your-light/Drivers/STM32F4xx_HAL_Driver/Inc" -I"E:/nNote/3.1embedded_lab/embedded project/hardware/Rest-your-light/Drivers/STM32F4xx_HAL_Driver/Inc/Legacy" -I"E:/nNote/3.1embedded_lab/embedded project/hardware/Rest-your-light/Drivers/CMSIS/Device/ST/STM32F4xx/Include" -I"E:/nNote/3.1embedded_lab/embedded project/hardware/Rest-your-light/Drivers/CMSIS/Include"  -Og -g3 -Wall -fmessage-length=0 -ffunction-sections -c -fmessage-length=0 -MMD -MP -MF"Drivers/STM32F4xx_HAL_Driver/Src/stm32f4xx_hal_dma_ex.d" -MT"Drivers/STM32F4xx_HAL_Driver/Src/stm32f4xx_hal_dma_ex.o" -o "Drivers/STM32F4xx_HAL_Driver/Src/stm32f4xx_hal_dma_ex.o" "../Drivers/STM32F4xx_HAL_Driver/Src/stm32f4xx_hal_dma_ex.c"
Finished building: ../Drivers/STM32F4xx_HAL_Driver/Src/stm32f4xx_hal_dma_ex.c
 
Building file: ../Drivers/STM32F4xx_HAL_Driver/Src/stm32f4xx_hal_flash.c
Invoking: MCU GCC Compiler
E:\nNote\3.1embedded_lab\embedded project\hardware\Rest-your-light\Debug
arm-none-eabi-gcc -mcpu=cortex-m4 -mthumb -mfloat-abi=hard -mfpu=fpv4-sp-d16 '-D__weak=__attribute__((weak))' '-D__packed=__attribute__((__packed__))' -DUSE_HAL_DRIVER -DSTM32F407xx -I"E:/nNote/3.1embedded_lab/embedded project/hardware/Rest-your-light/Inc" -I"E:/nNote/3.1embedded_lab/embedded project/hardware/Rest-your-light/Drivers/STM32F4xx_HAL_Driver/Inc" -I"E:/nNote/3.1embedded_lab/embedded project/hardware/Rest-your-light/Drivers/STM32F4xx_HAL_Driver/Inc/Legacy" -I"E:/nNote/3.1embedded_lab/embedded project/hardware/Rest-your-light/Drivers/CMSIS/Device/ST/STM32F4xx/Include" -I"E:/nNote/3.1embedded_lab/embedded project/hardware/Rest-your-light/Drivers/CMSIS/Include"  -Og -g3 -Wall -fmessage-length=0 -ffunction-sections -c -fmessage-length=0 -MMD -MP -MF"Drivers/STM32F4xx_HAL_Driver/Src/stm32f4xx_hal_flash.d" -MT"Drivers/STM32F4xx_HAL_Driver/Src/stm32f4xx_hal_flash.o" -o "Drivers/STM32F4xx_HAL_Driver/Src/stm32f4xx_hal_flash.o" "../Drivers/STM32F4xx_HAL_Driver/Src/stm32f4xx_hal_flash.c"
Finished building: ../Drivers/STM32F4xx_HAL_Driver/Src/stm32f4xx_hal_flash.c
 
Building file: ../Drivers/STM32F4xx_HAL_Driver/Src/stm32f4xx_hal_flash_ex.c
Invoking: MCU GCC Compiler
E:\nNote\3.1embedded_lab\embedded project\hardware\Rest-your-light\Debug
arm-none-eabi-gcc -mcpu=cortex-m4 -mthumb -mfloat-abi=hard -mfpu=fpv4-sp-d16 '-D__weak=__attribute__((weak))' '-D__packed=__attribute__((__packed__))' -DUSE_HAL_DRIVER -DSTM32F407xx -I"E:/nNote/3.1embedded_lab/embedded project/hardware/Rest-your-light/Inc" -I"E:/nNote/3.1embedded_lab/embedded project/hardware/Rest-your-light/Drivers/STM32F4xx_HAL_Driver/Inc" -I"E:/nNote/3.1embedded_lab/embedded project/hardware/Rest-your-light/Drivers/STM32F4xx_HAL_Driver/Inc/Legacy" -I"E:/nNote/3.1embedded_lab/embedded project/hardware/Rest-your-light/Drivers/CMSIS/Device/ST/STM32F4xx/Include" -I"E:/nNote/3.1embedded_lab/embedded project/hardware/Rest-your-light/Drivers/CMSIS/Include"  -Og -g3 -Wall -fmessage-length=0 -ffunction-sections -c -fmessage-length=0 -MMD -MP -MF"Drivers/STM32F4xx_HAL_Driver/Src/stm32f4xx_hal_flash_ex.d" -MT"Drivers/STM32F4xx_HAL_Driver/Src/stm32f4xx_hal_flash_ex.o" -o "Drivers/STM32F4xx_HAL_Driver/Src/stm32f4xx_hal_flash_ex.o" "../Drivers/STM32F4xx_HAL_Driver/Src/stm32f4xx_hal_flash_ex.c"
Finished building: ../Drivers/STM32F4xx_HAL_Driver/Src/stm32f4xx_hal_flash_ex.c
 
Building file: ../Drivers/STM32F4xx_HAL_Driver/Src/stm32f4xx_hal_flash_ramfunc.c
Invoking: MCU GCC Compiler
E:\nNote\3.1embedded_lab\embedded project\hardware\Rest-your-light\Debug
arm-none-eabi-gcc -mcpu=cortex-m4 -mthumb -mfloat-abi=hard -mfpu=fpv4-sp-d16 '-D__weak=__attribute__((weak))' '-D__packed=__attribute__((__packed__))' -DUSE_HAL_DRIVER -DSTM32F407xx -I"E:/nNote/3.1embedded_lab/embedded project/hardware/Rest-your-light/Inc" -I"E:/nNote/3.1embedded_lab/embedded project/hardware/Rest-your-light/Drivers/STM32F4xx_HAL_Driver/Inc" -I"E:/nNote/3.1embedded_lab/embedded project/hardware/Rest-your-light/Drivers/STM32F4xx_HAL_Driver/Inc/Legacy" -I"E:/nNote/3.1embedded_lab/embedded project/hardware/Rest-your-light/Drivers/CMSIS/Device/ST/STM32F4xx/Include" -I"E:/nNote/3.1embedded_lab/embedded project/hardware/Rest-your-light/Drivers/CMSIS/Include"  -Og -g3 -Wall -fmessage-length=0 -ffunction-sections -c -fmessage-length=0 -MMD -MP -MF"Drivers/STM32F4xx_HAL_Driver/Src/stm32f4xx_hal_flash_ramfunc.d" -MT"Drivers/STM32F4xx_HAL_Driver/Src/stm32f4xx_hal_flash_ramfunc.o" -o "Drivers/STM32F4xx_HAL_Driver/Src/stm32f4xx_hal_flash_ramfunc.o" "../Drivers/STM32F4xx_HAL_Driver/Src/stm32f4xx_hal_flash_ramfunc.c"
Finished building: ../Drivers/STM32F4xx_HAL_Driver/Src/stm32f4xx_hal_flash_ramfunc.c
 
Building file: ../Drivers/STM32F4xx_HAL_Driver/Src/stm32f4xx_hal_gpio.c
Invoking: MCU GCC Compiler
E:\nNote\3.1embedded_lab\embedded project\hardware\Rest-your-light\Debug
arm-none-eabi-gcc -mcpu=cortex-m4 -mthumb -mfloat-abi=hard -mfpu=fpv4-sp-d16 '-D__weak=__attribute__((weak))' '-D__packed=__attribute__((__packed__))' -DUSE_HAL_DRIVER -DSTM32F407xx -I"E:/nNote/3.1embedded_lab/embedded project/hardware/Rest-your-light/Inc" -I"E:/nNote/3.1embedded_lab/embedded project/hardware/Rest-your-light/Drivers/STM32F4xx_HAL_Driver/Inc" -I"E:/nNote/3.1embedded_lab/embedded project/hardware/Rest-your-light/Drivers/STM32F4xx_HAL_Driver/Inc/Legacy" -I"E:/nNote/3.1embedded_lab/embedded project/hardware/Rest-your-light/Drivers/CMSIS/Device/ST/STM32F4xx/Include" -I"E:/nNote/3.1embedded_lab/embedded project/hardware/Rest-your-light/Drivers/CMSIS/Include"  -Og -g3 -Wall -fmessage-length=0 -ffunction-sections -c -fmessage-length=0 -MMD -MP -MF"Drivers/STM32F4xx_HAL_Driver/Src/stm32f4xx_hal_gpio.d" -MT"Drivers/STM32F4xx_HAL_Driver/Src/stm32f4xx_hal_gpio.o" -o "Drivers/STM32F4xx_HAL_Driver/Src/stm32f4xx_hal_gpio.o" "../Drivers/STM32F4xx_HAL_Driver/Src/stm32f4xx_hal_gpio.c"
Finished building: ../Drivers/STM32F4xx_HAL_Driver/Src/stm32f4xx_hal_gpio.c
 
Building file: ../Drivers/STM32F4xx_HAL_Driver/Src/stm32f4xx_hal_pwr.c
Invoking: MCU GCC Compiler
E:\nNote\3.1embedded_lab\embedded project\hardware\Rest-your-light\Debug
arm-none-eabi-gcc -mcpu=cortex-m4 -mthumb -mfloat-abi=hard -mfpu=fpv4-sp-d16 '-D__weak=__attribute__((weak))' '-D__packed=__attribute__((__packed__))' -DUSE_HAL_DRIVER -DSTM32F407xx -I"E:/nNote/3.1embedded_lab/embedded project/hardware/Rest-your-light/Inc" -I"E:/nNote/3.1embedded_lab/embedded project/hardware/Rest-your-light/Drivers/STM32F4xx_HAL_Driver/Inc" -I"E:/nNote/3.1embedded_lab/embedded project/hardware/Rest-your-light/Drivers/STM32F4xx_HAL_Driver/Inc/Legacy" -I"E:/nNote/3.1embedded_lab/embedded project/hardware/Rest-your-light/Drivers/CMSIS/Device/ST/STM32F4xx/Include" -I"E:/nNote/3.1embedded_lab/embedded project/hardware/Rest-your-light/Drivers/CMSIS/Include"  -Og -g3 -Wall -fmessage-length=0 -ffunction-sections -c -fmessage-length=0 -MMD -MP -MF"Drivers/STM32F4xx_HAL_Driver/Src/stm32f4xx_hal_pwr.d" -MT"Drivers/STM32F4xx_HAL_Driver/Src/stm32f4xx_hal_pwr.o" -o "Drivers/STM32F4xx_HAL_Driver/Src/stm32f4xx_hal_pwr.o" "../Drivers/STM32F4xx_HAL_Driver/Src/stm32f4xx_hal_pwr.c"
Finished building: ../Drivers/STM32F4xx_HAL_Driver/Src/stm32f4xx_hal_pwr.c
 
Building file: ../Drivers/STM32F4xx_HAL_Driver/Src/stm32f4xx_hal_pwr_ex.c
Invoking: MCU GCC Compiler
E:\nNote\3.1embedded_lab\embedded project\hardware\Rest-your-light\Debug
arm-none-eabi-gcc -mcpu=cortex-m4 -mthumb -mfloat-abi=hard -mfpu=fpv4-sp-d16 '-D__weak=__attribute__((weak))' '-D__packed=__attribute__((__packed__))' -DUSE_HAL_DRIVER -DSTM32F407xx -I"E:/nNote/3.1embedded_lab/embedded project/hardware/Rest-your-light/Inc" -I"E:/nNote/3.1embedded_lab/embedded project/hardware/Rest-your-light/Drivers/STM32F4xx_HAL_Driver/Inc" -I"E:/nNote/3.1embedded_lab/embedded project/hardware/Rest-your-light/Drivers/STM32F4xx_HAL_Driver/Inc/Legacy" -I"E:/nNote/3.1embedded_lab/embedded project/hardware/Rest-your-light/Drivers/CMSIS/Device/ST/STM32F4xx/Include" -I"E:/nNote/3.1embedded_lab/embedded project/hardware/Rest-your-light/Drivers/CMSIS/Include"  -Og -g3 -Wall -fmessage-length=0 -ffunction-sections -c -fmessage-length=0 -MMD -MP -MF"Drivers/STM32F4xx_HAL_Driver/Src/stm32f4xx_hal_pwr_ex.d" -MT"Drivers/STM32F4xx_HAL_Driver/Src/stm32f4xx_hal_pwr_ex.o" -o "Drivers/STM32F4xx_HAL_Driver/Src/stm32f4xx_hal_pwr_ex.o" "../Drivers/STM32F4xx_HAL_Driver/Src/stm32f4xx_hal_pwr_ex.c"
Finished building: ../Drivers/STM32F4xx_HAL_Driver/Src/stm32f4xx_hal_pwr_ex.c
 
Building file: ../Drivers/STM32F4xx_HAL_Driver/Src/stm32f4xx_hal_rcc.c
Invoking: MCU GCC Compiler
E:\nNote\3.1embedded_lab\embedded project\hardware\Rest-your-light\Debug
arm-none-eabi-gcc -mcpu=cortex-m4 -mthumb -mfloat-abi=hard -mfpu=fpv4-sp-d16 '-D__weak=__attribute__((weak))' '-D__packed=__attribute__((__packed__))' -DUSE_HAL_DRIVER -DSTM32F407xx -I"E:/nNote/3.1embedded_lab/embedded project/hardware/Rest-your-light/Inc" -I"E:/nNote/3.1embedded_lab/embedded project/hardware/Rest-your-light/Drivers/STM32F4xx_HAL_Driver/Inc" -I"E:/nNote/3.1embedded_lab/embedded project/hardware/Rest-your-light/Drivers/STM32F4xx_HAL_Driver/Inc/Legacy" -I"E:/nNote/3.1embedded_lab/embedded project/hardware/Rest-your-light/Drivers/CMSIS/Device/ST/STM32F4xx/Include" -I"E:/nNote/3.1embedded_lab/embedded project/hardware/Rest-your-light/Drivers/CMSIS/Include"  -Og -g3 -Wall -fmessage-length=0 -ffunction-sections -c -fmessage-length=0 -MMD -MP -MF"Drivers/STM32F4xx_HAL_Driver/Src/stm32f4xx_hal_rcc.d" -MT"Drivers/STM32F4xx_HAL_Driver/Src/stm32f4xx_hal_rcc.o" -o "Drivers/STM32F4xx_HAL_Driver/Src/stm32f4xx_hal_rcc.o" "../Drivers/STM32F4xx_HAL_Driver/Src/stm32f4xx_hal_rcc.c"
Finished building: ../Drivers/STM32F4xx_HAL_Driver/Src/stm32f4xx_hal_rcc.c
 
Building file: ../Drivers/STM32F4xx_HAL_Driver/Src/stm32f4xx_hal_rcc_ex.c
Invoking: MCU GCC Compiler
E:\nNote\3.1embedded_lab\embedded project\hardware\Rest-your-light\Debug
arm-none-eabi-gcc -mcpu=cortex-m4 -mthumb -mfloat-abi=hard -mfpu=fpv4-sp-d16 '-D__weak=__attribute__((weak))' '-D__packed=__attribute__((__packed__))' -DUSE_HAL_DRIVER -DSTM32F407xx -I"E:/nNote/3.1embedded_lab/embedded project/hardware/Rest-your-light/Inc" -I"E:/nNote/3.1embedded_lab/embedded project/hardware/Rest-your-light/Drivers/STM32F4xx_HAL_Driver/Inc" -I"E:/nNote/3.1embedded_lab/embedded project/hardware/Rest-your-light/Drivers/STM32F4xx_HAL_Driver/Inc/Legacy" -I"E:/nNote/3.1embedded_lab/embedded project/hardware/Rest-your-light/Drivers/CMSIS/Device/ST/STM32F4xx/Include" -I"E:/nNote/3.1embedded_lab/embedded project/hardware/Rest-your-light/Drivers/CMSIS/Include"  -Og -g3 -Wall -fmessage-length=0 -ffunction-sections -c -fmessage-length=0 -MMD -MP -MF"Drivers/STM32F4xx_HAL_Driver/Src/stm32f4xx_hal_rcc_ex.d" -MT"Drivers/STM32F4xx_HAL_Driver/Src/stm32f4xx_hal_rcc_ex.o" -o "Drivers/STM32F4xx_HAL_Driver/Src/stm32f4xx_hal_rcc_ex.o" "../Drivers/STM32F4xx_HAL_Driver/Src/stm32f4xx_hal_rcc_ex.c"
Finished building: ../Drivers/STM32F4xx_HAL_Driver/Src/stm32f4xx_hal_rcc_ex.c
 
Building file: ../Drivers/STM32F4xx_HAL_Driver/Src/stm32f4xx_hal_tim.c
Invoking: MCU GCC Compiler
E:\nNote\3.1embedded_lab\embedded project\hardware\Rest-your-light\Debug
arm-none-eabi-gcc -mcpu=cortex-m4 -mthumb -mfloat-abi=hard -mfpu=fpv4-sp-d16 '-D__weak=__attribute__((weak))' '-D__packed=__attribute__((__packed__))' -DUSE_HAL_DRIVER -DSTM32F407xx -I"E:/nNote/3.1embedded_lab/embedded project/hardware/Rest-your-light/Inc" -I"E:/nNote/3.1embedded_lab/embedded project/hardware/Rest-your-light/Drivers/STM32F4xx_HAL_Driver/Inc" -I"E:/nNote/3.1embedded_lab/embedded project/hardware/Rest-your-light/Drivers/STM32F4xx_HAL_Driver/Inc/Legacy" -I"E:/nNote/3.1embedded_lab/embedded project/hardware/Rest-your-light/Drivers/CMSIS/Device/ST/STM32F4xx/Include" -I"E:/nNote/3.1embedded_lab/embedded project/hardware/Rest-your-light/Drivers/CMSIS/Include"  -Og -g3 -Wall -fmessage-length=0 -ffunction-sections -c -fmessage-length=0 -MMD -MP -MF"Drivers/STM32F4xx_HAL_Driver/Src/stm32f4xx_hal_tim.d" -MT"Drivers/STM32F4xx_HAL_Driver/Src/stm32f4xx_hal_tim.o" -o "Drivers/STM32F4xx_HAL_Driver/Src/stm32f4xx_hal_tim.o" "../Drivers/STM32F4xx_HAL_Driver/Src/stm32f4xx_hal_tim.c"
Finished building: ../Drivers/STM32F4xx_HAL_Driver/Src/stm32f4xx_hal_tim.c
 
Building file: ../Drivers/STM32F4xx_HAL_Driver/Src/stm32f4xx_hal_tim_ex.c
Invoking: MCU GCC Compiler
E:\nNote\3.1embedded_lab\embedded project\hardware\Rest-your-light\Debug
arm-none-eabi-gcc -mcpu=cortex-m4 -mthumb -mfloat-abi=hard -mfpu=fpv4-sp-d16 '-D__weak=__attribute__((weak))' '-D__packed=__attribute__((__packed__))' -DUSE_HAL_DRIVER -DSTM32F407xx -I"E:/nNote/3.1embedded_lab/embedded project/hardware/Rest-your-light/Inc" -I"E:/nNote/3.1embedded_lab/embedded project/hardware/Rest-your-light/Drivers/STM32F4xx_HAL_Driver/Inc" -I"E:/nNote/3.1embedded_lab/embedded project/hardware/Rest-your-light/Drivers/STM32F4xx_HAL_Driver/Inc/Legacy" -I"E:/nNote/3.1embedded_lab/embedded project/hardware/Rest-your-light/Drivers/CMSIS/Device/ST/STM32F4xx/Include" -I"E:/nNote/3.1embedded_lab/embedded project/hardware/Rest-your-light/Drivers/CMSIS/Include"  -Og -g3 -Wall -fmessage-length=0 -ffunction-sections -c -fmessage-length=0 -MMD -MP -MF"Drivers/STM32F4xx_HAL_Driver/Src/stm32f4xx_hal_tim_ex.d" -MT"Drivers/STM32F4xx_HAL_Driver/Src/stm32f4xx_hal_tim_ex.o" -o "Drivers/STM32F4xx_HAL_Driver/Src/stm32f4xx_hal_tim_ex.o" "../Drivers/STM32F4xx_HAL_Driver/Src/stm32f4xx_hal_tim_ex.c"
Finished building: ../Drivers/STM32F4xx_HAL_Driver/Src/stm32f4xx_hal_tim_ex.c
 
Building file: ../Drivers/STM32F4xx_HAL_Driver/Src/stm32f4xx_hal_uart.c
Invoking: MCU GCC Compiler
E:\nNote\3.1embedded_lab\embedded project\hardware\Rest-your-light\Debug
arm-none-eabi-gcc -mcpu=cortex-m4 -mthumb -mfloat-abi=hard -mfpu=fpv4-sp-d16 '-D__weak=__attribute__((weak))' '-D__packed=__attribute__((__packed__))' -DUSE_HAL_DRIVER -DSTM32F407xx -I"E:/nNote/3.1embedded_lab/embedded project/hardware/Rest-your-light/Inc" -I"E:/nNote/3.1embedded_lab/embedded project/hardware/Rest-your-light/Drivers/STM32F4xx_HAL_Driver/Inc" -I"E:/nNote/3.1embedded_lab/embedded project/hardware/Rest-your-light/Drivers/STM32F4xx_HAL_Driver/Inc/Legacy" -I"E:/nNote/3.1embedded_lab/embedded project/hardware/Rest-your-light/Drivers/CMSIS/Device/ST/STM32F4xx/Include" -I"E:/nNote/3.1embedded_lab/embedded project/hardware/Rest-your-light/Drivers/CMSIS/Include"  -Og -g3 -Wall -fmessage-length=0 -ffunction-sections -c -fmessage-length=0 -MMD -MP -MF"Drivers/STM32F4xx_HAL_Driver/Src/stm32f4xx_hal_uart.d" -MT"Drivers/STM32F4xx_HAL_Driver/Src/stm32f4xx_hal_uart.o" -o "Drivers/STM32F4xx_HAL_Driver/Src/stm32f4xx_hal_uart.o" "../Drivers/STM32F4xx_HAL_Driver/Src/stm32f4xx_hal_uart.c"
Finished building: ../Drivers/STM32F4xx_HAL_Driver/Src/stm32f4xx_hal_uart.c
 
Building target: Rest-your-light.elf
Invoking: MCU GCC Linker
arm-none-eabi-gcc -mcpu=cortex-m4 -mthumb -mfloat-abi=hard -mfpu=fpv4-sp-d16 -specs=nosys.specs -specs=nano.specs -T"../STM32F407VGTx_FLASH.ld" -Wl,-Map=output.map -Wl,--gc-sections -o "Rest-your-light.elf" @"objects.list"   -lm
Finished building target: Rest-your-light.elf
 
make --no-print-directory post-build
Generating hex and Printing size information:
arm-none-eabi-objcopy -O ihex "Rest-your-light.elf" "Rest-your-light.hex"
arm-none-eabi-size "Rest-your-light.elf"
   text	   data	    bss	    dec	    hex	filename
  14460	    120	   1784	  16364	   3fec	Rest-your-light.elf
 
14:09:05 **** Incremental Build of configuration Debug for project Rest-your-light ****
make all 
Building file: ../Src/main.c
Invoking: MCU GCC Compiler
E:\nNote\3.1embedded_lab\embedded project\hardware\Rest-your-light\Debug
arm-none-eabi-gcc -mcpu=cortex-m4 -mthumb -mfloat-abi=hard -mfpu=fpv4-sp-d16 '-D__weak=__attribute__((weak))' '-D__packed=__attribute__((__packed__))' -DUSE_HAL_DRIVER -DSTM32F407xx -I"E:/nNote/3.1embedded_lab/embedded project/hardware/Rest-your-light/Inc" -I"E:/nNote/3.1embedded_lab/embedded project/hardware/Rest-your-light/Drivers/STM32F4xx_HAL_Driver/Inc" -I"E:/nNote/3.1embedded_lab/embedded project/hardware/Rest-your-light/Drivers/STM32F4xx_HAL_Driver/Inc/Legacy" -I"E:/nNote/3.1embedded_lab/embedded project/hardware/Rest-your-light/Drivers/CMSIS/Device/ST/STM32F4xx/Include" -I"E:/nNote/3.1embedded_lab/embedded project/hardware/Rest-your-light/Drivers/CMSIS/Include"  -Og -g3 -Wall -fmessage-length=0 -ffunction-sections -c -fmessage-length=0 -MMD -MP -MF"Src/main.d" -MT"Src/main.o" -o "Src/main.o" "../Src/main.c"
Finished building: ../Src/main.c
 
Building file: ../Src/stm32f4xx_hal_msp.c
Invoking: MCU GCC Compiler
E:\nNote\3.1embedded_lab\embedded project\hardware\Rest-your-light\Debug
arm-none-eabi-gcc -mcpu=cortex-m4 -mthumb -mfloat-abi=hard -mfpu=fpv4-sp-d16 '-D__weak=__attribute__((weak))' '-D__packed=__attribute__((__packed__))' -DUSE_HAL_DRIVER -DSTM32F407xx -I"E:/nNote/3.1embedded_lab/embedded project/hardware/Rest-your-light/Inc" -I"E:/nNote/3.1embedded_lab/embedded project/hardware/Rest-your-light/Drivers/STM32F4xx_HAL_Driver/Inc" -I"E:/nNote/3.1embedded_lab/embedded project/hardware/Rest-your-light/Drivers/STM32F4xx_HAL_Driver/Inc/Legacy" -I"E:/nNote/3.1embedded_lab/embedded project/hardware/Rest-your-light/Drivers/CMSIS/Device/ST/STM32F4xx/Include" -I"E:/nNote/3.1embedded_lab/embedded project/hardware/Rest-your-light/Drivers/CMSIS/Include"  -Og -g3 -Wall -fmessage-length=0 -ffunction-sections -c -fmessage-length=0 -MMD -MP -MF"Src/stm32f4xx_hal_msp.d" -MT"Src/stm32f4xx_hal_msp.o" -o "Src/stm32f4xx_hal_msp.o" "../Src/stm32f4xx_hal_msp.c"
Finished building: ../Src/stm32f4xx_hal_msp.c
 
Building file: ../Src/stm32f4xx_it.c
Invoking: MCU GCC Compiler
E:\nNote\3.1embedded_lab\embedded project\hardware\Rest-your-light\Debug
arm-none-eabi-gcc -mcpu=cortex-m4 -mthumb -mfloat-abi=hard -mfpu=fpv4-sp-d16 '-D__weak=__attribute__((weak))' '-D__packed=__attribute__((__packed__))' -DUSE_HAL_DRIVER -DSTM32F407xx -I"E:/nNote/3.1embedded_lab/embedded project/hardware/Rest-your-light/Inc" -I"E:/nNote/3.1embedded_lab/embedded project/hardware/Rest-your-light/Drivers/STM32F4xx_HAL_Driver/Inc" -I"E:/nNote/3.1embedded_lab/embedded project/hardware/Rest-your-light/Drivers/STM32F4xx_HAL_Driver/Inc/Legacy" -I"E:/nNote/3.1embedded_lab/embedded project/hardware/Rest-your-light/Drivers/CMSIS/Device/ST/STM32F4xx/Include" -I"E:/nNote/3.1embedded_lab/embedded project/hardware/Rest-your-light/Drivers/CMSIS/Include"  -Og -g3 -Wall -fmessage-length=0 -ffunction-sections -c -fmessage-length=0 -MMD -MP -MF"Src/stm32f4xx_it.d" -MT"Src/stm32f4xx_it.o" -o "Src/stm32f4xx_it.o" "../Src/stm32f4xx_it.c"
Finished building: ../Src/stm32f4xx_it.c
 
Building file: ../Src/system_stm32f4xx.c
Invoking: MCU GCC Compiler
E:\nNote\3.1embedded_lab\embedded project\hardware\Rest-your-light\Debug
arm-none-eabi-gcc -mcpu=cortex-m4 -mthumb -mfloat-abi=hard -mfpu=fpv4-sp-d16 '-D__weak=__attribute__((weak))' '-D__packed=__attribute__((__packed__))' -DUSE_HAL_DRIVER -DSTM32F407xx -I"E:/nNote/3.1embedded_lab/embedded project/hardware/Rest-your-light/Inc" -I"E:/nNote/3.1embedded_lab/embedded project/hardware/Rest-your-light/Drivers/STM32F4xx_HAL_Driver/Inc" -I"E:/nNote/3.1embedded_lab/embedded project/hardware/Rest-your-light/Drivers/STM32F4xx_HAL_Driver/Inc/Legacy" -I"E:/nNote/3.1embedded_lab/embedded project/hardware/Rest-your-light/Drivers/CMSIS/Device/ST/STM32F4xx/Include" -I"E:/nNote/3.1embedded_lab/embedded project/hardware/Rest-your-light/Drivers/CMSIS/Include"  -Og -g3 -Wall -fmessage-length=0 -ffunction-sections -c -fmessage-length=0 -MMD -MP -MF"Src/system_stm32f4xx.d" -MT"Src/system_stm32f4xx.o" -o "Src/system_stm32f4xx.o" "../Src/system_stm32f4xx.c"
Finished building: ../Src/system_stm32f4xx.c
 
Building file: ../Drivers/STM32F4xx_HAL_Driver/Src/stm32f4xx_hal.c
Invoking: MCU GCC Compiler
E:\nNote\3.1embedded_lab\embedded project\hardware\Rest-your-light\Debug
arm-none-eabi-gcc -mcpu=cortex-m4 -mthumb -mfloat-abi=hard -mfpu=fpv4-sp-d16 '-D__weak=__attribute__((weak))' '-D__packed=__attribute__((__packed__))' -DUSE_HAL_DRIVER -DSTM32F407xx -I"E:/nNote/3.1embedded_lab/embedded project/hardware/Rest-your-light/Inc" -I"E:/nNote/3.1embedded_lab/embedded project/hardware/Rest-your-light/Drivers/STM32F4xx_HAL_Driver/Inc" -I"E:/nNote/3.1embedded_lab/embedded project/hardware/Rest-your-light/Drivers/STM32F4xx_HAL_Driver/Inc/Legacy" -I"E:/nNote/3.1embedded_lab/embedded project/hardware/Rest-your-light/Drivers/CMSIS/Device/ST/STM32F4xx/Include" -I"E:/nNote/3.1embedded_lab/embedded project/hardware/Rest-your-light/Drivers/CMSIS/Include"  -Og -g3 -Wall -fmessage-length=0 -ffunction-sections -c -fmessage-length=0 -MMD -MP -MF"Drivers/STM32F4xx_HAL_Driver/Src/stm32f4xx_hal.d" -MT"Drivers/STM32F4xx_HAL_Driver/Src/stm32f4xx_hal.o" -o "Drivers/STM32F4xx_HAL_Driver/Src/stm32f4xx_hal.o" "../Drivers/STM32F4xx_HAL_Driver/Src/stm32f4xx_hal.c"
Finished building: ../Drivers/STM32F4xx_HAL_Driver/Src/stm32f4xx_hal.c
 
Building file: ../Drivers/STM32F4xx_HAL_Driver/Src/stm32f4xx_hal_adc.c
Invoking: MCU GCC Compiler
E:\nNote\3.1embedded_lab\embedded project\hardware\Rest-your-light\Debug
arm-none-eabi-gcc -mcpu=cortex-m4 -mthumb -mfloat-abi=hard -mfpu=fpv4-sp-d16 '-D__weak=__attribute__((weak))' '-D__packed=__attribute__((__packed__))' -DUSE_HAL_DRIVER -DSTM32F407xx -I"E:/nNote/3.1embedded_lab/embedded project/hardware/Rest-your-light/Inc" -I"E:/nNote/3.1embedded_lab/embedded project/hardware/Rest-your-light/Drivers/STM32F4xx_HAL_Driver/Inc" -I"E:/nNote/3.1embedded_lab/embedded project/hardware/Rest-your-light/Drivers/STM32F4xx_HAL_Driver/Inc/Legacy" -I"E:/nNote/3.1embedded_lab/embedded project/hardware/Rest-your-light/Drivers/CMSIS/Device/ST/STM32F4xx/Include" -I"E:/nNote/3.1embedded_lab/embedded project/hardware/Rest-your-light/Drivers/CMSIS/Include"  -Og -g3 -Wall -fmessage-length=0 -ffunction-sections -c -fmessage-length=0 -MMD -MP -MF"Drivers/STM32F4xx_HAL_Driver/Src/stm32f4xx_hal_adc.d" -MT"Drivers/STM32F4xx_HAL_Driver/Src/stm32f4xx_hal_adc.o" -o "Drivers/STM32F4xx_HAL_Driver/Src/stm32f4xx_hal_adc.o" "../Drivers/STM32F4xx_HAL_Driver/Src/stm32f4xx_hal_adc.c"
Finished building: ../Drivers/STM32F4xx_HAL_Driver/Src/stm32f4xx_hal_adc.c
 
Building file: ../Drivers/STM32F4xx_HAL_Driver/Src/stm32f4xx_hal_adc_ex.c
Invoking: MCU GCC Compiler
E:\nNote\3.1embedded_lab\embedded project\hardware\Rest-your-light\Debug
arm-none-eabi-gcc -mcpu=cortex-m4 -mthumb -mfloat-abi=hard -mfpu=fpv4-sp-d16 '-D__weak=__attribute__((weak))' '-D__packed=__attribute__((__packed__))' -DUSE_HAL_DRIVER -DSTM32F407xx -I"E:/nNote/3.1embedded_lab/embedded project/hardware/Rest-your-light/Inc" -I"E:/nNote/3.1embedded_lab/embedded project/hardware/Rest-your-light/Drivers/STM32F4xx_HAL_Driver/Inc" -I"E:/nNote/3.1embedded_lab/embedded project/hardware/Rest-your-light/Drivers/STM32F4xx_HAL_Driver/Inc/Legacy" -I"E:/nNote/3.1embedded_lab/embedded project/hardware/Rest-your-light/Drivers/CMSIS/Device/ST/STM32F4xx/Include" -I"E:/nNote/3.1embedded_lab/embedded project/hardware/Rest-your-light/Drivers/CMSIS/Include"  -Og -g3 -Wall -fmessage-length=0 -ffunction-sections -c -fmessage-length=0 -MMD -MP -MF"Drivers/STM32F4xx_HAL_Driver/Src/stm32f4xx_hal_adc_ex.d" -MT"Drivers/STM32F4xx_HAL_Driver/Src/stm32f4xx_hal_adc_ex.o" -o "Drivers/STM32F4xx_HAL_Driver/Src/stm32f4xx_hal_adc_ex.o" "../Drivers/STM32F4xx_HAL_Driver/Src/stm32f4xx_hal_adc_ex.c"
Finished building: ../Drivers/STM32F4xx_HAL_Driver/Src/stm32f4xx_hal_adc_ex.c
 
Building file: ../Drivers/STM32F4xx_HAL_Driver/Src/stm32f4xx_hal_cortex.c
Invoking: MCU GCC Compiler
E:\nNote\3.1embedded_lab\embedded project\hardware\Rest-your-light\Debug
arm-none-eabi-gcc -mcpu=cortex-m4 -mthumb -mfloat-abi=hard -mfpu=fpv4-sp-d16 '-D__weak=__attribute__((weak))' '-D__packed=__attribute__((__packed__))' -DUSE_HAL_DRIVER -DSTM32F407xx -I"E:/nNote/3.1embedded_lab/embedded project/hardware/Rest-your-light/Inc" -I"E:/nNote/3.1embedded_lab/embedded project/hardware/Rest-your-light/Drivers/STM32F4xx_HAL_Driver/Inc" -I"E:/nNote/3.1embedded_lab/embedded project/hardware/Rest-your-light/Drivers/STM32F4xx_HAL_Driver/Inc/Legacy" -I"E:/nNote/3.1embedded_lab/embedded project/hardware/Rest-your-light/Drivers/CMSIS/Device/ST/STM32F4xx/Include" -I"E:/nNote/3.1embedded_lab/embedded project/hardware/Rest-your-light/Drivers/CMSIS/Include"  -Og -g3 -Wall -fmessage-length=0 -ffunction-sections -c -fmessage-length=0 -MMD -MP -MF"Drivers/STM32F4xx_HAL_Driver/Src/stm32f4xx_hal_cortex.d" -MT"Drivers/STM32F4xx_HAL_Driver/Src/stm32f4xx_hal_cortex.o" -o "Drivers/STM32F4xx_HAL_Driver/Src/stm32f4xx_hal_cortex.o" "../Drivers/STM32F4xx_HAL_Driver/Src/stm32f4xx_hal_cortex.c"
Finished building: ../Drivers/STM32F4xx_HAL_Driver/Src/stm32f4xx_hal_cortex.c
 
Building file: ../Drivers/STM32F4xx_HAL_Driver/Src/stm32f4xx_hal_dma.c
Invoking: MCU GCC Compiler
E:\nNote\3.1embedded_lab\embedded project\hardware\Rest-your-light\Debug
arm-none-eabi-gcc -mcpu=cortex-m4 -mthumb -mfloat-abi=hard -mfpu=fpv4-sp-d16 '-D__weak=__attribute__((weak))' '-D__packed=__attribute__((__packed__))' -DUSE_HAL_DRIVER -DSTM32F407xx -I"E:/nNote/3.1embedded_lab/embedded project/hardware/Rest-your-light/Inc" -I"E:/nNote/3.1embedded_lab/embedded project/hardware/Rest-your-light/Drivers/STM32F4xx_HAL_Driver/Inc" -I"E:/nNote/3.1embedded_lab/embedded project/hardware/Rest-your-light/Drivers/STM32F4xx_HAL_Driver/Inc/Legacy" -I"E:/nNote/3.1embedded_lab/embedded project/hardware/Rest-your-light/Drivers/CMSIS/Device/ST/STM32F4xx/Include" -I"E:/nNote/3.1embedded_lab/embedded project/hardware/Rest-your-light/Drivers/CMSIS/Include"  -Og -g3 -Wall -fmessage-length=0 -ffunction-sections -c -fmessage-length=0 -MMD -MP -MF"Drivers/STM32F4xx_HAL_Driver/Src/stm32f4xx_hal_dma.d" -MT"Drivers/STM32F4xx_HAL_Driver/Src/stm32f4xx_hal_dma.o" -o "Drivers/STM32F4xx_HAL_Driver/Src/stm32f4xx_hal_dma.o" "../Drivers/STM32F4xx_HAL_Driver/Src/stm32f4xx_hal_dma.c"
Finished building: ../Drivers/STM32F4xx_HAL_Driver/Src/stm32f4xx_hal_dma.c
 
Building file: ../Drivers/STM32F4xx_HAL_Driver/Src/stm32f4xx_hal_dma_ex.c
Invoking: MCU GCC Compiler
E:\nNote\3.1embedded_lab\embedded project\hardware\Rest-your-light\Debug
arm-none-eabi-gcc -mcpu=cortex-m4 -mthumb -mfloat-abi=hard -mfpu=fpv4-sp-d16 '-D__weak=__attribute__((weak))' '-D__packed=__attribute__((__packed__))' -DUSE_HAL_DRIVER -DSTM32F407xx -I"E:/nNote/3.1embedded_lab/embedded project/hardware/Rest-your-light/Inc" -I"E:/nNote/3.1embedded_lab/embedded project/hardware/Rest-your-light/Drivers/STM32F4xx_HAL_Driver/Inc" -I"E:/nNote/3.1embedded_lab/embedded project/hardware/Rest-your-light/Drivers/STM32F4xx_HAL_Driver/Inc/Legacy" -I"E:/nNote/3.1embedded_lab/embedded project/hardware/Rest-your-light/Drivers/CMSIS/Device/ST/STM32F4xx/Include" -I"E:/nNote/3.1embedded_lab/embedded project/hardware/Rest-your-light/Drivers/CMSIS/Include"  -Og -g3 -Wall -fmessage-length=0 -ffunction-sections -c -fmessage-length=0 -MMD -MP -MF"Drivers/STM32F4xx_HAL_Driver/Src/stm32f4xx_hal_dma_ex.d" -MT"Drivers/STM32F4xx_HAL_Driver/Src/stm32f4xx_hal_dma_ex.o" -o "Drivers/STM32F4xx_HAL_Driver/Src/stm32f4xx_hal_dma_ex.o" "../Drivers/STM32F4xx_HAL_Driver/Src/stm32f4xx_hal_dma_ex.c"
Finished building: ../Drivers/STM32F4xx_HAL_Driver/Src/stm32f4xx_hal_dma_ex.c
 
Building file: ../Drivers/STM32F4xx_HAL_Driver/Src/stm32f4xx_hal_flash.c
Invoking: MCU GCC Compiler
E:\nNote\3.1embedded_lab\embedded project\hardware\Rest-your-light\Debug
arm-none-eabi-gcc -mcpu=cortex-m4 -mthumb -mfloat-abi=hard -mfpu=fpv4-sp-d16 '-D__weak=__attribute__((weak))' '-D__packed=__attribute__((__packed__))' -DUSE_HAL_DRIVER -DSTM32F407xx -I"E:/nNote/3.1embedded_lab/embedded project/hardware/Rest-your-light/Inc" -I"E:/nNote/3.1embedded_lab/embedded project/hardware/Rest-your-light/Drivers/STM32F4xx_HAL_Driver/Inc" -I"E:/nNote/3.1embedded_lab/embedded project/hardware/Rest-your-light/Drivers/STM32F4xx_HAL_Driver/Inc/Legacy" -I"E:/nNote/3.1embedded_lab/embedded project/hardware/Rest-your-light/Drivers/CMSIS/Device/ST/STM32F4xx/Include" -I"E:/nNote/3.1embedded_lab/embedded project/hardware/Rest-your-light/Drivers/CMSIS/Include"  -Og -g3 -Wall -fmessage-length=0 -ffunction-sections -c -fmessage-length=0 -MMD -MP -MF"Drivers/STM32F4xx_HAL_Driver/Src/stm32f4xx_hal_flash.d" -MT"Drivers/STM32F4xx_HAL_Driver/Src/stm32f4xx_hal_flash.o" -o "Drivers/STM32F4xx_HAL_Driver/Src/stm32f4xx_hal_flash.o" "../Drivers/STM32F4xx_HAL_Driver/Src/stm32f4xx_hal_flash.c"
Finished building: ../Drivers/STM32F4xx_HAL_Driver/Src/stm32f4xx_hal_flash.c
 
Building file: ../Drivers/STM32F4xx_HAL_Driver/Src/stm32f4xx_hal_flash_ex.c
Invoking: MCU GCC Compiler
E:\nNote\3.1embedded_lab\embedded project\hardware\Rest-your-light\Debug
arm-none-eabi-gcc -mcpu=cortex-m4 -mthumb -mfloat-abi=hard -mfpu=fpv4-sp-d16 '-D__weak=__attribute__((weak))' '-D__packed=__attribute__((__packed__))' -DUSE_HAL_DRIVER -DSTM32F407xx -I"E:/nNote/3.1embedded_lab/embedded project/hardware/Rest-your-light/Inc" -I"E:/nNote/3.1embedded_lab/embedded project/hardware/Rest-your-light/Drivers/STM32F4xx_HAL_Driver/Inc" -I"E:/nNote/3.1embedded_lab/embedded project/hardware/Rest-your-light/Drivers/STM32F4xx_HAL_Driver/Inc/Legacy" -I"E:/nNote/3.1embedded_lab/embedded project/hardware/Rest-your-light/Drivers/CMSIS/Device/ST/STM32F4xx/Include" -I"E:/nNote/3.1embedded_lab/embedded project/hardware/Rest-your-light/Drivers/CMSIS/Include"  -Og -g3 -Wall -fmessage-length=0 -ffunction-sections -c -fmessage-length=0 -MMD -MP -MF"Drivers/STM32F4xx_HAL_Driver/Src/stm32f4xx_hal_flash_ex.d" -MT"Drivers/STM32F4xx_HAL_Driver/Src/stm32f4xx_hal_flash_ex.o" -o "Drivers/STM32F4xx_HAL_Driver/Src/stm32f4xx_hal_flash_ex.o" "../Drivers/STM32F4xx_HAL_Driver/Src/stm32f4xx_hal_flash_ex.c"
Finished building: ../Drivers/STM32F4xx_HAL_Driver/Src/stm32f4xx_hal_flash_ex.c
 
Building file: ../Drivers/STM32F4xx_HAL_Driver/Src/stm32f4xx_hal_flash_ramfunc.c
Invoking: MCU GCC Compiler
E:\nNote\3.1embedded_lab\embedded project\hardware\Rest-your-light\Debug
arm-none-eabi-gcc -mcpu=cortex-m4 -mthumb -mfloat-abi=hard -mfpu=fpv4-sp-d16 '-D__weak=__attribute__((weak))' '-D__packed=__attribute__((__packed__))' -DUSE_HAL_DRIVER -DSTM32F407xx -I"E:/nNote/3.1embedded_lab/embedded project/hardware/Rest-your-light/Inc" -I"E:/nNote/3.1embedded_lab/embedded project/hardware/Rest-your-light/Drivers/STM32F4xx_HAL_Driver/Inc" -I"E:/nNote/3.1embedded_lab/embedded project/hardware/Rest-your-light/Drivers/STM32F4xx_HAL_Driver/Inc/Legacy" -I"E:/nNote/3.1embedded_lab/embedded project/hardware/Rest-your-light/Drivers/CMSIS/Device/ST/STM32F4xx/Include" -I"E:/nNote/3.1embedded_lab/embedded project/hardware/Rest-your-light/Drivers/CMSIS/Include"  -Og -g3 -Wall -fmessage-length=0 -ffunction-sections -c -fmessage-length=0 -MMD -MP -MF"Drivers/STM32F4xx_HAL_Driver/Src/stm32f4xx_hal_flash_ramfunc.d" -MT"Drivers/STM32F4xx_HAL_Driver/Src/stm32f4xx_hal_flash_ramfunc.o" -o "Drivers/STM32F4xx_HAL_Driver/Src/stm32f4xx_hal_flash_ramfunc.o" "../Drivers/STM32F4xx_HAL_Driver/Src/stm32f4xx_hal_flash_ramfunc.c"
Finished building: ../Drivers/STM32F4xx_HAL_Driver/Src/stm32f4xx_hal_flash_ramfunc.c
 
Building file: ../Drivers/STM32F4xx_HAL_Driver/Src/stm32f4xx_hal_gpio.c
Invoking: MCU GCC Compiler
E:\nNote\3.1embedded_lab\embedded project\hardware\Rest-your-light\Debug
arm-none-eabi-gcc -mcpu=cortex-m4 -mthumb -mfloat-abi=hard -mfpu=fpv4-sp-d16 '-D__weak=__attribute__((weak))' '-D__packed=__attribute__((__packed__))' -DUSE_HAL_DRIVER -DSTM32F407xx -I"E:/nNote/3.1embedded_lab/embedded project/hardware/Rest-your-light/Inc" -I"E:/nNote/3.1embedded_lab/embedded project/hardware/Rest-your-light/Drivers/STM32F4xx_HAL_Driver/Inc" -I"E:/nNote/3.1embedded_lab/embedded project/hardware/Rest-your-light/Drivers/STM32F4xx_HAL_Driver/Inc/Legacy" -I"E:/nNote/3.1embedded_lab/embedded project/hardware/Rest-your-light/Drivers/CMSIS/Device/ST/STM32F4xx/Include" -I"E:/nNote/3.1embedded_lab/embedded project/hardware/Rest-your-light/Drivers/CMSIS/Include"  -Og -g3 -Wall -fmessage-length=0 -ffunction-sections -c -fmessage-length=0 -MMD -MP -MF"Drivers/STM32F4xx_HAL_Driver/Src/stm32f4xx_hal_gpio.d" -MT"Drivers/STM32F4xx_HAL_Driver/Src/stm32f4xx_hal_gpio.o" -o "Drivers/STM32F4xx_HAL_Driver/Src/stm32f4xx_hal_gpio.o" "../Drivers/STM32F4xx_HAL_Driver/Src/stm32f4xx_hal_gpio.c"
Finished building: ../Drivers/STM32F4xx_HAL_Driver/Src/stm32f4xx_hal_gpio.c
 
Building file: ../Drivers/STM32F4xx_HAL_Driver/Src/stm32f4xx_hal_pwr.c
Invoking: MCU GCC Compiler
E:\nNote\3.1embedded_lab\embedded project\hardware\Rest-your-light\Debug
arm-none-eabi-gcc -mcpu=cortex-m4 -mthumb -mfloat-abi=hard -mfpu=fpv4-sp-d16 '-D__weak=__attribute__((weak))' '-D__packed=__attribute__((__packed__))' -DUSE_HAL_DRIVER -DSTM32F407xx -I"E:/nNote/3.1embedded_lab/embedded project/hardware/Rest-your-light/Inc" -I"E:/nNote/3.1embedded_lab/embedded project/hardware/Rest-your-light/Drivers/STM32F4xx_HAL_Driver/Inc" -I"E:/nNote/3.1embedded_lab/embedded project/hardware/Rest-your-light/Drivers/STM32F4xx_HAL_Driver/Inc/Legacy" -I"E:/nNote/3.1embedded_lab/embedded project/hardware/Rest-your-light/Drivers/CMSIS/Device/ST/STM32F4xx/Include" -I"E:/nNote/3.1embedded_lab/embedded project/hardware/Rest-your-light/Drivers/CMSIS/Include"  -Og -g3 -Wall -fmessage-length=0 -ffunction-sections -c -fmessage-length=0 -MMD -MP -MF"Drivers/STM32F4xx_HAL_Driver/Src/stm32f4xx_hal_pwr.d" -MT"Drivers/STM32F4xx_HAL_Driver/Src/stm32f4xx_hal_pwr.o" -o "Drivers/STM32F4xx_HAL_Driver/Src/stm32f4xx_hal_pwr.o" "../Drivers/STM32F4xx_HAL_Driver/Src/stm32f4xx_hal_pwr.c"
Finished building: ../Drivers/STM32F4xx_HAL_Driver/Src/stm32f4xx_hal_pwr.c
 
Building file: ../Drivers/STM32F4xx_HAL_Driver/Src/stm32f4xx_hal_pwr_ex.c
Invoking: MCU GCC Compiler
E:\nNote\3.1embedded_lab\embedded project\hardware\Rest-your-light\Debug
arm-none-eabi-gcc -mcpu=cortex-m4 -mthumb -mfloat-abi=hard -mfpu=fpv4-sp-d16 '-D__weak=__attribute__((weak))' '-D__packed=__attribute__((__packed__))' -DUSE_HAL_DRIVER -DSTM32F407xx -I"E:/nNote/3.1embedded_lab/embedded project/hardware/Rest-your-light/Inc" -I"E:/nNote/3.1embedded_lab/embedded project/hardware/Rest-your-light/Drivers/STM32F4xx_HAL_Driver/Inc" -I"E:/nNote/3.1embedded_lab/embedded project/hardware/Rest-your-light/Drivers/STM32F4xx_HAL_Driver/Inc/Legacy" -I"E:/nNote/3.1embedded_lab/embedded project/hardware/Rest-your-light/Drivers/CMSIS/Device/ST/STM32F4xx/Include" -I"E:/nNote/3.1embedded_lab/embedded project/hardware/Rest-your-light/Drivers/CMSIS/Include"  -Og -g3 -Wall -fmessage-length=0 -ffunction-sections -c -fmessage-length=0 -MMD -MP -MF"Drivers/STM32F4xx_HAL_Driver/Src/stm32f4xx_hal_pwr_ex.d" -MT"Drivers/STM32F4xx_HAL_Driver/Src/stm32f4xx_hal_pwr_ex.o" -o "Drivers/STM32F4xx_HAL_Driver/Src/stm32f4xx_hal_pwr_ex.o" "../Drivers/STM32F4xx_HAL_Driver/Src/stm32f4xx_hal_pwr_ex.c"
Finished building: ../Drivers/STM32F4xx_HAL_Driver/Src/stm32f4xx_hal_pwr_ex.c
 
Building file: ../Drivers/STM32F4xx_HAL_Driver/Src/stm32f4xx_hal_rcc.c
Invoking: MCU GCC Compiler
[...]
Finished building: ../Src/main.c
 
Building target: Rest-your-light.elf
Invoking: MCU GCC Linker
arm-none-eabi-gcc -mcpu=cortex-m4 -mthumb -mfloat-abi=hard -mfpu=fpv4-sp-d16 -specs=nosys.specs -specs=nano.specs -T"../STM32F407VGTx_FLASH.ld" -Wl,-Map=output.map -Wl,--gc-sections -o "Rest-your-light.elf" @"objects.list"   -lm
Finished building target: Rest-your-light.elf
 
make --no-print-directory post-build
Generating hex and Printing size information:
arm-none-eabi-objcopy -O ihex "Rest-your-light.elf" "Rest-your-light.hex"
arm-none-eabi-size "Rest-your-light.elf"
   text	   data	    bss	    dec	    hex	filename
  15568	    120	   1840	  17528	   4478	Rest-your-light.elf
 
15:59:12 **** Incremental Build of configuration Debug for project Rest-your-light ****
make all 
Building file: ../Src/main.c
Invoking: MCU GCC Compiler
E:\nNote\3.1embedded_lab\embedded project\hardware\Rest-your-light\Debug
arm-none-eabi-gcc -mcpu=cortex-m4 -mthumb -mfloat-abi=hard -mfpu=fpv4-sp-d16 '-D__weak=__attribute__((weak))' '-D__packed=__attribute__((__packed__))' -DUSE_HAL_DRIVER -DSTM32F407xx -I"E:/nNote/3.1embedded_lab/embedded project/hardware/Rest-your-light/Inc" -I"E:/nNote/3.1embedded_lab/embedded project/hardware/Rest-your-light/Drivers/STM32F4xx_HAL_Driver/Inc" -I"E:/nNote/3.1embedded_lab/embedded project/hardware/Rest-your-light/Drivers/STM32F4xx_HAL_Driver/Inc/Legacy" -I"E:/nNote/3.1embedded_lab/embedded project/hardware/Rest-your-light/Drivers/CMSIS/Device/ST/STM32F4xx/Include" -I"E:/nNote/3.1embedded_lab/embedded project/hardware/Rest-your-light/Drivers/CMSIS/Include"  -Og -g3 -Wall -fmessage-length=0 -ffunction-sections -c -fmessage-length=0 -MMD -MP -MF"Src/main.d" -MT"Src/main.o" -o "Src/main.o" "../Src/main.c"
Finished building: ../Src/main.c
 
Building target: Rest-your-light.elf
Invoking: MCU GCC Linker
arm-none-eabi-gcc -mcpu=cortex-m4 -mthumb -mfloat-abi=hard -mfpu=fpv4-sp-d16 -specs=nosys.specs -specs=nano.specs -T"../STM32F407VGTx_FLASH.ld" -Wl,-Map=output.map -Wl,--gc-sections -o "Rest-your-light.elf" @"objects.list"   -lm
Finished building target: Rest-your-light.elf
 
make --no-print-directory post-build
Generating hex and Printing size information:
arm-none-eabi-objcopy -O ihex "Rest-your-light.elf" "Rest-your-light.hex"
arm-none-eabi-size "Rest-your-light.elf"
   text	   data	    bss	    dec	    hex	filename
  15564	    120	   1840	  17524	   4474	Rest-your-light.elf
 
16:00:49 **** Incremental Build of configuration Debug for project Rest-your-light ****
make all 
Building file: ../Src/main.c
Invoking: MCU GCC Compiler
E:\nNote\3.1embedded_lab\embedded project\hardware\Rest-your-light\Debug
arm-none-eabi-gcc -mcpu=cortex-m4 -mthumb -mfloat-abi=hard -mfpu=fpv4-sp-d16 '-D__weak=__attribute__((weak))' '-D__packed=__attribute__((__packed__))' -DUSE_HAL_DRIVER -DSTM32F407xx -I"E:/nNote/3.1embedded_lab/embedded project/hardware/Rest-your-light/Inc" -I"E:/nNote/3.1embedded_lab/embedded project/hardware/Rest-your-light/Drivers/STM32F4xx_HAL_Driver/Inc" -I"E:/nNote/3.1embedded_lab/embedded project/hardware/Rest-your-light/Drivers/STM32F4xx_HAL_Driver/Inc/Legacy" -I"E:/nNote/3.1embedded_lab/embedded project/hardware/Rest-your-light/Drivers/CMSIS/Device/ST/STM32F4xx/Include" -I"E:/nNote/3.1embedded_lab/embedded project/hardware/Rest-your-light/Drivers/CMSIS/Include"  -Og -g3 -Wall -fmessage-length=0 -ffunction-sections -c -fmessage-length=0 -MMD -MP -MF"Src/main.d" -MT"Src/main.o" -o "Src/main.o" "../Src/main.c"
Finished building: ../Src/main.c
 
Building target: Rest-your-light.elf
Invoking: MCU GCC Linker
arm-none-eabi-gcc -mcpu=cortex-m4 -mthumb -mfloat-abi=hard -mfpu=fpv4-sp-d16 -specs=nosys.specs -specs=nano.specs -T"../STM32F407VGTx_FLASH.ld" -Wl,-Map=output.map -Wl,--gc-sections -o "Rest-your-light.elf" @"objects.list"   -lm
Finished building target: Rest-your-light.elf
 
make --no-print-directory post-build
Generating hex and Printing size information:
arm-none-eabi-objcopy -O ihex "Rest-your-light.elf" "Rest-your-light.hex"
arm-none-eabi-size "Rest-your-light.elf"
   text	   data	    bss	    dec	    hex	filename
  13120	     20	   1828	  14968	   3a78	Rest-your-light.elf
 
16:01:53 **** Incremental Build of configuration Debug for project Rest-your-light ****
make all 
Building file: ../Src/main.c
Invoking: MCU GCC Compiler
E:\nNote\3.1embedded_lab\embedded project\hardware\Rest-your-light\Debug
arm-none-eabi-gcc -mcpu=cortex-m4 -mthumb -mfloat-abi=hard -mfpu=fpv4-sp-d16 '-D__weak=__attribute__((weak))' '-D__packed=__attribute__((__packed__))' -DUSE_HAL_DRIVER -DSTM32F407xx -I"E:/nNote/3.1embedded_lab/embedded project/hardware/Rest-your-light/Inc" -I"E:/nNote/3.1embedded_lab/embedded project/hardware/Rest-your-light/Drivers/STM32F4xx_HAL_Driver/Inc" -I"E:/nNote/3.1embedded_lab/embedded project/hardware/Rest-your-light/Drivers/STM32F4xx_HAL_Driver/Inc/Legacy" -I"E:/nNote/3.1embedded_lab/embedded project/hardware/Rest-your-light/Drivers/CMSIS/Device/ST/STM32F4xx/Include" -I"E:/nNote/3.1embedded_lab/embedded project/hardware/Rest-your-light/Drivers/CMSIS/Include"  -Og -g3 -Wall -fmessage-length=0 -ffunction-sections -c -fmessage-length=0 -MMD -MP -MF"Src/main.d" -MT"Src/main.o" -o "Src/main.o" "../Src/main.c"
Finished building: ../Src/main.c
 
Building target: Rest-your-light.elf
Invoking: MCU GCC Linker
arm-none-eabi-gcc -mcpu=cortex-m4 -mthumb -mfloat-abi=hard -mfpu=fpv4-sp-d16 -specs=nosys.specs -specs=nano.specs -T"../STM32F407VGTx_FLASH.ld" -Wl,-Map=output.map -Wl,--gc-sections -o "Rest-your-light.elf" @"objects.list"   -lm
Finished building target: Rest-your-light.elf
 
make --no-print-directory post-build
Generating hex and Printing size information:
arm-none-eabi-objcopy -O ihex "Rest-your-light.elf" "Rest-your-light.hex"
arm-none-eabi-size "Rest-your-light.elf"
   text	   data	    bss	    dec	    hex	filename
  13120	     20	   1828	  14968	   3a78	Rest-your-light.elf
 
16:04:29 **** Incremental Build of configuration Debug for project Rest-your-light ****
make all 
Building file: ../Src/main.c
Invoking: MCU GCC Compiler
E:\nNote\3.1embedded_lab\embedded project\hardware\Rest-your-light\Debug
arm-none-eabi-gcc -mcpu=cortex-m4 -mthumb -mfloat-abi=hard -mfpu=fpv4-sp-d16 '-D__weak=__attribute__((weak))' '-D__packed=__attribute__((__packed__))' -DUSE_HAL_DRIVER -DSTM32F407xx -I"E:/nNote/3.1embedded_lab/embedded project/hardware/Rest-your-light/Inc" -I"E:/nNote/3.1embedded_lab/embedded project/hardware/Rest-your-light/Drivers/STM32F4xx_HAL_Driver/Inc" -I"E:/nNote/3.1embedded_lab/embedded project/hardware/Rest-your-light/Drivers/STM32F4xx_HAL_Driver/Inc/Legacy" -I"E:/nNote/3.1embedded_lab/embedded project/hardware/Rest-your-light/Drivers/CMSIS/Device/ST/STM32F4xx/Include" -I"E:/nNote/3.1embedded_lab/embedded project/hardware/Rest-your-light/Drivers/CMSIS/Include"  -Og -g3 -Wall -fmessage-length=0 -ffunction-sections -c -fmessage-length=0 -MMD -MP -MF"Src/main.d" -MT"Src/main.o" -o "Src/main.o" "../Src/main.c"
Finished building: ../Src/main.c
 
Building target: Rest-your-light.elf
Invoking: MCU GCC Linker
arm-none-eabi-gcc -mcpu=cortex-m4 -mthumb -mfloat-abi=hard -mfpu=fpv4-sp-d16 -specs=nosys.specs -specs=nano.specs -T"../STM32F407VGTx_FLASH.ld" -Wl,-Map=output.map -Wl,--gc-sections -o "Rest-your-light.elf" @"objects.list"   -lm
Finished building target: Rest-your-light.elf
 
make --no-print-directory post-build
Generating hex and Printing size information:
arm-none-eabi-objcopy -O ihex "Rest-your-light.elf" "Rest-your-light.hex"
arm-none-eabi-size "Rest-your-light.elf"
   text	   data	    bss	    dec	    hex	filename
  13120	     20	   1828	  14968	   3a78	Rest-your-light.elf
 
16:32:17 **** Incremental Build of configuration Debug for project Rest-your-light ****
make all 
Building file: ../Src/main.c
Invoking: MCU GCC Compiler
E:\nNote\3.1embedded_lab\embedded project\hardware\Rest-your-light\Debug
arm-none-eabi-gcc -mcpu=cortex-m4 -mthumb -mfloat-abi=hard -mfpu=fpv4-sp-d16 '-D__weak=__attribute__((weak))' '-D__packed=__attribute__((__packed__))' -DUSE_HAL_DRIVER -DSTM32F407xx -I"E:/nNote/3.1embedded_lab/embedded project/hardware/Rest-your-light/Inc" -I"E:/nNote/3.1embedded_lab/embedded project/hardware/Rest-your-light/Drivers/STM32F4xx_HAL_Driver/Inc" -I"E:/nNote/3.1embedded_lab/embedded project/hardware/Rest-your-light/Drivers/STM32F4xx_HAL_Driver/Inc/Legacy" -I"E:/nNote/3.1embedded_lab/embedded project/hardware/Rest-your-light/Drivers/CMSIS/Device/ST/STM32F4xx/Include" -I"E:/nNote/3.1embedded_lab/embedded project/hardware/Rest-your-light/Drivers/CMSIS/Include"  -Og -g3 -Wall -fmessage-length=0 -ffunction-sections -c -fmessage-length=0 -MMD -MP -MF"Src/main.d" -MT"Src/main.o" -o "Src/main.o" "../Src/main.c"
Finished building: ../Src/main.c
 
Building target: Rest-your-light.elf
Invoking: MCU GCC Linker
arm-none-eabi-gcc -mcpu=cortex-m4 -mthumb -mfloat-abi=hard -mfpu=fpv4-sp-d16 -specs=nosys.specs -specs=nano.specs -T"../STM32F407VGTx_FLASH.ld" -Wl,-Map=output.map -Wl,--gc-sections -o "Rest-your-light.elf" @"objects.list"   -lm
Finished building target: Rest-your-light.elf
 
make --no-print-directory post-build
Generating hex and Printing size information:
arm-none-eabi-objcopy -O ihex "Rest-your-light.elf" "Rest-your-light.hex"
arm-none-eabi-size "Rest-your-light.elf"
   text	   data	    bss	    dec	    hex	filename
  13116	     20	   1828	  14964	   3a74	Rest-your-light.elf
 
02:41:56 **** Incremental Build of configuration Debug for project Rest-your-light ****
make all 
Building file: ../Src/main.c
Invoking: MCU GCC Compiler
E:\nNote\3.1embedded_lab\embedded project\hardware\Rest-your-light\Debug
arm-none-eabi-gcc -mcpu=cortex-m4 -mthumb -mfloat-abi=hard -mfpu=fpv4-sp-d16 '-D__weak=__attribute__((weak))' '-D__packed=__attribute__((__packed__))' -DUSE_HAL_DRIVER -DSTM32F407xx -I"E:/nNote/3.1embedded_lab/embedded project/hardware/Rest-your-light/Inc" -I"E:/nNote/3.1embedded_lab/embedded project/hardware/Rest-your-light/Drivers/STM32F4xx_HAL_Driver/Inc" -I"E:/nNote/3.1embedded_lab/embedded project/hardware/Rest-your-light/Drivers/STM32F4xx_HAL_Driver/Inc/Legacy" -I"E:/nNote/3.1embedded_lab/embedded project/hardware/Rest-your-light/Drivers/CMSIS/Device/ST/STM32F4xx/Include" -I"E:/nNote/3.1embedded_lab/embedded project/hardware/Rest-your-light/Drivers/CMSIS/Include"  -Og -g3 -Wall -fmessage-length=0 -ffunction-sections -c -fmessage-length=0 -MMD -MP -MF"Src/main.d" -MT"Src/main.o" -o "Src/main.o" "../Src/main.c"
Finished building: ../Src/main.c
 
Building target: Rest-your-light.elf
Invoking: MCU GCC Linker
arm-none-eabi-gcc -mcpu=cortex-m4 -mthumb -mfloat-abi=hard -mfpu=fpv4-sp-d16 -specs=nosys.specs -specs=nano.specs -T"../STM32F407VGTx_FLASH.ld" -Wl,-Map=output.map -Wl,--gc-sections -o "Rest-your-light.elf" @"objects.list"   -lm
Finished building target: Rest-your-light.elf
 
make --no-print-directory post-build
Generating hex and Printing size information:
arm-none-eabi-objcopy -O ihex "Rest-your-light.elf" "Rest-your-light.hex"
arm-none-eabi-size "Rest-your-light.elf"
   text	   data	    bss	    dec	    hex	filename
  15560	    120	   1840	  17520	   4470	Rest-your-light.elf
 
02:48:42 **** Incremental Build of configuration Debug for project Rest-your-light ****
make all 
Building file: ../Src/main.c
Invoking: MCU GCC Compiler
E:\nNote\3.1embedded_lab\embedded project\hardware\Rest-your-light\Debug
arm-none-eabi-gcc -mcpu=cortex-m4 -mthumb -mfloat-abi=hard -mfpu=fpv4-sp-d16 '-D__weak=__attribute__((weak))' '-D__packed=__attribute__((__packed__))' -DUSE_HAL_DRIVER -DSTM32F407xx -I"E:/nNote/3.1embedded_lab/embedded project/hardware/Rest-your-light/Inc" -I"E:/nNote/3.1embedded_lab/embedded project/hardware/Rest-your-light/Drivers/STM32F4xx_HAL_Driver/Inc" -I"E:/nNote/3.1embedded_lab/embedded project/hardware/Rest-your-light/Drivers/STM32F4xx_HAL_Driver/Inc/Legacy" -I"E:/nNote/3.1embedded_lab/embedded project/hardware/Rest-your-light/Drivers/CMSIS/Device/ST/STM32F4xx/Include" -I"E:/nNote/3.1embedded_lab/embedded project/hardware/Rest-your-light/Drivers/CMSIS/Include"  -Og -g3 -Wall -fmessage-length=0 -ffunction-sections -c -fmessage-length=0 -MMD -MP -MF"Src/main.d" -MT"Src/main.o" -o "Src/main.o" "../Src/main.c"
Finished building: ../Src/main.c
 
Building target: Rest-your-light.elf
Invoking: MCU GCC Linker
arm-none-eabi-gcc -mcpu=cortex-m4 -mthumb -mfloat-abi=hard -mfpu=fpv4-sp-d16 -specs=nosys.specs -specs=nano.specs -T"../STM32F407VGTx_FLASH.ld" -Wl,-Map=output.map -Wl,--gc-sections -o "Rest-your-light.elf" @"objects.list"   -lm
Finished building target: Rest-your-light.elf
 
make --no-print-directory post-build
Generating hex and Printing size information:
arm-none-eabi-objcopy -O ihex "Rest-your-light.elf" "Rest-your-light.hex"
arm-none-eabi-size "Rest-your-light.elf"
   text	   data	    bss	    dec	    hex	filename
  15552	    120	   1840	  17512	   4468	Rest-your-light.elf
 
18:16:01 **** Incremental Build of configuration Debug for project Rest-your-light ****
make all 
Building file: ../Src/main.c
Invoking: MCU GCC Compiler
E:\nNote\3.1embedded_lab\embedded project\hardware\Rest-your-light\Debug
arm-none-eabi-gcc -mcpu=cortex-m4 -mthumb -mfloat-abi=hard -mfpu=fpv4-sp-d16 '-D__weak=__attribute__((weak))' '-D__packed=__attribute__((__packed__))' -DUSE_HAL_DRIVER -DSTM32F407xx -I"E:/nNote/3.1embedded_lab/embedded project/hardware/Rest-your-light/Inc" -I"E:/nNote/3.1embedded_lab/embedded project/hardware/Rest-your-light/Drivers/STM32F4xx_HAL_Driver/Inc" -I"E:/nNote/3.1embedded_lab/embedded project/hardware/Rest-your-light/Drivers/STM32F4xx_HAL_Driver/Inc/Legacy" -I"E:/nNote/3.1embedded_lab/embedded project/hardware/Rest-your-light/Drivers/CMSIS/Device/ST/STM32F4xx/Include" -I"E:/nNote/3.1embedded_lab/embedded project/hardware/Rest-your-light/Drivers/CMSIS/Include"  -Og -g3 -Wall -fmessage-length=0 -ffunction-sections -c -fmessage-length=0 -MMD -MP -MF"Src/main.d" -MT"Src/main.o" -o "Src/main.o" "../Src/main.c"
Finished building: ../Src/main.c
 
Building target: Rest-your-light.elf
Invoking: MCU GCC Linker
arm-none-eabi-gcc -mcpu=cortex-m4 -mthumb -mfloat-abi=hard -mfpu=fpv4-sp-d16 -specs=nosys.specs -specs=nano.specs -T"../STM32F407VGTx_FLASH.ld" -Wl,-Map=output.map -Wl,--gc-sections -o "Rest-your-light.elf" @"objects.list"   -lm
Finished building target: Rest-your-light.elf
 
make --no-print-directory post-build
Generating hex and Printing size information:
arm-none-eabi-objcopy -O ihex "Rest-your-light.elf" "Rest-your-light.hex"
arm-none-eabi-size "Rest-your-light.elf"
   text	   data	    bss	    dec	    hex	filename
  15552	    120	   1840	  17512	   4468	Rest-your-light.elf
 
18:19:26 **** Incremental Build of configuration Debug for project Rest-your-light ****
make all 
Building file: ../Src/main.c
Invoking: MCU GCC Compiler
E:\nNote\3.1embedded_lab\embedded project\hardware\Rest-your-light\Debug
arm-none-eabi-gcc -mcpu=cortex-m4 -mthumb -mfloat-abi=hard -mfpu=fpv4-sp-d16 '-D__weak=__attribute__((weak))' '-D__packed=__attribute__((__packed__))' -DUSE_HAL_DRIVER -DSTM32F407xx -I"E:/nNote/3.1embedded_lab/embedded project/hardware/Rest-your-light/Inc" -I"E:/nNote/3.1embedded_lab/embedded project/hardware/Rest-your-light/Drivers/STM32F4xx_HAL_Driver/Inc" -I"E:/nNote/3.1embedded_lab/embedded project/hardware/Rest-your-light/Drivers/STM32F4xx_HAL_Driver/Inc/Legacy" -I"E:/nNote/3.1embedded_lab/embedded project/hardware/Rest-your-light/Drivers/CMSIS/Device/ST/STM32F4xx/Include" -I"E:/nNote/3.1embedded_lab/embedded project/hardware/Rest-your-light/Drivers/CMSIS/Include"  -Og -g3 -Wall -fmessage-length=0 -ffunction-sections -c -fmessage-length=0 -MMD -MP -MF"Src/main.d" -MT"Src/main.o" -o "Src/main.o" "../Src/main.c"
Finished building: ../Src/main.c
 
Building target: Rest-your-light.elf
Invoking: MCU GCC Linker
arm-none-eabi-gcc -mcpu=cortex-m4 -mthumb -mfloat-abi=hard -mfpu=fpv4-sp-d16 -specs=nosys.specs -specs=nano.specs -T"../STM32F407VGTx_FLASH.ld" -Wl,-Map=output.map -Wl,--gc-sections -o "Rest-your-light.elf" @"objects.list"   -lm
Finished building target: Rest-your-light.elf
 
make --no-print-directory post-build
Generating hex and Printing size information:
arm-none-eabi-objcopy -O ihex "Rest-your-light.elf" "Rest-your-light.hex"
arm-none-eabi-size "Rest-your-light.elf"
   text	   data	    bss	    dec	    hex	filename
  15512	    120	   1840	  17472	   4440	Rest-your-light.elf
 
18:19:30 **** Incremental Build of configuration Debug for project Rest-your-light ****
make all 
Building file: ../Src/main.c
Invoking: MCU GCC Compiler
E:\nNote\3.1embedded_lab\embedded project\hardware\Rest-your-light\Debug
arm-none-eabi-gcc -mcpu=cortex-m4 -mthumb -mfloat-abi=hard -mfpu=fpv4-sp-d16 '-D__weak=__attribute__((weak))' '-D__packed=__attribute__((__packed__))' -DUSE_HAL_DRIVER -DSTM32F407xx -I"E:/nNote/3.1embedded_lab/embedded project/hardware/Rest-your-light/Inc" -I"E:/nNote/3.1embedded_lab/embedded project/hardware/Rest-your-light/Drivers/STM32F4xx_HAL_Driver/Inc" -I"E:/nNote/3.1embedded_lab/embedded project/hardware/Rest-your-light/Drivers/STM32F4xx_HAL_Driver/Inc/Legacy" -I"E:/nNote/3.1embedded_lab/embedded project/hardware/Rest-your-light/Drivers/CMSIS/Device/ST/STM32F4xx/Include" -I"E:/nNote/3.1embedded_lab/embedded project/hardware/Rest-your-light/Drivers/CMSIS/Include"  -Og -g3 -Wall -fmessage-length=0 -ffunction-sections -c -fmessage-length=0 -MMD -MP -MF"Src/main.d" -MT"Src/main.o" -o "Src/main.o" "../Src/main.c"
Finished building: ../Src/main.c
 
Building target: Rest-your-light.elf
Invoking: MCU GCC Linker
arm-none-eabi-gcc -mcpu=cortex-m4 -mthumb -mfloat-abi=hard -mfpu=fpv4-sp-d16 -specs=nosys.specs -specs=nano.specs -T"../STM32F407VGTx_FLASH.ld" -Wl,-Map=output.map -Wl,--gc-sections -o "Rest-your-light.elf" @"objects.list"   -lm
Finished building target: Rest-your-light.elf
 
make --no-print-directory post-build
Generating hex and Printing size information:
arm-none-eabi-objcopy -O ihex "Rest-your-light.elf" "Rest-your-light.hex"
arm-none-eabi-size "Rest-your-light.elf"
   text	   data	    bss	    dec	    hex	filename
  15512	    120	   1840	  17472	   4440	Rest-your-light.elf
 
18:22:55 **** Incremental Build of configuration Debug for project Rest-your-light ****
make all 
Building file: ../Src/main.c
Invoking: MCU GCC Compiler
E:\nNote\3.1embedded_lab\embedded project\hardware\Rest-your-light\Debug
arm-none-eabi-gcc -mcpu=cortex-m4 -mthumb -mfloat-abi=hard -mfpu=fpv4-sp-d16 '-D__weak=__attribute__((weak))' '-D__packed=__attribute__((__packed__))' -DUSE_HAL_DRIVER -DSTM32F407xx -I"E:/nNote/3.1embedded_lab/embedded project/hardware/Rest-your-light/Inc" -I"E:/nNote/3.1embedded_lab/embedded project/hardware/Rest-your-light/Drivers/STM32F4xx_HAL_Driver/Inc" -I"E:/nNote/3.1embedded_lab/embedded project/hardware/Rest-your-light/Drivers/STM32F4xx_HAL_Driver/Inc/Legacy" -I"E:/nNote/3.1embedded_lab/embedded project/hardware/Rest-your-light/Drivers/CMSIS/Device/ST/STM32F4xx/Include" -I"E:/nNote/3.1embedded_lab/embedded project/hardware/Rest-your-light/Drivers/CMSIS/Include"  -Og -g3 -Wall -fmessage-length=0 -ffunction-sections -c -fmessage-length=0 -MMD -MP -MF"Src/main.d" -MT"Src/main.o" -o "Src/main.o" "../Src/main.c"
Finished building: ../Src/main.c
 
Building target: Rest-your-light.elf
Invoking: MCU GCC Linker
arm-none-eabi-gcc -mcpu=cortex-m4 -mthumb -mfloat-abi=hard -mfpu=fpv4-sp-d16 -specs=nosys.specs -specs=nano.specs -T"../STM32F407VGTx_FLASH.ld" -Wl,-Map=output.map -Wl,--gc-sections -o "Rest-your-light.elf" @"objects.list"   -lm
Finished building target: Rest-your-light.elf
 
make --no-print-directory post-build
Generating hex and Printing size information:
arm-none-eabi-objcopy -O ihex "Rest-your-light.elf" "Rest-your-light.hex"
arm-none-eabi-size "Rest-your-light.elf"
   text	   data	    bss	    dec	    hex	filename
  15500	    120	   1840	  17460	   4434	Rest-your-light.elf
 
