11:20:27 **** Build of configuration Debug for project Rest-your-light ****
make all 
Building file: ../startup/startup_stm32f407xx.s
Invoking: MCU GCC Assembler
E:\nNote\3.1embedded_lab\embedded project\Rest-your-light\Debug
arm-none-eabi-as -mcpu=cortex-m4 -mthumb -mfloat-abi=hard -mfpu=fpv4-sp-d16 -g -o "startup/startup_stm32f407xx.o" "../startup/startup_stm32f407xx.s"
Finished building: ../startup/startup_stm32f407xx.s
 
Building file: ../Src/main.c
Invoking: MCU GCC Compiler
E:\nNote\3.1embedded_lab\embedded project\Rest-your-light\Debug
arm-none-eabi-gcc -mcpu=cortex-m4 -mthumb -mfloat-abi=hard -mfpu=fpv4-sp-d16 '-D__weak=__attribute__((weak))' '-D__packed=__attribute__((__packed__))' -DUSE_HAL_DRIVER -DSTM32F407xx -I"E:/nNote/3.1embedded_lab/embedded project/Rest-your-light/Inc" -I"E:/nNote/3.1embedded_lab/embedded project/Rest-your-light/Drivers/STM32F4xx_HAL_Driver/Inc" -I"E:/nNote/3.1embedded_lab/embedded project/Rest-your-light/Drivers/STM32F4xx_HAL_Driver/Inc/Legacy" -I"E:/nNote/3.1embedded_lab/embedded project/Rest-your-light/Drivers/CMSIS/Device/ST/STM32F4xx/Include" -I"E:/nNote/3.1embedded_lab/embedded project/Rest-your-light/Drivers/CMSIS/Include"  -Og -g3 -Wall -fmessage-length=0 -ffunction-sections -c -fmessage-length=0 -MMD -MP -MF"Src/main.d" -MT"Src/main.o" -o "Src/main.o" "../Src/main.c"
Finished building: ../Src/main.c
 
Building file: ../Src/stm32f4xx_hal_msp.c
Invoking: MCU GCC Compiler
E:\nNote\3.1embedded_lab\embedded project\Rest-your-light\Debug
arm-none-eabi-gcc -mcpu=cortex-m4 -mthumb -mfloat-abi=hard -mfpu=fpv4-sp-d16 '-D__weak=__attribute__((weak))' '-D__packed=__attribute__((__packed__))' -DUSE_HAL_DRIVER -DSTM32F407xx -I"E:/nNote/3.1embedded_lab/embedded project/Rest-your-light/Inc" -I"E:/nNote/3.1embedded_lab/embedded project/Rest-your-light/Drivers/STM32F4xx_HAL_Driver/Inc" -I"E:/nNote/3.1embedded_lab/embedded project/Rest-your-light/Drivers/STM32F4xx_HAL_Driver/Inc/Legacy" -I"E:/nNote/3.1embedded_lab/embedded project/Rest-your-light/Drivers/CMSIS/Device/ST/STM32F4xx/Include" -I"E:/nNote/3.1embedded_lab/embedded project/Rest-your-light/Drivers/CMSIS/Include"  -Og -g3 -Wall -fmessage-length=0 -ffunction-sections -c -fmessage-length=0 -MMD -MP -MF"Src/stm32f4xx_hal_msp.d" -MT"Src/stm32f4xx_hal_msp.o" -o "Src/stm32f4xx_hal_msp.o" "../Src/stm32f4xx_hal_msp.c"
Finished building: ../Src/stm32f4xx_hal_msp.c
 
Building file: ../Src/stm32f4xx_it.c
Invoking: MCU GCC Compiler
E:\nNote\3.1embedded_lab\embedded project\Rest-your-light\Debug
arm-none-eabi-gcc -mcpu=cortex-m4 -mthumb -mfloat-abi=hard -mfpu=fpv4-sp-d16 '-D__weak=__attribute__((weak))' '-D__packed=__attribute__((__packed__))' -DUSE_HAL_DRIVER -DSTM32F407xx -I"E:/nNote/3.1embedded_lab/embedded project/Rest-your-light/Inc" -I"E:/nNote/3.1embedded_lab/embedded project/Rest-your-light/Drivers/STM32F4xx_HAL_Driver/Inc" -I"E:/nNote/3.1embedded_lab/embedded project/Rest-your-light/Drivers/STM32F4xx_HAL_Driver/Inc/Legacy" -I"E:/nNote/3.1embedded_lab/embedded project/Rest-your-light/Drivers/CMSIS/Device/ST/STM32F4xx/Include" -I"E:/nNote/3.1embedded_lab/embedded project/Rest-your-light/Drivers/CMSIS/Include"  -Og -g3 -Wall -fmessage-length=0 -ffunction-sections -c -fmessage-length=0 -MMD -MP -MF"Src/stm32f4xx_it.d" -MT"Src/stm32f4xx_it.o" -o "Src/stm32f4xx_it.o" "../Src/stm32f4xx_it.c"
Finished building: ../Src/stm32f4xx_it.c
 
Building file: ../Src/system_stm32f4xx.c
Invoking: MCU GCC Compiler
E:\nNote\3.1embedded_lab\embedded project\Rest-your-light\Debug
arm-none-eabi-gcc -mcpu=cortex-m4 -mthumb -mfloat-abi=hard -mfpu=fpv4-sp-d16 '-D__weak=__attribute__((weak))' '-D__packed=__attribute__((__packed__))' -DUSE_HAL_DRIVER -DSTM32F407xx -I"E:/nNote/3.1embedded_lab/embedded project/Rest-your-light/Inc" -I"E:/nNote/3.1embedded_lab/embedded project/Rest-your-light/Drivers/STM32F4xx_HAL_Driver/Inc" -I"E:/nNote/3.1embedded_lab/embedded project/Rest-your-light/Drivers/STM32F4xx_HAL_Driver/Inc/Legacy" -I"E:/nNote/3.1embedded_lab/embedded project/Rest-your-light/Drivers/CMSIS/Device/ST/STM32F4xx/Include" -I"E:/nNote/3.1embedded_lab/embedded project/Rest-your-light/Drivers/CMSIS/Include"  -Og -g3 -Wall -fmessage-length=0 -ffunction-sections -c -fmessage-length=0 -MMD -MP -MF"Src/system_stm32f4xx.d" -MT"Src/system_stm32f4xx.o" -o "Src/system_stm32f4xx.o" "../Src/system_stm32f4xx.c"
Finished building: ../Src/system_stm32f4xx.c
 
Building file: ../Drivers/STM32F4xx_HAL_Driver/Src/stm32f4xx_hal.c
Invoking: MCU GCC Compiler
E:\nNote\3.1embedded_lab\embedded project\Rest-your-light\Debug
arm-none-eabi-gcc -mcpu=cortex-m4 -mthumb -mfloat-abi=hard -mfpu=fpv4-sp-d16 '-D__weak=__attribute__((weak))' '-D__packed=__attribute__((__packed__))' -DUSE_HAL_DRIVER -DSTM32F407xx -I"E:/nNote/3.1embedded_lab/embedded project/Rest-your-light/Inc" -I"E:/nNote/3.1embedded_lab/embedded project/Rest-your-light/Drivers/STM32F4xx_HAL_Driver/Inc" -I"E:/nNote/3.1embedded_lab/embedded project/Rest-your-light/Drivers/STM32F4xx_HAL_Driver/Inc/Legacy" -I"E:/nNote/3.1embedded_lab/embedded project/Rest-your-light/Drivers/CMSIS/Device/ST/STM32F4xx/Include" -I"E:/nNote/3.1embedded_lab/embedded project/Rest-your-light/Drivers/CMSIS/Include"  -Og -g3 -Wall -fmessage-length=0 -ffunction-sections -c -fmessage-length=0 -MMD -MP -MF"Drivers/STM32F4xx_HAL_Driver/Src/stm32f4xx_hal.d" -MT"Drivers/STM32F4xx_HAL_Driver/Src/stm32f4xx_hal.o" -o "Drivers/STM32F4xx_HAL_Driver/Src/stm32f4xx_hal.o" "../Drivers/STM32F4xx_HAL_Driver/Src/stm32f4xx_hal.c"
Finished building: ../Drivers/STM32F4xx_HAL_Driver/Src/stm32f4xx_hal.c
 
Building file: ../Drivers/STM32F4xx_HAL_Driver/Src/stm32f4xx_hal_cortex.c
Invoking: MCU GCC Compiler
E:\nNote\3.1embedded_lab\embedded project\Rest-your-light\Debug
arm-none-eabi-gcc -mcpu=cortex-m4 -mthumb -mfloat-abi=hard -mfpu=fpv4-sp-d16 '-D__weak=__attribute__((weak))' '-D__packed=__attribute__((__packed__))' -DUSE_HAL_DRIVER -DSTM32F407xx -I"E:/nNote/3.1embedded_lab/embedded project/Rest-your-light/Inc" -I"E:/nNote/3.1embedded_lab/embedded project/Rest-your-light/Drivers/STM32F4xx_HAL_Driver/Inc" -I"E:/nNote/3.1embedded_lab/embedded project/Rest-your-light/Drivers/STM32F4xx_HAL_Driver/Inc/Legacy" -I"E:/nNote/3.1embedded_lab/embedded project/Rest-your-light/Drivers/CMSIS/Device/ST/STM32F4xx/Include" -I"E:/nNote/3.1embedded_lab/embedded project/Rest-your-light/Drivers/CMSIS/Include"  -Og -g3 -Wall -fmessage-length=0 -ffunction-sections -c -fmessage-length=0 -MMD -MP -MF"Drivers/STM32F4xx_HAL_Driver/Src/stm32f4xx_hal_cortex.d" -MT"Drivers/STM32F4xx_HAL_Driver/Src/stm32f4xx_hal_cortex.o" -o "Drivers/STM32F4xx_HAL_Driver/Src/stm32f4xx_hal_cortex.o" "../Drivers/STM32F4xx_HAL_Driver/Src/stm32f4xx_hal_cortex.c"
Finished building: ../Drivers/STM32F4xx_HAL_Driver/Src/stm32f4xx_hal_cortex.c
 
Building file: ../Drivers/STM32F4xx_HAL_Driver/Src/stm32f4xx_hal_dma.c
Invoking: MCU GCC Compiler
E:\nNote\3.1embedded_lab\embedded project\Rest-your-light\Debug
arm-none-eabi-gcc -mcpu=cortex-m4 -mthumb -mfloat-abi=hard -mfpu=fpv4-sp-d16 '-D__weak=__attribute__((weak))' '-D__packed=__attribute__((__packed__))' -DUSE_HAL_DRIVER -DSTM32F407xx -I"E:/nNote/3.1embedded_lab/embedded project/Rest-your-light/Inc" -I"E:/nNote/3.1embedded_lab/embedded project/Rest-your-light/Drivers/STM32F4xx_HAL_Driver/Inc" -I"E:/nNote/3.1embedded_lab/embedded project/Rest-your-light/Drivers/STM32F4xx_HAL_Driver/Inc/Legacy" -I"E:/nNote/3.1embedded_lab/embedded project/Rest-your-light/Drivers/CMSIS/Device/ST/STM32F4xx/Include" -I"E:/nNote/3.1embedded_lab/embedded project/Rest-your-light/Drivers/CMSIS/Include"  -Og -g3 -Wall -fmessage-length=0 -ffunction-sections -c -fmessage-length=0 -MMD -MP -MF"Drivers/STM32F4xx_HAL_Driver/Src/stm32f4xx_hal_dma.d" -MT"Drivers/STM32F4xx_HAL_Driver/Src/stm32f4xx_hal_dma.o" -o "Drivers/STM32F4xx_HAL_Driver/Src/stm32f4xx_hal_dma.o" "../Drivers/STM32F4xx_HAL_Driver/Src/stm32f4xx_hal_dma.c"
Finished building: ../Drivers/STM32F4xx_HAL_Driver/Src/stm32f4xx_hal_dma.c
 
Building file: ../Drivers/STM32F4xx_HAL_Driver/Src/stm32f4xx_hal_dma_ex.c
Invoking: MCU GCC Compiler
E:\nNote\3.1embedded_lab\embedded project\Rest-your-light\Debug
arm-none-eabi-gcc -mcpu=cortex-m4 -mthumb -mfloat-abi=hard -mfpu=fpv4-sp-d16 '-D__weak=__attribute__((weak))' '-D__packed=__attribute__((__packed__))' -DUSE_HAL_DRIVER -DSTM32F407xx -I"E:/nNote/3.1embedded_lab/embedded project/Rest-your-light/Inc" -I"E:/nNote/3.1embedded_lab/embedded project/Rest-your-light/Drivers/STM32F4xx_HAL_Driver/Inc" -I"E:/nNote/3.1embedded_lab/embedded project/Rest-your-light/Drivers/STM32F4xx_HAL_Driver/Inc/Legacy" -I"E:/nNote/3.1embedded_lab/embedded project/Rest-your-light/Drivers/CMSIS/Device/ST/STM32F4xx/Include" -I"E:/nNote/3.1embedded_lab/embedded project/Rest-your-light/Drivers/CMSIS/Include"  -Og -g3 -Wall -fmessage-length=0 -ffunction-sections -c -fmessage-length=0 -MMD -MP -MF"Drivers/STM32F4xx_HAL_Driver/Src/stm32f4xx_hal_dma_ex.d" -MT"Drivers/STM32F4xx_HAL_Driver/Src/stm32f4xx_hal_dma_ex.o" -o "Drivers/STM32F4xx_HAL_Driver/Src/stm32f4xx_hal_dma_ex.o" "../Drivers/STM32F4xx_HAL_Driver/Src/stm32f4xx_hal_dma_ex.c"
Finished building: ../Drivers/STM32F4xx_HAL_Driver/Src/stm32f4xx_hal_dma_ex.c
 
Building file: ../Drivers/STM32F4xx_HAL_Driver/Src/stm32f4xx_hal_flash.c
Invoking: MCU GCC Compiler
E:\nNote\3.1embedded_lab\embedded project\Rest-your-light\Debug
arm-none-eabi-gcc -mcpu=cortex-m4 -mthumb -mfloat-abi=hard -mfpu=fpv4-sp-d16 '-D__weak=__attribute__((weak))' '-D__packed=__attribute__((__packed__))' -DUSE_HAL_DRIVER -DSTM32F407xx -I"E:/nNote/3.1embedded_lab/embedded project/Rest-your-light/Inc" -I"E:/nNote/3.1embedded_lab/embedded project/Rest-your-light/Drivers/STM32F4xx_HAL_Driver/Inc" -I"E:/nNote/3.1embedded_lab/embedded project/Rest-your-light/Drivers/STM32F4xx_HAL_Driver/Inc/Legacy" -I"E:/nNote/3.1embedded_lab/embedded project/Rest-your-light/Drivers/CMSIS/Device/ST/STM32F4xx/Include" -I"E:/nNote/3.1embedded_lab/embedded project/Rest-your-light/Drivers/CMSIS/Include"  -Og -g3 -Wall -fmessage-length=0 -ffunction-sections -c -fmessage-length=0 -MMD -MP -MF"Drivers/STM32F4xx_HAL_Driver/Src/stm32f4xx_hal_flash.d" -MT"Drivers/STM32F4xx_HAL_Driver/Src/stm32f4xx_hal_flash.o" -o "Drivers/STM32F4xx_HAL_Driver/Src/stm32f4xx_hal_flash.o" "../Drivers/STM32F4xx_HAL_Driver/Src/stm32f4xx_hal_flash.c"
Finished building: ../Drivers/STM32F4xx_HAL_Driver/Src/stm32f4xx_hal_flash.c
 
Building file: ../Drivers/STM32F4xx_HAL_Driver/Src/stm32f4xx_hal_flash_ex.c
Invoking: MCU GCC Compiler
E:\nNote\3.1embedded_lab\embedded project\Rest-your-light\Debug
arm-none-eabi-gcc -mcpu=cortex-m4 -mthumb -mfloat-abi=hard -mfpu=fpv4-sp-d16 '-D__weak=__attribute__((weak))' '-D__packed=__attribute__((__packed__))' -DUSE_HAL_DRIVER -DSTM32F407xx -I"E:/nNote/3.1embedded_lab/embedded project/Rest-your-light/Inc" -I"E:/nNote/3.1embedded_lab/embedded project/Rest-your-light/Drivers/STM32F4xx_HAL_Driver/Inc" -I"E:/nNote/3.1embedded_lab/embedded project/Rest-your-light/Drivers/STM32F4xx_HAL_Driver/Inc/Legacy" -I"E:/nNote/3.1embedded_lab/embedded project/Rest-your-light/Drivers/CMSIS/Device/ST/STM32F4xx/Include" -I"E:/nNote/3.1embedded_lab/embedded project/Rest-your-light/Drivers/CMSIS/Include"  -Og -g3 -Wall -fmessage-length=0 -ffunction-sections -c -fmessage-length=0 -MMD -MP -MF"Drivers/STM32F4xx_HAL_Driver/Src/stm32f4xx_hal_flash_ex.d" -MT"Drivers/STM32F4xx_HAL_Driver/Src/stm32f4xx_hal_flash_ex.o" -o "Drivers/STM32F4xx_HAL_Driver/Src/stm32f4xx_hal_flash_ex.o" "../Drivers/STM32F4xx_HAL_Driver/Src/stm32f4xx_hal_flash_ex.c"
Finished building: ../Drivers/STM32F4xx_HAL_Driver/Src/stm32f4xx_hal_flash_ex.c
 
Building file: ../Drivers/STM32F4xx_HAL_Driver/Src/stm32f4xx_hal_flash_ramfunc.c
Invoking: MCU GCC Compiler
E:\nNote\3.1embedded_lab\embedded project\Rest-your-light\Debug
arm-none-eabi-gcc -mcpu=cortex-m4 -mthumb -mfloat-abi=hard -mfpu=fpv4-sp-d16 '-D__weak=__attribute__((weak))' '-D__packed=__attribute__((__packed__))' -DUSE_HAL_DRIVER -DSTM32F407xx -I"E:/nNote/3.1embedded_lab/embedded project/Rest-your-light/Inc" -I"E:/nNote/3.1embedded_lab/embedded project/Rest-your-light/Drivers/STM32F4xx_HAL_Driver/Inc" -I"E:/nNote/3.1embedded_lab/embedded project/Rest-your-light/Drivers/STM32F4xx_HAL_Driver/Inc/Legacy" -I"E:/nNote/3.1embedded_lab/embedded project/Rest-your-light/Drivers/CMSIS/Device/ST/STM32F4xx/Include" -I"E:/nNote/3.1embedded_lab/embedded project/Rest-your-light/Drivers/CMSIS/Include"  -Og -g3 -Wall -fmessage-length=0 -ffunction-sections -c -fmessage-length=0 -MMD -MP -MF"Drivers/STM32F4xx_HAL_Driver/Src/stm32f4xx_hal_flash_ramfunc.d" -MT"Drivers/STM32F4xx_HAL_Driver/Src/stm32f4xx_hal_flash_ramfunc.o" -o "Drivers/STM32F4xx_HAL_Driver/Src/stm32f4xx_hal_flash_ramfunc.o" "../Drivers/STM32F4xx_HAL_Driver/Src/stm32f4xx_hal_flash_ramfunc.c"
Finished building: ../Drivers/STM32F4xx_HAL_Driver/Src/stm32f4xx_hal_flash_ramfunc.c
 
Building file: ../Drivers/STM32F4xx_HAL_Driver/Src/stm32f4xx_hal_gpio.c
Invoking: MCU GCC Compiler
E:\nNote\3.1embedded_lab\embedded project\Rest-your-light\Debug
arm-none-eabi-gcc -mcpu=cortex-m4 -mthumb -mfloat-abi=hard -mfpu=fpv4-sp-d16 '-D__weak=__attribute__((weak))' '-D__packed=__attribute__((__packed__))' -DUSE_HAL_DRIVER -DSTM32F407xx -I"E:/nNote/3.1embedded_lab/embedded project/Rest-your-light/Inc" -I"E:/nNote/3.1embedded_lab/embedded project/Rest-your-light/Drivers/STM32F4xx_HAL_Driver/Inc" -I"E:/nNote/3.1embedded_lab/embedded project/Rest-your-light/Drivers/STM32F4xx_HAL_Driver/Inc/Legacy" -I"E:/nNote/3.1embedded_lab/embedded project/Rest-your-light/Drivers/CMSIS/Device/ST/STM32F4xx/Include" -I"E:/nNote/3.1embedded_lab/embedded project/Rest-your-light/Drivers/CMSIS/Include"  -Og -g3 -Wall -fmessage-length=0 -ffunction-sections -c -fmessage-length=0 -MMD -MP -MF"Drivers/STM32F4xx_HAL_Driver/Src/stm32f4xx_hal_gpio.d" -MT"Drivers/STM32F4xx_HAL_Driver/Src/stm32f4xx_hal_gpio.o" -o "Drivers/STM32F4xx_HAL_Driver/Src/stm32f4xx_hal_gpio.o" "../Drivers/STM32F4xx_HAL_Driver/Src/stm32f4xx_hal_gpio.c"
Finished building: ../Drivers/STM32F4xx_HAL_Driver/Src/stm32f4xx_hal_gpio.c
 
Building file: ../Drivers/STM32F4xx_HAL_Driver/Src/stm32f4xx_hal_pwr.c
Invoking: MCU GCC Compiler
E:\nNote\3.1embedded_lab\embedded project\Rest-your-light\Debug
arm-none-eabi-gcc -mcpu=cortex-m4 -mthumb -mfloat-abi=hard -mfpu=fpv4-sp-d16 '-D__weak=__attribute__((weak))' '-D__packed=__attribute__((__packed__))' -DUSE_HAL_DRIVER -DSTM32F407xx -I"E:/nNote/3.1embedded_lab/embedded project/Rest-your-light/Inc" -I"E:/nNote/3.1embedded_lab/embedded project/Rest-your-light/Drivers/STM32F4xx_HAL_Driver/Inc" -I"E:/nNote/3.1embedded_lab/embedded project/Rest-your-light/Drivers/STM32F4xx_HAL_Driver/Inc/Legacy" -I"E:/nNote/3.1embedded_lab/embedded project/Rest-your-light/Drivers/CMSIS/Device/ST/STM32F4xx/Include" -I"E:/nNote/3.1embedded_lab/embedded project/Rest-your-light/Drivers/CMSIS/Include"  -Og -g3 -Wall -fmessage-length=0 -ffunction-sections -c -fmessage-length=0 -MMD -MP -MF"Drivers/STM32F4xx_HAL_Driver/Src/stm32f4xx_hal_pwr.d" -MT"Drivers/STM32F4xx_HAL_Driver/Src/stm32f4xx_hal_pwr.o" -o "Drivers/STM32F4xx_HAL_Driver/Src/stm32f4xx_hal_pwr.o" "../Drivers/STM32F4xx_HAL_Driver/Src/stm32f4xx_hal_pwr.c"
Finished building: ../Drivers/STM32F4xx_HAL_Driver/Src/stm32f4xx_hal_pwr.c
 
Building file: ../Drivers/STM32F4xx_HAL_Driver/Src/stm32f4xx_hal_pwr_ex.c
Invoking: MCU GCC Compiler
E:\nNote\3.1embedded_lab\embedded project\Rest-your-light\Debug
arm-none-eabi-gcc -mcpu=cortex-m4 -mthumb -mfloat-abi=hard -mfpu=fpv4-sp-d16 '-D__weak=__attribute__((weak))' '-D__packed=__attribute__((__packed__))' -DUSE_HAL_DRIVER -DSTM32F407xx -I"E:/nNote/3.1embedded_lab/embedded project/Rest-your-light/Inc" -I"E:/nNote/3.1embedded_lab/embedded project/Rest-your-light/Drivers/STM32F4xx_HAL_Driver/Inc" -I"E:/nNote/3.1embedded_lab/embedded project/Rest-your-light/Drivers/STM32F4xx_HAL_Driver/Inc/Legacy" -I"E:/nNote/3.1embedded_lab/embedded project/Rest-your-light/Drivers/CMSIS/Device/ST/STM32F4xx/Include" -I"E:/nNote/3.1embedded_lab/embedded project/Rest-your-light/Drivers/CMSIS/Include"  -Og -g3 -Wall -fmessage-length=0 -ffunction-sections -c -fmessage-length=0 -MMD -MP -MF"Drivers/STM32F4xx_HAL_Driver/Src/stm32f4xx_hal_pwr_ex.d" -MT"Drivers/STM32F4xx_HAL_Driver/Src/stm32f4xx_hal_pwr_ex.o" -o "Drivers/STM32F4xx_HAL_Driver/Src/stm32f4xx_hal_pwr_ex.o" "../Drivers/STM32F4xx_HAL_Driver/Src/stm32f4xx_hal_pwr_ex.c"
Finished building: ../Drivers/STM32F4xx_HAL_Driver/Src/stm32f4xx_hal_pwr_ex.c
 
Building file: ../Drivers/STM32F4xx_HAL_Driver/Src/stm32f4xx_hal_rcc.c
Invoking: MCU GCC Compiler
E:\nNote\3.1embedded_lab\embedded project\Rest-your-light\Debug
arm-none-eabi-gcc -mcpu=cortex-m4 -mthumb -mfloat-abi=hard -mfpu=fpv4-sp-d16 '-D__weak=__attribute__((weak))' '-D__packed=__attribute__((__packed__))' -DUSE_HAL_DRIVER -DSTM32F407xx -I"E:/nNote/3.1embedded_lab/embedded project/Rest-your-light/Inc" -I"E:/nNote/3.1embedded_lab/embedded project/Rest-your-light/Drivers/STM32F4xx_HAL_Driver/Inc" -I"E:/nNote/3.1embedded_lab/embedded project/Rest-your-light/Drivers/STM32F4xx_HAL_Driver/Inc/Legacy" -I"E:/nNote/3.1embedded_lab/embedded project/Rest-your-light/Drivers/CMSIS/Device/ST/STM32F4xx/Include" -I"E:/nNote/3.1embedded_lab/embedded project/Rest-your-light/Drivers/CMSIS/Include"  -Og -g3 -Wall -fmessage-length=0 -ffunction-sections -c -fmessage-length=0 -MMD -MP -MF"Drivers/STM32F4xx_HAL_Driver/Src/stm32f4xx_hal_rcc.d" -MT"Drivers/STM32F4xx_HAL_Driver/Src/stm32f4xx_hal_rcc.o" -o "Drivers/STM32F4xx_HAL_Driver/Src/stm32f4xx_hal_rcc.o" "../Drivers/STM32F4xx_HAL_Driver/Src/stm32f4xx_hal_rcc.c"
Finished building: ../Drivers/STM32F4xx_HAL_Driver/Src/stm32f4xx_hal_rcc.c
 
Building file: ../Drivers/STM32F4xx_HAL_Driver/Src/stm32f4xx_hal_rcc_ex.c
Invoking: MCU GCC Compiler
E:\nNote\3.1embedded_lab\embedded project\Rest-your-light\Debug
arm-none-eabi-gcc -mcpu=cortex-m4 -mthumb -mfloat-abi=hard -mfpu=fpv4-sp-d16 '-D__weak=__attribute__((weak))' '-D__packed=__attribute__((__packed__))' -DUSE_HAL_DRIVER -DSTM32F407xx -I"E:/nNote/3.1embedded_lab/embedded project/Rest-your-light/Inc" -I"E:/nNote/3.1embedded_lab/embedded project/Rest-your-light/Drivers/STM32F4xx_HAL_Driver/Inc" -I"E:/nNote/3.1embedded_lab/embedded project/Rest-your-light/Drivers/STM32F4xx_HAL_Driver/Inc/Legacy" -I"E:/nNote/3.1embedded_lab/embedded project/Rest-your-light/Drivers/CMSIS/Device/ST/STM32F4xx/Include" -I"E:/nNote/3.1embedded_lab/embedded project/Rest-your-light/Drivers/CMSIS/Include"  -Og -g3 -Wall -fmessage-length=0 -ffunction-sections -c -fmessage-length=0 -MMD -MP -MF"Drivers/STM32F4xx_HAL_Driver/Src/stm32f4xx_hal_rcc_ex.d" -MT"Drivers/STM32F4xx_HAL_Driver/Src/stm32f4xx_hal_rcc_ex.o" -o "Drivers/STM32F4xx_HAL_Driver/Src/stm32f4xx_hal_rcc_ex.o" "../Drivers/STM32F4xx_HAL_Driver/Src/stm32f4xx_hal_rcc_ex.c"
Finished building: ../Drivers/STM32F4xx_HAL_Driver/Src/stm32f4xx_hal_rcc_ex.c
 
Building file: ../Drivers/STM32F4xx_HAL_Driver/Src/stm32f4xx_hal_tim.c
Invoking: MCU GCC Compiler
E:\nNote\3.1embedded_lab\embedded project\Rest-your-light\Debug
arm-none-eabi-gcc -mcpu=cortex-m4 -mthumb -mfloat-abi=hard -mfpu=fpv4-sp-d16 '-D__weak=__attribute__((weak))' '-D__packed=__attribute__((__packed__))' -DUSE_HAL_DRIVER -DSTM32F407xx -I"E:/nNote/3.1embedded_lab/embedded project/Rest-your-light/Inc" -I"E:/nNote/3.1embedded_lab/embedded project/Rest-your-light/Drivers/STM32F4xx_HAL_Driver/Inc" -I"E:/nNote/3.1embedded_lab/embedded project/Rest-your-light/Drivers/STM32F4xx_HAL_Driver/Inc/Legacy" -I"E:/nNote/3.1embedded_lab/embedded project/Rest-your-light/Drivers/CMSIS/Device/ST/STM32F4xx/Include" -I"E:/nNote/3.1embedded_lab/embedded project/Rest-your-light/Drivers/CMSIS/Include"  -Og -g3 -Wall -fmessage-length=0 -ffunction-sections -c -fmessage-length=0 -MMD -MP -MF"Drivers/STM32F4xx_HAL_Driver/Src/stm32f4xx_hal_tim.d" -MT"Drivers/STM32F4xx_HAL_Driver/Src/stm32f4xx_hal_tim.o" -o "Drivers/STM32F4xx_HAL_Driver/Src/stm32f4xx_hal_tim.o" "../Drivers/STM32F4xx_HAL_Driver/Src/stm32f4xx_hal_tim.c"
Finished building: ../Drivers/STM32F4xx_HAL_Driver/Src/stm32f4xx_hal_tim.c
 
Building file: ../Drivers/STM32F4xx_HAL_Driver/Src/stm32f4xx_hal_tim_ex.c
Invoking: MCU GCC Compiler
E:\nNote\3.1embedded_lab\embedded project\Rest-your-light\Debug
arm-none-eabi-gcc -mcpu=cortex-m4 -mthumb -mfloat-abi=hard -mfpu=fpv4-sp-d16 '-D__weak=__attribute__((weak))' '-D__packed=__attribute__((__packed__))' -DUSE_HAL_DRIVER -DSTM32F407xx -I"E:/nNote/3.1embedded_lab/embedded project/Rest-your-light/Inc" -I"E:/nNote/3.1embedded_lab/embedded project/Rest-your-light/Drivers/STM32F4xx_HAL_Driver/Inc" -I"E:/nNote/3.1embedded_lab/embedded project/Rest-your-light/Drivers/STM32F4xx_HAL_Driver/Inc/Legacy" -I"E:/nNote/3.1embedded_lab/embedded project/Rest-your-light/Drivers/CMSIS/Device/ST/STM32F4xx/Include" -I"E:/nNote/3.1embedded_lab/embedded project/Rest-your-light/Drivers/CMSIS/Include"  -Og -g3 -Wall -fmessage-length=0 -ffunction-sections -c -fmessage-length=0 -MMD -MP -MF"Drivers/STM32F4xx_HAL_Driver/Src/stm32f4xx_hal_tim_ex.d" -MT"Drivers/STM32F4xx_HAL_Driver/Src/stm32f4xx_hal_tim_ex.o" -o "Drivers/STM32F4xx_HAL_Driver/Src/stm32f4xx_hal_tim_ex.o" "../Drivers/STM32F4xx_HAL_Driver/Src/stm32f4xx_hal_tim_ex.c"
Finished building: ../Drivers/STM32F4xx_HAL_Driver/Src/stm32f4xx_hal_tim_ex.c
 
Building file: ../Drivers/STM32F4xx_HAL_Driver/Src/stm32f4xx_hal_uart.c
Invoking: MCU GCC Compiler
E:\nNote\3.1embedded_lab\embedded project\Rest-your-light\Debug
arm-none-eabi-gcc -mcpu=cortex-m4 -mthumb -mfloat-abi=hard -mfpu=fpv4-sp-d16 '-D__weak=__attribute__((weak))' '-D__packed=__attribute__((__packed__))' -DUSE_HAL_DRIVER -DSTM32F407xx -I"E:/nNote/3.1embedded_lab/embedded project/Rest-your-light/Inc" -I"E:/nNote/3.1embedded_lab/embedded project/Rest-your-light/Drivers/STM32F4xx_HAL_Driver/Inc" -I"E:/nNote/3.1embedded_lab/embedded project/Rest-your-light/Drivers/STM32F4xx_HAL_Driver/Inc/Legacy" -I"E:/nNote/3.1embedded_lab/embedded project/Rest-your-light/Drivers/CMSIS/Device/ST/STM32F4xx/Include" -I"E:/nNote/3.1embedded_lab/embedded project/Rest-your-light/Drivers/CMSIS/Include"  -Og -g3 -Wall -fmessage-length=0 -ffunction-sections -c -fmessage-length=0 -MMD -MP -MF"Drivers/STM32F4xx_HAL_Driver/Src/stm32f4xx_hal_uart.d" -MT"Drivers/STM32F4xx_HAL_Driver/Src/stm32f4xx_hal_uart.o" -o "Drivers/STM32F4xx_HAL_Driver/Src/stm32f4xx_hal_uart.o" "../Drivers/STM32F4xx_HAL_Driver/Src/stm32f4xx_hal_uart.c"
Finished building: ../Drivers/STM32F4xx_HAL_Driver/Src/stm32f4xx_hal_uart.c
 
Building target: Rest-your-light.elf
Invoking: MCU GCC Linker
arm-none-eabi-gcc -mcpu=cortex-m4 -mthumb -mfloat-abi=hard -mfpu=fpv4-sp-d16 -specs=nosys.specs -specs=nano.specs -T"../STM32F407VGTx_FLASH.ld" -Wl,-Map=output.map -Wl,--gc-sections -o "Rest-your-light.elf" @"objects.list"   -lm
Finished building target: Rest-your-light.elf
 
make --no-print-directory post-build
Generating hex and Printing size information:
arm-none-eabi-objcopy -O ihex "Rest-your-light.elf" "Rest-your-light.hex"
arm-none-eabi-size "Rest-your-light.elf"
   text	   data	    bss	    dec	    hex	filename
   9568	     20	   1884	  11472	   2cd0	Rest-your-light.elf
 
11:22:52 **** Incremental Build of configuration Debug for project Rest-your-light ****
make all 
Building file: ../Src/main.c
Invoking: MCU GCC Compiler
E:\nNote\3.1embedded_lab\embedded project\Rest-your-light\Debug
arm-none-eabi-gcc -mcpu=cortex-m4 -mthumb -mfloat-abi=hard -mfpu=fpv4-sp-d16 '-D__weak=__attribute__((weak))' '-D__packed=__attribute__((__packed__))' -DUSE_HAL_DRIVER -DSTM32F407xx -I"E:/nNote/3.1embedded_lab/embedded project/Rest-your-light/Inc" -I"E:/nNote/3.1embedded_lab/embedded project/Rest-your-light/Drivers/STM32F4xx_HAL_Driver/Inc" -I"E:/nNote/3.1embedded_lab/embedded project/Rest-your-light/Drivers/STM32F4xx_HAL_Driver/Inc/Legacy" -I"E:/nNote/3.1embedded_lab/embedded project/Rest-your-light/Drivers/CMSIS/Device/ST/STM32F4xx/Include" -I"E:/nNote/3.1embedded_lab/embedded project/Rest-your-light/Drivers/CMSIS/Include"  -Og -g3 -Wall -fmessage-length=0 -ffunction-sections -c -fmessage-length=0 -MMD -MP -MF"Src/main.d" -MT"Src/main.o" -o "Src/main.o" "../Src/main.c"
Finished building: ../Src/main.c
 
Building target: Rest-your-light.elf
Invoking: MCU GCC Linker
arm-none-eabi-gcc -mcpu=cortex-m4 -mthumb -mfloat-abi=hard -mfpu=fpv4-sp-d16 -specs=nosys.specs -specs=nano.specs -T"../STM32F407VGTx_FLASH.ld" -Wl,-Map=output.map -Wl,--gc-sections -o "Rest-your-light.elf" @"objects.list"   -lm
Finished building target: Rest-your-light.elf
 
make --no-print-directory post-build
Generating hex and Printing size information:
arm-none-eabi-objcopy -O ihex "Rest-your-light.elf" "Rest-your-light.hex"
arm-none-eabi-size "Rest-your-light.elf"
   text	   data	    bss	    dec	    hex	filename
   9572	     20	   1884	  11476	   2cd4	Rest-your-light.elf
 
11:23:19 **** Incremental Build of configuration Debug for project Rest-your-light ****
make all 
Building file: ../Src/main.c
Invoking: MCU GCC Compiler
E:\nNote\3.1embedded_lab\embedded project\Rest-your-light\Debug
arm-none-eabi-gcc -mcpu=cortex-m4 -mthumb -mfloat-abi=hard -mfpu=fpv4-sp-d16 '-D__weak=__attribute__((weak))' '-D__packed=__attribute__((__packed__))' -DUSE_HAL_DRIVER -DSTM32F407xx -I"E:/nNote/3.1embedded_lab/embedded project/Rest-your-light/Inc" -I"E:/nNote/3.1embedded_lab/embedded project/Rest-your-light/Drivers/STM32F4xx_HAL_Driver/Inc" -I"E:/nNote/3.1embedded_lab/embedded project/Rest-your-light/Drivers/STM32F4xx_HAL_Driver/Inc/Legacy" -I"E:/nNote/3.1embedded_lab/embedded project/Rest-your-light/Drivers/CMSIS/Device/ST/STM32F4xx/Include" -I"E:/nNote/3.1embedded_lab/embedded project/Rest-your-light/Drivers/CMSIS/Include"  -Og -g3 -Wall -fmessage-length=0 -ffunction-sections -c -fmessage-length=0 -MMD -MP -MF"Src/main.d" -MT"Src/main.o" -o "Src/main.o" "../Src/main.c"
Finished building: ../Src/main.c
 
Building target: Rest-your-light.elf
Invoking: MCU GCC Linker
arm-none-eabi-gcc -mcpu=cortex-m4 -mthumb -mfloat-abi=hard -mfpu=fpv4-sp-d16 -specs=nosys.specs -specs=nano.specs -T"../STM32F407VGTx_FLASH.ld" -Wl,-Map=output.map -Wl,--gc-sections -o "Rest-your-light.elf" @"objects.list"   -lm
Finished building target: Rest-your-light.elf
 
make --no-print-directory post-build
Generating hex and Printing size information:
arm-none-eabi-objcopy -O ihex "Rest-your-light.elf" "Rest-your-light.hex"
arm-none-eabi-size "Rest-your-light.elf"
   text	   data	    bss	    dec	    hex	filename
   9572	     20	   1884	  11476	   2cd4	Rest-your-light.elf
 
11:24:05 **** Incremental Build of configuration Debug for project Rest-your-light ****
make all 
Building file: ../Src/main.c
Invoking: MCU GCC Compiler
E:\nNote\3.1embedded_lab\embedded project\Rest-your-light\Debug
arm-none-eabi-gcc -mcpu=cortex-m4 -mthumb -mfloat-abi=hard -mfpu=fpv4-sp-d16 '-D__weak=__attribute__((weak))' '-D__packed=__attribute__((__packed__))' -DUSE_HAL_DRIVER -DSTM32F407xx -I"E:/nNote/3.1embedded_lab/embedded project/Rest-your-light/Inc" -I"E:/nNote/3.1embedded_lab/embedded project/Rest-your-light/Drivers/STM32F4xx_HAL_Driver/Inc" -I"E:/nNote/3.1embedded_lab/embedded project/Rest-your-light/Drivers/STM32F4xx_HAL_Driver/Inc/Legacy" -I"E:/nNote/3.1embedded_lab/embedded project/Rest-your-light/Drivers/CMSIS/Device/ST/STM32F4xx/Include" -I"E:/nNote/3.1embedded_lab/embedded project/Rest-your-light/Drivers/CMSIS/Include"  -Og -g3 -Wall -fmessage-length=0 -ffunction-sections -c -fmessage-length=0 -MMD -MP -MF"Src/main.d" -MT"Src/main.o" -o "Src/main.o" "../Src/main.c"
Finished building: ../Src/main.c
 
Building target: Rest-your-light.elf
Invoking: MCU GCC Linker
arm-none-eabi-gcc -mcpu=cortex-m4 -mthumb -mfloat-abi=hard -mfpu=fpv4-sp-d16 -specs=nosys.specs -specs=nano.specs -T"../STM32F407VGTx_FLASH.ld" -Wl,-Map=output.map -Wl,--gc-sections -o "Rest-your-light.elf" @"objects.list"   -lm
Finished building target: Rest-your-light.elf
 
make --no-print-directory post-build
Generating hex and Printing size information:
arm-none-eabi-objcopy -O ihex "Rest-your-light.elf" "Rest-your-light.hex"
arm-none-eabi-size "Rest-your-light.elf"
   text	   data	    bss	    dec	    hex	filename
   9568	     20	   1884	  11472	   2cd0	Rest-your-light.elf
 
11:25:01 **** Incremental Build of configuration Debug for project Rest-your-light ****
make all 
Building file: ../Src/main.c
Invoking: MCU GCC Compiler
E:\nNote\3.1embedded_lab\embedded project\Rest-your-light\Debug
arm-none-eabi-gcc -mcpu=cortex-m4 -mthumb -mfloat-abi=hard -mfpu=fpv4-sp-d16 '-D__weak=__attribute__((weak))' '-D__packed=__attribute__((__packed__))' -DUSE_HAL_DRIVER -DSTM32F407xx -I"E:/nNote/3.1embedded_lab/embedded project/Rest-your-light/Inc" -I"E:/nNote/3.1embedded_lab/embedded project/Rest-your-light/Drivers/STM32F4xx_HAL_Driver/Inc" -I"E:/nNote/3.1embedded_lab/embedded project/Rest-your-light/Drivers/STM32F4xx_HAL_Driver/Inc/Legacy" -I"E:/nNote/3.1embedded_lab/embedded project/Rest-your-light/Drivers/CMSIS/Device/ST/STM32F4xx/Include" -I"E:/nNote/3.1embedded_lab/embedded project/Rest-your-light/Drivers/CMSIS/Include"  -Og -g3 -Wall -fmessage-length=0 -ffunction-sections -c -fmessage-length=0 -MMD -MP -MF"Src/main.d" -MT"Src/main.o" -o "Src/main.o" "../Src/main.c"
Finished building: ../Src/main.c
 
Building target: Rest-your-light.elf
Invoking: MCU GCC Linker
arm-none-eabi-gcc -mcpu=cortex-m4 -mthumb -mfloat-abi=hard -mfpu=fpv4-sp-d16 -specs=nosys.specs -specs=nano.specs -T"../STM32F407VGTx_FLASH.ld" -Wl,-Map=output.map -Wl,--gc-sections -o "Rest-your-light.elf" @"objects.list"   -lm
Finished building target: Rest-your-light.elf
 
make --no-print-directory post-build
Generating hex and Printing size information:
arm-none-eabi-objcopy -O ihex "Rest-your-light.elf" "Rest-your-light.hex"
arm-none-eabi-size "Rest-your-light.elf"
   text	   data	    bss	    dec	    hex	filename
   9568	     20	   1884	  11472	   2cd0	Rest-your-light.elf
 
11:26:54 **** Incremental Build of configuration Debug for project Rest-your-light ****
make all 
Building file: ../Src/main.c
Invoking: MCU GCC Compiler
E:\nNote\3.1embedded_lab\embedded project\Rest-your-light\Debug
arm-none-eabi-gcc -mcpu=cortex-m4 -mthumb -mfloat-abi=hard -mfpu=fpv4-sp-d16 '-D__weak=__attribute__((weak))' '-D__packed=__attribute__((__packed__))' -DUSE_HAL_DRIVER -DSTM32F407xx -I"E:/nNote/3.1embedded_lab/embedded project/Rest-your-light/Inc" -I"E:/nNote/3.1embedded_lab/embedded project/Rest-your-light/Drivers/STM32F4xx_HAL_Driver/Inc" -I"E:/nNote/3.1embedded_lab/embedded project/Rest-your-light/Drivers/STM32F4xx_HAL_Driver/Inc/Legacy" -I"E:/nNote/3.1embedded_lab/embedded project/Rest-your-light/Drivers/CMSIS/Device/ST/STM32F4xx/Include" -I"E:/nNote/3.1embedded_lab/embedded project/Rest-your-light/Drivers/CMSIS/Include"  -Og -g3 -Wall -fmessage-length=0 -ffunction-sections -c -fmessage-length=0 -MMD -MP -MF"Src/main.d" -MT"Src/main.o" -o "Src/main.o" "../Src/main.c"
Finished building: ../Src/main.c
 
Building target: Rest-your-light.elf
Invoking: MCU GCC Linker
arm-none-eabi-gcc -mcpu=cortex-m4 -mthumb -mfloat-abi=hard -mfpu=fpv4-sp-d16 -specs=nosys.specs -specs=nano.specs -T"../STM32F407VGTx_FLASH.ld" -Wl,-Map=output.map -Wl,--gc-sections -o "Rest-your-light.elf" @"objects.list"   -lm
Finished building target: Rest-your-light.elf
 
make --no-print-directory post-build
Generating hex and Printing size information:
arm-none-eabi-objcopy -O ihex "Rest-your-light.elf" "Rest-your-light.hex"
arm-none-eabi-size "Rest-your-light.elf"
   text	   data	    bss	    dec	    hex	filename
   9568	     20	   1884	  11472	   2cd0	Rest-your-light.elf
 
11:28:32 **** Incremental Build of configuration Debug for project Rest-your-light ****
make all 
make: Nothing to be done for 'all'.
11:35:05 **** Incremental Build of configuration Debug for project Rest-your-light ****
make all 
Building file: ../Src/main.c
Invoking: MCU GCC Compiler
E:\nNote\3.1embedded_lab\embedded project\Rest-your-light\Debug
arm-none-eabi-gcc -mcpu=cortex-m4 -mthumb -mfloat-abi=hard -mfpu=fpv4-sp-d16 '-D__weak=__attribute__((weak))' '-D__packed=__attribute__((__packed__))' -DUSE_HAL_DRIVER -DSTM32F407xx -I"E:/nNote/3.1embedded_lab/embedded project/Rest-your-light/Inc" -I"E:/nNote/3.1embedded_lab/embedded project/Rest-your-light/Drivers/STM32F4xx_HAL_Driver/Inc" -I"E:/nNote/3.1embedded_lab/embedded project/Rest-your-light/Drivers/STM32F4xx_HAL_Driver/Inc/Legacy" -I"E:/nNote/3.1embedded_lab/embedded project/Rest-your-light/Drivers/CMSIS/Device/ST/STM32F4xx/Include" -I"E:/nNote/3.1embedded_lab/embedded project/Rest-your-light/Drivers/CMSIS/Include"  -Og -g3 -Wall -fmessage-length=0 -ffunction-sections -c -fmessage-length=0 -MMD -MP -MF"Src/main.d" -MT"Src/main.o" -o "Src/main.o" "../Src/main.c"
Finished building: ../Src/main.c
 
Building file: ../Src/stm32f4xx_hal_msp.c
Invoking: MCU GCC Compiler
E:\nNote\3.1embedded_lab\embedded project\Rest-your-light\Debug
arm-none-eabi-gcc -mcpu=cortex-m4 -mthumb -mfloat-abi=hard -mfpu=fpv4-sp-d16 '-D__weak=__attribute__((weak))' '-D__packed=__attribute__((__packed__))' -DUSE_HAL_DRIVER -DSTM32F407xx -I"E:/nNote/3.1embedded_lab/embedded project/Rest-your-light/Inc" -I"E:/nNote/3.1embedded_lab/embedded project/Rest-your-light/Drivers/STM32F4xx_HAL_Driver/Inc" -I"E:/nNote/3.1embedded_lab/embedded project/Rest-your-light/Drivers/STM32F4xx_HAL_Driver/Inc/Legacy" -I"E:/nNote/3.1embedded_lab/embedded project/Rest-your-light/Drivers/CMSIS/Device/ST/STM32F4xx/Include" -I"E:/nNote/3.1embedded_lab/embedded project/Rest-your-light/Drivers/CMSIS/Include"  -Og -g3 -Wall -fmessage-length=0 -ffunction-sections -c -fmessage-length=0 -MMD -MP -MF"Src/stm32f4xx_hal_msp.d" -MT"Src/stm32f4xx_hal_msp.o" -o "Src/stm32f4xx_hal_msp.o" "../Src/stm32f4xx_hal_msp.c"
Finished building: ../Src/stm32f4xx_hal_msp.c
 
Building file: ../Src/stm32f4xx_it.c
Invoking: MCU GCC Compiler
E:\nNote\3.1embedded_lab\embedded project\Rest-your-light\Debug
arm-none-eabi-gcc -mcpu=cortex-m4 -mthumb -mfloat-abi=hard -mfpu=fpv4-sp-d16 '-D__weak=__attribute__((weak))' '-D__packed=__attribute__((__packed__))' -DUSE_HAL_DRIVER -DSTM32F407xx -I"E:/nNote/3.1embedded_lab/embedded project/Rest-your-light/Inc" -I"E:/nNote/3.1embedded_lab/embedded project/Rest-your-light/Drivers/STM32F4xx_HAL_Driver/Inc" -I"E:/nNote/3.1embedded_lab/embedded project/Rest-your-light/Drivers/STM32F4xx_HAL_Driver/Inc/Legacy" -I"E:/nNote/3.1embedded_lab/embedded project/Rest-your-light/Drivers/CMSIS/Device/ST/STM32F4xx/Include" -I"E:/nNote/3.1embedded_lab/embedded project/Rest-your-light/Drivers/CMSIS/Include"  -Og -g3 -Wall -fmessage-length=0 -ffunction-sections -c -fmessage-length=0 -MMD -MP -MF"Src/stm32f4xx_it.d" -MT"Src/stm32f4xx_it.o" -o "Src/stm32f4xx_it.o" "../Src/stm32f4xx_it.c"
Finished building: ../Src/stm32f4xx_it.c
 
Building file: ../Src/system_stm32f4xx.c
Invoking: MCU GCC Compiler
E:\nNote\3.1embedded_lab\embedded project\Rest-your-light\Debug
arm-none-eabi-gcc -mcpu=cortex-m4 -mthumb -mfloat-abi=hard -mfpu=fpv4-sp-d16 '-D__weak=__attribute__((weak))' '-D__packed=__attribute__((__packed__))' -DUSE_HAL_DRIVER -DSTM32F407xx -I"E:/nNote/3.1embedded_lab/embedded project/Rest-your-light/Inc" -I"E:/nNote/3.1embedded_lab/embedded project/Rest-your-light/Drivers/STM32F4xx_HAL_Driver/Inc" -I"E:/nNote/3.1embedded_lab/embedded project/Rest-your-light/Drivers/STM32F4xx_HAL_Driver/Inc/Legacy" -I"E:/nNote/3.1embedded_lab/embedded project/Rest-your-light/Drivers/CMSIS/Device/ST/STM32F4xx/Include" -I"E:/nNote/3.1embedded_lab/embedded project/Rest-your-light/Drivers/CMSIS/Include"  -Og -g3 -Wall -fmessage-length=0 -ffunction-sections -c -fmessage-length=0 -MMD -MP -MF"Src/system_stm32f4xx.d" -MT"Src/system_stm32f4xx.o" -o "Src/system_stm32f4xx.o" "../Src/system_stm32f4xx.c"
Finished building: ../Src/system_stm32f4xx.c
 
Building file: ../Drivers/STM32F4xx_HAL_Driver/Src/stm32f4xx_hal.c
Invoking: MCU GCC Compiler
E:\nNote\3.1embedded_lab\embedded project\Rest-your-light\Debug
arm-none-eabi-gcc -mcpu=cortex-m4 -mthumb -mfloat-abi=hard -mfpu=fpv4-sp-d16 '-D__weak=__attribute__((weak))' '-D__packed=__attribute__((__packed__))' -DUSE_HAL_DRIVER -DSTM32F407xx -I"E:/nNote/3.1embedded_lab/embedded project/Rest-your-light/Inc" -I"E:/nNote/3.1embedded_lab/embedded project/Rest-your-light/Drivers/STM32F4xx_HAL_Driver/Inc" -I"E:/nNote/3.1embedded_lab/embedded project/Rest-your-light/Drivers/STM32F4xx_HAL_Driver/Inc/Legacy" -I"E:/nNote/3.1embedded_lab/embedded project/Rest-your-light/Drivers/CMSIS/Device/ST/STM32F4xx/Include" -I"E:/nNote/3.1embedded_lab/embedded project/Rest-your-light/Drivers/CMSIS/Include"  -Og -g3 -Wall -fmessage-length=0 -ffunction-sections -c -fmessage-length=0 -MMD -MP -MF"Drivers/STM32F4xx_HAL_Driver/Src/stm32f4xx_hal.d" -MT"Drivers/STM32F4xx_HAL_Driver/Src/stm32f4xx_hal.o" -o "Drivers/STM32F4xx_HAL_Driver/Src/stm32f4xx_hal.o" "../Drivers/STM32F4xx_HAL_Driver/Src/stm32f4xx_hal.c"
Finished building: ../Drivers/STM32F4xx_HAL_Driver/Src/stm32f4xx_hal.c
 
Building file: ../Drivers/STM32F4xx_HAL_Driver/Src/stm32f4xx_hal_cortex.c
Invoking: MCU GCC Compiler
E:\nNote\3.1embedded_lab\embedded project\Rest-your-light\Debug
arm-none-eabi-gcc -mcpu=cortex-m4 -mthumb -mfloat-abi=hard -mfpu=fpv4-sp-d16 '-D__weak=__attribute__((weak))' '-D__packed=__attribute__((__packed__))' -DUSE_HAL_DRIVER -DSTM32F407xx -I"E:/nNote/3.1embedded_lab/embedded project/Rest-your-light/Inc" -I"E:/nNote/3.1embedded_lab/embedded project/Rest-your-light/Drivers/STM32F4xx_HAL_Driver/Inc" -I"E:/nNote/3.1embedded_lab/embedded project/Rest-your-light/Drivers/STM32F4xx_HAL_Driver/Inc/Legacy" -I"E:/nNote/3.1embedded_lab/embedded project/Rest-your-light/Drivers/CMSIS/Device/ST/STM32F4xx/Include" -I"E:/nNote/3.1embedded_lab/embedded project/Rest-your-light/Drivers/CMSIS/Include"  -Og -g3 -Wall -fmessage-length=0 -ffunction-sections -c -fmessage-length=0 -MMD -MP -MF"Drivers/STM32F4xx_HAL_Driver/Src/stm32f4xx_hal_cortex.d" -MT"Drivers/STM32F4xx_HAL_Driver/Src/stm32f4xx_hal_cortex.o" -o "Drivers/STM32F4xx_HAL_Driver/Src/stm32f4xx_hal_cortex.o" "../Drivers/STM32F4xx_HAL_Driver/Src/stm32f4xx_hal_cortex.c"
Finished building: ../Drivers/STM32F4xx_HAL_Driver/Src/stm32f4xx_hal_cortex.c
 
Building file: ../Drivers/STM32F4xx_HAL_Driver/Src/stm32f4xx_hal_dma.c
Invoking: MCU GCC Compiler
E:\nNote\3.1embedded_lab\embedded project\Rest-your-light\Debug
arm-none-eabi-gcc -mcpu=cortex-m4 -mthumb -mfloat-abi=hard -mfpu=fpv4-sp-d16 '-D__weak=__attribute__((weak))' '-D__packed=__attribute__((__packed__))' -DUSE_HAL_DRIVER -DSTM32F407xx -I"E:/nNote/3.1embedded_lab/embedded project/Rest-your-light/Inc" -I"E:/nNote/3.1embedded_lab/embedded project/Rest-your-light/Drivers/STM32F4xx_HAL_Driver/Inc" -I"E:/nNote/3.1embedded_lab/embedded project/Rest-your-light/Drivers/STM32F4xx_HAL_Driver/Inc/Legacy" -I"E:/nNote/3.1embedded_lab/embedded project/Rest-your-light/Drivers/CMSIS/Device/ST/STM32F4xx/Include" -I"E:/nNote/3.1embedded_lab/embedded project/Rest-your-light/Drivers/CMSIS/Include"  -Og -g3 -Wall -fmessage-length=0 -ffunction-sections -c -fmessage-length=0 -MMD -MP -MF"Drivers/STM32F4xx_HAL_Driver/Src/stm32f4xx_hal_dma.d" -MT"Drivers/STM32F4xx_HAL_Driver/Src/stm32f4xx_hal_dma.o" -o "Drivers/STM32F4xx_HAL_Driver/Src/stm32f4xx_hal_dma.o" "../Drivers/STM32F4xx_HAL_Driver/Src/stm32f4xx_hal_dma.c"
Finished building: ../Drivers/STM32F4xx_HAL_Driver/Src/stm32f4xx_hal_dma.c
 
Building file: ../Drivers/STM32F4xx_HAL_Driver/Src/stm32f4xx_hal_dma_ex.c
Invoking: MCU GCC Compiler
E:\nNote\3.1embedded_lab\embedded project\Rest-your-light\Debug
arm-none-eabi-gcc -mcpu=cortex-m4 -mthumb -mfloat-abi=hard -mfpu=fpv4-sp-d16 '-D__weak=__attribute__((weak))' '-D__packed=__attribute__((__packed__))' -DUSE_HAL_DRIVER -DSTM32F407xx -I"E:/nNote/3.1embedded_lab/embedded project/Rest-your-light/Inc" -I"E:/nNote/3.1embedded_lab/embedded project/Rest-your-light/Drivers/STM32F4xx_HAL_Driver/Inc" -I"E:/nNote/3.1embedded_lab/embedded project/Rest-your-light/Drivers/STM32F4xx_HAL_Driver/Inc/Legacy" -I"E:/nNote/3.1embedded_lab/embedded project/Rest-your-light/Drivers/CMSIS/Device/ST/STM32F4xx/Include" -I"E:/nNote/3.1embedded_lab/embedded project/Rest-your-light/Drivers/CMSIS/Include"  -Og -g3 -Wall -fmessage-length=0 -ffunction-sections -c -fmessage-length=0 -MMD -MP -MF"Drivers/STM32F4xx_HAL_Driver/Src/stm32f4xx_hal_dma_ex.d" -MT"Drivers/STM32F4xx_HAL_Driver/Src/stm32f4xx_hal_dma_ex.o" -o "Drivers/STM32F4xx_HAL_Driver/Src/stm32f4xx_hal_dma_ex.o" "../Drivers/STM32F4xx_HAL_Driver/Src/stm32f4xx_hal_dma_ex.c"
Finished building: ../Drivers/STM32F4xx_HAL_Driver/Src/stm32f4xx_hal_dma_ex.c
 
Building file: ../Drivers/STM32F4xx_HAL_Driver/Src/stm32f4xx_hal_flash.c
Invoking: MCU GCC Compiler
E:\nNote\3.1embedded_lab\embedded project\Rest-your-light\Debug
arm-none-eabi-gcc -mcpu=cortex-m4 -mthumb -mfloat-abi=hard -mfpu=fpv4-sp-d16 '-D__weak=__attribute__((weak))' '-D__packed=__attribute__((__packed__))' -DUSE_HAL_DRIVER -DSTM32F407xx -I"E:/nNote/3.1embedded_lab/embedded project/Rest-your-light/Inc" -I"E:/nNote/3.1embedded_lab/embedded project/Rest-your-light/Drivers/STM32F4xx_HAL_Driver/Inc" -I"E:/nNote/3.1embedded_lab/embedded project/Rest-your-light/Drivers/STM32F4xx_HAL_Driver/Inc/Legacy" -I"E:/nNote/3.1embedded_lab/embedded project/Rest-your-light/Drivers/CMSIS/Device/ST/STM32F4xx/Include" -I"E:/nNote/3.1embedded_lab/embedded project/Rest-your-light/Drivers/CMSIS/Include"  -Og -g3 -Wall -fmessage-length=0 -ffunction-sections -c -fmessage-length=0 -MMD -MP -MF"Drivers/STM32F4xx_HAL_Driver/Src/stm32f4xx_hal_flash.d" -MT"Drivers/STM32F4xx_HAL_Driver/Src/stm32f4xx_hal_flash.o" -o "Drivers/STM32F4xx_HAL_Driver/Src/stm32f4xx_hal_flash.o" "../Drivers/STM32F4xx_HAL_Driver/Src/stm32f4xx_hal_flash.c"
Finished building: ../Drivers/STM32F4xx_HAL_Driver/Src/stm32f4xx_hal_flash.c
 
Building file: ../Drivers/STM32F4xx_HAL_Driver/Src/stm32f4xx_hal_flash_ex.c
Invoking: MCU GCC Compiler
E:\nNote\3.1embedded_lab\embedded project\Rest-your-light\Debug
arm-none-eabi-gcc -mcpu=cortex-m4 -mthumb -mfloat-abi=hard -mfpu=fpv4-sp-d16 '-D__weak=__attribute__((weak))' '-D__packed=__attribute__((__packed__))' -DUSE_HAL_DRIVER -DSTM32F407xx -I"E:/nNote/3.1embedded_lab/embedded project/Rest-your-light/Inc" -I"E:/nNote/3.1embedded_lab/embedded project/Rest-your-light/Drivers/STM32F4xx_HAL_Driver/Inc" -I"E:/nNote/3.1embedded_lab/embedded project/Rest-your-light/Drivers/STM32F4xx_HAL_Driver/Inc/Legacy" -I"E:/nNote/3.1embedded_lab/embedded project/Rest-your-light/Drivers/CMSIS/Device/ST/STM32F4xx/Include" -I"E:/nNote/3.1embedded_lab/embedded project/Rest-your-light/Drivers/CMSIS/Include"  -Og -g3 -Wall -fmessage-length=0 -ffunction-sections -c -fmessage-length=0 -MMD -MP -MF"Drivers/STM32F4xx_HAL_Driver/Src/stm32f4xx_hal_flash_ex.d" -MT"Drivers/STM32F4xx_HAL_Driver/Src/stm32f4xx_hal_flash_ex.o" -o "Drivers/STM32F4xx_HAL_Driver/Src/stm32f4xx_hal_flash_ex.o" "../Drivers/STM32F4xx_HAL_Driver/Src/stm32f4xx_hal_flash_ex.c"
Finished building: ../Drivers/STM32F4xx_HAL_Driver/Src/stm32f4xx_hal_flash_ex.c
 
Building file: ../Drivers/STM32F4xx_HAL_Driver/Src/stm32f4xx_hal_flash_ramfunc.c
Invoking: MCU GCC Compiler
E:\nNote\3.1embedded_lab\embedded project\Rest-your-light\Debug
arm-none-eabi-gcc -mcpu=cortex-m4 -mthumb -mfloat-abi=hard -mfpu=fpv4-sp-d16 '-D__weak=__attribute__((weak))' '-D__packed=__attribute__((__packed__))' -DUSE_HAL_DRIVER -DSTM32F407xx -I"E:/nNote/3.1embedded_lab/embedded project/Rest-your-light/Inc" -I"E:/nNote/3.1embedded_lab/embedded project/Rest-your-light/Drivers/STM32F4xx_HAL_Driver/Inc" -I"E:/nNote/3.1embedded_lab/embedded project/Rest-your-light/Drivers/STM32F4xx_HAL_Driver/Inc/Legacy" -I"E:/nNote/3.1embedded_lab/embedded project/Rest-your-light/Drivers/CMSIS/Device/ST/STM32F4xx/Include" -I"E:/nNote/3.1embedded_lab/embedded project/Rest-your-light/Drivers/CMSIS/Include"  -Og -g3 -Wall -fmessage-length=0 -ffunction-sections -c -fmessage-length=0 -MMD -MP -MF"Drivers/STM32F4xx_HAL_Driver/Src/stm32f4xx_hal_flash_ramfunc.d" -MT"Drivers/STM32F4xx_HAL_Driver/Src/stm32f4xx_hal_flash_ramfunc.o" -o "Drivers/STM32F4xx_HAL_Driver/Src/stm32f4xx_hal_flash_ramfunc.o" "../Drivers/STM32F4xx_HAL_Driver/Src/stm32f4xx_hal_flash_ramfunc.c"
Finished building: ../Drivers/STM32F4xx_HAL_Driver/Src/stm32f4xx_hal_flash_ramfunc.c
 
Building file: ../Drivers/STM32F4xx_HAL_Driver/Src/stm32f4xx_hal_gpio.c
Invoking: MCU GCC Compiler
E:\nNote\3.1embedded_lab\embedded project\Rest-your-light\Debug
arm-none-eabi-gcc -mcpu=cortex-m4 -mthumb -mfloat-abi=hard -mfpu=fpv4-sp-d16 '-D__weak=__attribute__((weak))' '-D__packed=__attribute__((__packed__))' -DUSE_HAL_DRIVER -DSTM32F407xx -I"E:/nNote/3.1embedded_lab/embedded project/Rest-your-light/Inc" -I"E:/nNote/3.1embedded_lab/embedded project/Rest-your-light/Drivers/STM32F4xx_HAL_Driver/Inc" -I"E:/nNote/3.1embedded_lab/embedded project/Rest-your-light/Drivers/STM32F4xx_HAL_Driver/Inc/Legacy" -I"E:/nNote/3.1embedded_lab/embedded project/Rest-your-light/Drivers/CMSIS/Device/ST/STM32F4xx/Include" -I"E:/nNote/3.1embedded_lab/embedded project/Rest-your-light/Drivers/CMSIS/Include"  -Og -g3 -Wall -fmessage-length=0 -ffunction-sections -c -fmessage-length=0 -MMD -MP -MF"Drivers/STM32F4xx_HAL_Driver/Src/stm32f4xx_hal_gpio.d" -MT"Drivers/STM32F4xx_HAL_Driver/Src/stm32f4xx_hal_gpio.o" -o "Drivers/STM32F4xx_HAL_Driver/Src/stm32f4xx_hal_gpio.o" "../Drivers/STM32F4xx_HAL_Driver/Src/stm32f4xx_hal_gpio.c"
Finished building: ../Drivers/STM32F4xx_HAL_Driver/Src/stm32f4xx_hal_gpio.c
 
Building file: ../Drivers/STM32F4xx_HAL_Driver/Src/stm32f4xx_hal_pwr.c
Invoking: MCU GCC Compiler
E:\nNote\3.1embedded_lab\embedded project\Rest-your-light\Debug
arm-none-eabi-gcc -mcpu=cortex-m4 -mthumb -mfloat-abi=hard -mfpu=fpv4-sp-d16 '-D__weak=__attribute__((weak))' '-D__packed=__attribute__((__packed__))' -DUSE_HAL_DRIVER -DSTM32F407xx -I"E:/nNote/3.1embedded_lab/embedded project/Rest-your-light/Inc" -I"E:/nNote/3.1embedded_lab/embedded project/Rest-your-light/Drivers/STM32F4xx_HAL_Driver/Inc" -I"E:/nNote/3.1embedded_lab/embedded project/Rest-your-light/Drivers/STM32F4xx_HAL_Driver/Inc/Legacy" -I"E:/nNote/3.1embedded_lab/embedded project/Rest-your-light/Drivers/CMSIS/Device/ST/STM32F4xx/Include" -I"E:/nNote/3.1embedded_lab/embedded project/Rest-your-light/Drivers/CMSIS/Include"  -Og -g3 -Wall -fmessage-length=0 -ffunction-sections -c -fmessage-length=0 -MMD -MP -MF"Drivers/STM32F4xx_HAL_Driver/Src/stm32f4xx_hal_pwr.d" -MT"Drivers/STM32F4xx_HAL_Driver/Src/stm32f4xx_hal_pwr.o" -o "Drivers/STM32F4xx_HAL_Driver/Src/stm32f4xx_hal_pwr.o" "../Drivers/STM32F4xx_HAL_Driver/Src/stm32f4xx_hal_pwr.c"
Finished building: ../Drivers/STM32F4xx_HAL_Driver/Src/stm32f4xx_hal_pwr.c
 
Building file: ../Drivers/STM32F4xx_HAL_Driver/Src/stm32f4xx_hal_pwr_ex.c
Invoking: MCU GCC Compiler
E:\nNote\3.1embedded_lab\embedded project\Rest-your-light\Debug
arm-none-eabi-gcc -mcpu=cortex-m4 -mthumb -mfloat-abi=hard -mfpu=fpv4-sp-d16 '-D__weak=__attribute__((weak))' '-D__packed=__attribute__((__packed__))' -DUSE_HAL_DRIVER -DSTM32F407xx -I"E:/nNote/3.1embedded_lab/embedded project/Rest-your-light/Inc" -I"E:/nNote/3.1embedded_lab/embedded project/Rest-your-light/Drivers/STM32F4xx_HAL_Driver/Inc" -I"E:/nNote/3.1embedded_lab/embedded project/Rest-your-light/Drivers/STM32F4xx_HAL_Driver/Inc/Legacy" -I"E:/nNote/3.1embedded_lab/embedded project/Rest-your-light/Drivers/CMSIS/Device/ST/STM32F4xx/Include" -I"E:/nNote/3.1embedded_lab/embedded project/Rest-your-light/Drivers/CMSIS/Include"  -Og -g3 -Wall -fmessage-length=0 -ffunction-sections -c -fmessage-length=0 -MMD -MP -MF"Drivers/STM32F4xx_HAL_Driver/Src/stm32f4xx_hal_pwr_ex.d" -MT"Drivers/STM32F4xx_HAL_Driver/Src/stm32f4xx_hal_pwr_ex.o" -o "Drivers/STM32F4xx_HAL_Driver/Src/stm32f4xx_hal_pwr_ex.o" "../Drivers/STM32F4xx_HAL_Driver/Src/stm32f4xx_hal_pwr_ex.c"
Finished building: ../Drivers/STM32F4xx_HAL_Driver/Src/stm32f4xx_hal_pwr_ex.c
 
Building file: ../Drivers/STM32F4xx_HAL_Driver/Src/stm32f4xx_hal_rcc.c
Invoking: MCU GCC Compiler
E:\nNote\3.1embedded_lab\embedded project\Rest-your-light\Debug
arm-none-eabi-gcc -mcpu=cortex-m4 -mthumb -mfloat-abi=hard -mfpu=fpv4-sp-d16 '-D__weak=__attribute__((weak))' '-D__packed=__attribute__((__packed__))' -DUSE_HAL_DRIVER -DSTM32F407xx -I"E:/nNote/3.1embedded_lab/embedded project/Rest-your-light/Inc" -I"E:/nNote/3.1embedded_lab/embedded project/Rest-your-light/Drivers/STM32F4xx_HAL_Driver/Inc" -I"E:/nNote/3.1embedded_lab/embedded project/Rest-your-light/Drivers/STM32F4xx_HAL_Driver/Inc/Legacy" -I"E:/nNote/3.1embedded_lab/embedded project/Rest-your-light/Drivers/CMSIS/Device/ST/STM32F4xx/Include" -I"E:/nNote/3.1embedded_lab/embedded project/Rest-your-light/Drivers/CMSIS/Include"  -Og -g3 -Wall -fmessage-length=0 -ffunction-sections -c -fmessage-length=0 -MMD -MP -MF"Drivers/STM32F4xx_HAL_Driver/Src/stm32f4xx_hal_rcc.d" -MT"Drivers/STM32F4xx_HAL_Driver/Src/stm32f4xx_hal_rcc.o" -o "Drivers/STM32F4xx_HAL_Driver/Src/stm32f4xx_hal_rcc.o" "../Drivers/STM32F4xx_HAL_Driver/Src/stm32f4xx_hal_rcc.c"
Finished building: ../Drivers/STM32F4xx_HAL_Driver/Src/stm32f4xx_hal_rcc.c
 
Building file: ../Drivers/STM32F4xx_HAL_Driver/Src/stm32f4xx_hal_rcc_ex.c
Invoking: MCU GCC Compiler
E:\nNote\3.1embedded_lab\embedded project\Rest-your-light\Debug
arm-none-eabi-gcc -mcpu=cortex-m4 -mthumb -mfloat-abi=hard -mfpu=fpv4-sp-d16 '-D__weak=__attribute__((weak))' '-D__packed=__attribute__((__packed__))' -DUSE_HAL_DRIVER -DSTM32F407xx -I"E:/nNote/3.1embedded_lab/embedded project/Rest-your-light/Inc" -I"E:/nNote/3.1embedded_lab/embedded project/Rest-your-light/Drivers/STM32F4xx_HAL_Driver/Inc" -I"E:/nNote/3.1embedded_lab/embedded project/Rest-your-light/Drivers/STM32F4xx_HAL_Driver/Inc/Legacy" -I"E:/nNote/3.1embedded_lab/embedded project/Rest-your-light/Drivers/CMSIS/Device/ST/STM32F4xx/Include" -I"E:/nNote/3.1embedded_lab/embedded project/Rest-your-light/Drivers/CMSIS/Include"  -Og -g3 -Wall -fmessage-length=0 -ffunction-sections -c -fmessage-length=0 -MMD -MP -MF"Drivers/STM32F4xx_HAL_Driver/Src/stm32f4xx_hal_rcc_ex.d" -MT"Drivers/STM32F4xx_HAL_Driver/Src/stm32f4xx_hal_rcc_ex.o" -o "Drivers/STM32F4xx_HAL_Driver/Src/stm32f4xx_hal_rcc_ex.o" "../Drivers/STM32F4xx_HAL_Driver/Src/stm32f4xx_hal_rcc_ex.c"
Finished building: ../Drivers/STM32F4xx_HAL_Driver/Src/stm32f4xx_hal_rcc_ex.c
 
Building file: ../Drivers/STM32F4xx_HAL_Driver/Src/stm32f4xx_hal_tim.c
Invoking: MCU GCC Compiler
E:\nNote\3.1embedded_lab\embedded project\Rest-your-light\Debug
arm-none-eabi-gcc -mcpu=cortex-m4 -mthumb -mfloat-abi=hard -mfpu=fpv4-sp-d16 '-D__weak=__attribute__((weak))' '-D__packed=__attribute__((__packed__))' -DUSE_HAL_DRIVER -DSTM32F407xx -I"E:/nNote/3.1embedded_lab/embedded project/Rest-your-light/Inc" -I"E:/nNote/3.1embedded_lab/embedded project/Rest-your-light/Drivers/STM32F4xx_HAL_Driver/Inc" -I"E:/nNote/3.1embedded_lab/embedded project/Rest-your-light/Drivers/STM32F4xx_HAL_Driver/Inc/Legacy" -I"E:/nNote/3.1embedded_lab/embedded project/Rest-your-light/Drivers/CMSIS/Device/ST/STM32F4xx/Include" -I"E:/nNote/3.1embedded_lab/embedded project/Rest-your-light/Drivers/CMSIS/Include"  -Og -g3 -Wall -fmessage-length=0 -ffunction-sections -c -fmessage-length=0 -MMD -MP -MF"Drivers/STM32F4xx_HAL_Driver/Src/stm32f4xx_hal_tim.d" -MT"Drivers/STM32F4xx_HAL_Driver/Src/stm32f4xx_hal_tim.o" -o "Drivers/STM32F4xx_HAL_Driver/Src/stm32f4xx_hal_tim.o" "../Drivers/STM32F4xx_HAL_Driver/Src/stm32f4xx_hal_tim.c"
Finished building: ../Drivers/STM32F4xx_HAL_Driver/Src/stm32f4xx_hal_tim.c
 
Building file: ../Drivers/STM32F4xx_HAL_Driver/Src/stm32f4xx_hal_tim_ex.c
Invoking: MCU GCC Compiler
E:\nNote\3.1embedded_lab\embedded project\Rest-your-light\Debug
arm-none-eabi-gcc -mcpu=cortex-m4 -mthumb -mfloat-abi=hard -mfpu=fpv4-sp-d16 '-D__weak=__attribute__((weak))' '-D__packed=__attribute__((__packed__))' -DUSE_HAL_DRIVER -DSTM32F407xx -I"E:/nNote/3.1embedded_lab/embedded project/Rest-your-light/Inc" -I"E:/nNote/3.1embedded_lab/embedded project/Rest-your-light/Drivers/STM32F4xx_HAL_Driver/Inc" -I"E:/nNote/3.1embedded_lab/embedded project/Rest-your-light/Drivers/STM32F4xx_HAL_Driver/Inc/Legacy" -I"E:/nNote/3.1embedded_lab/embedded project/Rest-your-light/Drivers/CMSIS/Device/ST/STM32F4xx/Include" -I"E:/nNote/3.1embedded_lab/embedded project/Rest-your-light/Drivers/CMSIS/Include"  -Og -g3 -Wall -fmessage-length=0 -ffunction-sections -c -fmessage-length=0 -MMD -MP -MF"Drivers/STM32F4xx_HAL_Driver/Src/stm32f4xx_hal_tim_ex.d" -MT"Drivers/STM32F4xx_HAL_Driver/Src/stm32f4xx_hal_tim_ex.o" -o "Drivers/STM32F4xx_HAL_Driver/Src/stm32f4xx_hal_tim_ex.o" "../Drivers/STM32F4xx_HAL_Driver/Src/stm32f4xx_hal_tim_ex.c"
Finished building: ../Drivers/STM32F4xx_HAL_Driver/Src/stm32f4xx_hal_tim_ex.c
 
Building file: ../Drivers/STM32F4xx_HAL_Driver/Src/stm32f4xx_hal_uart.c
Invoking: MCU GCC Compiler
E:\nNote\3.1embedded_lab\embedded project\Rest-your-light\Debug
arm-none-eabi-gcc -mcpu=cortex-m4 -mthumb -mfloat-abi=hard -mfpu=fpv4-sp-d16 '-D__weak=__attribute__((weak))' '-D__packed=__attribute__((__packed__))' -DUSE_HAL_DRIVER -DSTM32F407xx -I"E:/nNote/3.1embedded_lab/embedded project/Rest-your-light/Inc" -I"E:/nNote/3.1embedded_lab/embedded project/Rest-your-light/Drivers/STM32F4xx_HAL_Driver/Inc" -I"E:/nNote/3.1embedded_lab/embedded project/Rest-your-light/Drivers/STM32F4xx_HAL_Driver/Inc/Legacy" -I"E:/nNote/3.1embedded_lab/embedded project/Rest-your-light/Drivers/CMSIS/Device/ST/STM32F4xx/Include" -I"E:/nNote/3.1embedded_lab/embedded project/Rest-your-light/Drivers/CMSIS/Include"  -Og -g3 -Wall -fmessage-length=0 -ffunction-sections -c -fmessage-length=0 -MMD -MP -MF"Drivers/STM32F4xx_HAL_Driver/Src/stm32f4xx_hal_uart.d" -MT"Drivers/STM32F4xx_HAL_Driver/Src/stm32f4xx_hal_uart.o" -o "Drivers/STM32F4xx_HAL_Driver/Src/stm32f4xx_hal_uart.o" "../Drivers/STM32F4xx_HAL_Driver/Src/stm32f4xx_hal_uart.c"
Finished building: ../Drivers/STM32F4xx_HAL_Driver/Src/stm32f4xx_hal_uart.c
 
Building target: Rest-your-light.elf
Invoking: MCU GCC Linker
arm-none-eabi-gcc -mcpu=cortex-m4 -mthumb -mfloat-abi=hard -mfpu=fpv4-sp-d16 -specs=nosys.specs -specs=nano.specs -T"../STM32F407VGTx_FLASH.ld" -Wl,-Map=output.map -Wl,--gc-sections -o "Rest-your-light.elf" @"objects.list"   -lm
Finished building target: Rest-your-light.elf
 
make --no-print-directory post-build
Generating hex and Printing size information:
arm-none-eabi-objcopy -O ihex "Rest-your-light.elf" "Rest-your-light.hex"
arm-none-eabi-size "Rest-your-light.elf"
   text	   data	    bss	    dec	    hex	filename
   9564	     20	   1884	  11468	   2ccc	Rest-your-light.elf
 
11:39:25 **** Incremental Build of configuration Debug for project Rest-your-light ****
make all 
Building file: ../Src/main.c
Invoking: MCU GCC Compiler
E:\nNote\3.1embedded_lab\embedded project\Rest-your-light\Debug
arm-none-eabi-gcc -mcpu=cortex-m4 -mthumb -mfloat-abi=hard -mfpu=fpv4-sp-d16 '-D__weak=__attribute__((weak))' '-D__packed=__attribute__((__packed__))' -DUSE_HAL_DRIVER -DSTM32F407xx -I"E:/nNote/3.1embedded_lab/embedded project/Rest-your-light/Inc" -I"E:/nNote/3.1embedded_lab/embedded project/Rest-your-light/Drivers/STM32F4xx_HAL_Driver/Inc" -I"E:/nNote/3.1embedded_lab/embedded project/Rest-your-light/Drivers/STM32F4xx_HAL_Driver/Inc/Legacy" -I"E:/nNote/3.1embedded_lab/embedded project/Rest-your-light/Drivers/CMSIS/Device/ST/STM32F4xx/Include" -I"E:/nNote/3.1embedded_lab/embedded project/Rest-your-light/Drivers/CMSIS/Include"  -Og -g3 -Wall -fmessage-length=0 -ffunction-sections -c -fmessage-length=0 -MMD -MP -MF"Src/main.d" -MT"Src/main.o" -o "Src/main.o" "../Src/main.c"
Finished building: ../Src/main.c
 
Building file: ../Src/stm32f4xx_hal_msp.c
Invoking: MCU GCC Compiler
E:\nNote\3.1embedded_lab\embedded project\Rest-your-light\Debug
arm-none-eabi-gcc -mcpu=cortex-m4 -mthumb -mfloat-abi=hard -mfpu=fpv4-sp-d16 '-D__weak=__attribute__((weak))' '-D__packed=__attribute__((__packed__))' -DUSE_HAL_DRIVER -DSTM32F407xx -I"E:/nNote/3.1embedded_lab/embedded project/Rest-your-light/Inc" -I"E:/nNote/3.1embedded_lab/embedded project/Rest-your-light/Drivers/STM32F4xx_HAL_Driver/Inc" -I"E:/nNote/3.1embedded_lab/embedded project/Rest-your-light/Drivers/STM32F4xx_HAL_Driver/Inc/Legacy" -I"E:/nNote/3.1embedded_lab/embedded project/Rest-your-light/Drivers/CMSIS/Device/ST/STM32F4xx/Include" -I"E:/nNote/3.1embedded_lab/embedded project/Rest-your-light/Drivers/CMSIS/Include"  -Og -g3 -Wall -fmessage-length=0 -ffunction-sections -c -fmessage-length=0 -MMD -MP -MF"Src/stm32f4xx_hal_msp.d" -MT"Src/stm32f4xx_hal_msp.o" -o "Src/stm32f4xx_hal_msp.o" "../Src/stm32f4xx_hal_msp.c"
Finished building: ../Src/stm32f4xx_hal_msp.c
 
Building file: ../Src/stm32f4xx_it.c
Invoking: MCU GCC Compiler
E:\nNote\3.1embedded_lab\embedded project\Rest-your-light\Debug
arm-none-eabi-gcc -mcpu=cortex-m4 -mthumb -mfloat-abi=hard -mfpu=fpv4-sp-d16 '-D__weak=__attribute__((weak))' '-D__packed=__attribute__((__packed__))' -DUSE_HAL_DRIVER -DSTM32F407xx -I"E:/nNote/3.1embedded_lab/embedded project/Rest-your-light/Inc" -I"E:/nNote/3.1embedded_lab/embedded project/Rest-your-light/Drivers/STM32F4xx_HAL_Driver/Inc" -I"E:/nNote/3.1embedded_lab/embedded project/Rest-your-light/Drivers/STM32F4xx_HAL_Driver/Inc/Legacy" -I"E:/nNote/3.1embedded_lab/embedded project/Rest-your-light/Drivers/CMSIS/Device/ST/STM32F4xx/Include" -I"E:/nNote/3.1embedded_lab/embedded project/Rest-your-light/Drivers/CMSIS/Include"  -Og -g3 -Wall -fmessage-length=0 -ffunction-sections -c -fmessage-length=0 -MMD -MP -MF"Src/stm32f4xx_it.d" -MT"Src/stm32f4xx_it.o" -o "Src/stm32f4xx_it.o" "../Src/stm32f4xx_it.c"
Finished building: ../Src/stm32f4xx_it.c
 
Building file: ../Src/system_stm32f4xx.c
Invoking: MCU GCC Compiler
E:\nNote\3.1embedded_lab\embedded project\Rest-your-light\Debug
arm-none-eabi-gcc -mcpu=cortex-m4 -mthumb -mfloat-abi=hard -mfpu=fpv4-sp-d16 '-D__weak=__attribute__((weak))' '-D__packed=__attribute__((__packed__))' -DUSE_HAL_DRIVER -DSTM32F407xx -I"E:/nNote/3.1embedded_lab/embedded project/Rest-your-light/Inc" -I"E:/nNote/3.1embedded_lab/embedded project/Rest-your-light/Drivers/STM32F4xx_HAL_Driver/Inc" -I"E:/nNote/3.1embedded_lab/embedded project/Rest-your-light/Drivers/STM32F4xx_HAL_Driver/Inc/Legacy" -I"E:/nNote/3.1embedded_lab/embedded project/Rest-your-light/Drivers/CMSIS/Device/ST/STM32F4xx/Include" -I"E:/nNote/3.1embedded_lab/embedded project/Rest-your-light/Drivers/CMSIS/Include"  -Og -g3 -Wall -fmessage-length=0 -ffunction-sections -c -fmessage-length=0 -MMD -MP -MF"Src/system_stm32f4xx.d" -MT"Src/system_stm32f4xx.o" -o "Src/system_stm32f4xx.o" "../Src/system_stm32f4xx.c"
Finished building: ../Src/system_stm32f4xx.c
 
Building file: ../Drivers/STM32F4xx_HAL_Driver/Src/stm32f4xx_hal.c
Invoking: MCU GCC Compiler
E:\nNote\3.1embedded_lab\embedded project\Rest-your-light\Debug
arm-none-eabi-gcc -mcpu=cortex-m4 -mthumb -mfloat-abi=hard -mfpu=fpv4-sp-d16 '-D__weak=__attribute__((weak))' '-D__packed=__attribute__((__packed__))' -DUSE_HAL_DRIVER -DSTM32F407xx -I"E:/nNote/3.1embedded_lab/embedded project/Rest-your-light/Inc" -I"E:/nNote/3.1embedded_lab/embedded project/Rest-your-light/Drivers/STM32F4xx_HAL_Driver/Inc" -I"E:/nNote/3.1embedded_lab/embedded project/Rest-your-light/Drivers/STM32F4xx_HAL_Driver/Inc/Legacy" -I"E:/nNote/3.1embedded_lab/embedded project/Rest-your-light/Drivers/CMSIS/Device/ST/STM32F4xx/Include" -I"E:/nNote/3.1embedded_lab/embedded project/Rest-your-light/Drivers/CMSIS/Include"  -Og -g3 -Wall -fmessage-length=0 -ffunction-sections -c -fmessage-length=0 -MMD -MP -MF"Drivers/STM32F4xx_HAL_Driver/Src/stm32f4xx_hal.d" -MT"Drivers/STM32F4xx_HAL_Driver/Src/stm32f4xx_hal.o" -o "Drivers/STM32F4xx_HAL_Driver/Src/stm32f4xx_hal.o" "../Drivers/STM32F4xx_HAL_Driver/Src/stm32f4xx_hal.c"
Finished building: ../Drivers/STM32F4xx_HAL_Driver/Src/stm32f4xx_hal.c
 
Building file: ../Drivers/STM32F4xx_HAL_Driver/Src/stm32f4xx_hal_cortex.c
Invoking: MCU GCC Compiler
E:\nNote\3.1embedded_lab\embedded project\Rest-your-light\Debug
arm-none-eabi-gcc -mcpu=cortex-m4 -mthumb -mfloat-abi=hard -mfpu=fpv4-sp-d16 '-D__weak=__attribute__((weak))' '-D__packed=__attribute__((__packed__))' -DUSE_HAL_DRIVER -DSTM32F407xx -I"E:/nNote/3.1embedded_lab/embedded project/Rest-your-light/Inc" -I"E:/nNote/3.1embedded_lab/embedded project/Rest-your-light/Drivers/STM32F4xx_HAL_Driver/Inc" -I"E:/nNote/3.1embedded_lab/embedded project/Rest-your-light/Drivers/STM32F4xx_HAL_Driver/Inc/Legacy" -I"E:/nNote/3.1embedded_lab/embedded project/Rest-your-light/Drivers/CMSIS/Device/ST/STM32F4xx/Include" -I"E:/nNote/3.1embedded_lab/embedded project/Rest-your-light/Drivers/CMSIS/Include"  -Og -g3 -Wall -fmessage-length=0 -ffunction-sections -c -fmessage-length=0 -MMD -MP -MF"Drivers/STM32F4xx_HAL_Driver/Src/stm32f4xx_hal_cortex.d" -MT"Drivers/STM32F4xx_HAL_Driver/Src/stm32f4xx_hal_cortex.o" -o "Drivers/STM32F4xx_HAL_Driver/Src/stm32f4xx_hal_cortex.o" "../Drivers/STM32F4xx_HAL_Driver/Src/stm32f4xx_hal_cortex.c"
Finished building: ../Drivers/STM32F4xx_HAL_Driver/Src/stm32f4xx_hal_cortex.c
 
Building file: ../Drivers/STM32F4xx_HAL_Driver/Src/stm32f4xx_hal_dma.c
Invoking: MCU GCC Compiler
E:\nNote\3.1embedded_lab\embedded project\Rest-your-light\Debug
arm-none-eabi-gcc -mcpu=cortex-m4 -mthumb -mfloat-abi=hard -mfpu=fpv4-sp-d16 '-D__weak=__attribute__((weak))' '-D__packed=__attribute__((__packed__))' -DUSE_HAL_DRIVER -DSTM32F407xx -I"E:/nNote/3.1embedded_lab/embedded project/Rest-your-light/Inc" -I"E:/nNote/3.1embedded_lab/embedded project/Rest-your-light/Drivers/STM32F4xx_HAL_Driver/Inc" -I"E:/nNote/3.1embedded_lab/embedded project/Rest-your-light/Drivers/STM32F4xx_HAL_Driver/Inc/Legacy" -I"E:/nNote/3.1embedded_lab/embedded project/Rest-your-light/Drivers/CMSIS/Device/ST/STM32F4xx/Include" -I"E:/nNote/3.1embedded_lab/embedded project/Rest-your-light/Drivers/CMSIS/Include"  -Og -g3 -Wall -fmessage-length=0 -ffunction-sections -c -fmessage-length=0 -MMD -MP -MF"Drivers/STM32F4xx_HAL_Driver/Src/stm32f4xx_hal_dma.d" -MT"Drivers/STM32F4xx_HAL_Driver/Src/stm32f4xx_hal_dma.o" -o "Drivers/STM32F4xx_HAL_Driver/Src/stm32f4xx_hal_dma.o" "../Drivers/STM32F4xx_HAL_Driver/Src/stm32f4xx_hal_dma.c"
Finished building: ../Drivers/STM32F4xx_HAL_Driver/Src/stm32f4xx_hal_dma.c
 
Building file: ../Drivers/STM32F4xx_HAL_Driver/Src/stm32f4xx_hal_dma_ex.c
Invoking: MCU GCC Compiler
E:\nNote\3.1embedded_lab\embedded project\Rest-your-light\Debug
arm-none-eabi-gcc -mcpu=cortex-m4 -mthumb -mfloat-abi=hard -mfpu=fpv4-sp-d16 '-D__weak=__attribute__((weak))' '-D__packed=__attribute__((__packed__))' -DUSE_HAL_DRIVER -DSTM32F407xx -I"E:/nNote/3.1embedded_lab/embedded project/Rest-your-light/Inc" -I"E:/nNote/3.1embedded_lab/embedded project/Rest-your-light/Drivers/STM32F4xx_HAL_Driver/Inc" -I"E:/nNote/3.1embedded_lab/embedded project/Rest-your-light/Drivers/STM32F4xx_HAL_Driver/Inc/Legacy" -I"E:/nNote/3.1embedded_lab/embedded project/Rest-your-light/Drivers/CMSIS/Device/ST/STM32F4xx/Include" -I"E:/nNote/3.1embedded_lab/embedded project/Rest-your-light/Drivers/CMSIS/Include"  -Og -g3 -Wall -fmessage-length=0 -ffunction-sections -c -fmessage-length=0 -MMD -MP -MF"Drivers/STM32F4xx_HAL_Driver/Src/stm32f4xx_hal_dma_ex.d" -MT"Drivers/STM32F4xx_HAL_Driver/Src/stm32f4xx_hal_dma_ex.o" -o "Drivers/STM32F4xx_HAL_Driver/Src/stm32f4xx_hal_dma_ex.o" "../Drivers/STM32F4xx_HAL_Driver/Src/stm32f4xx_hal_dma_ex.c"
Finished building: ../Drivers/STM32F4xx_HAL_Driver/Src/stm32f4xx_hal_dma_ex.c
 
Building file: ../Drivers/STM32F4xx_HAL_Driver/Src/stm32f4xx_hal_flash.c
Invoking: MCU GCC Compiler
E:\nNote\3.1embedded_lab\embedded project\Rest-your-light\Debug
arm-none-eabi-gcc -mcpu=cortex-m4 -mthumb -mfloat-abi=hard -mfpu=fpv4-sp-d16 '-D__weak=__attribute__((weak))' '-D__packed=__attribute__((__packed__))' -DUSE_HAL_DRIVER -DSTM32F407xx -I"E:/nNote/3.1embedded_lab/embedded project/Rest-your-light/Inc" -I"E:/nNote/3.1embedded_lab/embedded project/Rest-your-light/Drivers/STM32F4xx_HAL_Driver/Inc" -I"E:/nNote/3.1embedded_lab/embedded project/Rest-your-light/Drivers/STM32F4xx_HAL_Driver/Inc/Legacy" -I"E:/nNote/3.1embedded_lab/embedded project/Rest-your-light/Drivers/CMSIS/Device/ST/STM32F4xx/Include" -I"E:/nNote/3.1embedded_lab/embedded project/Rest-your-light/Drivers/CMSIS/Include"  -Og -g3 -Wall -fmessage-length=0 -ffunction-sections -c -fmessage-length=0 -MMD -MP -MF"Drivers/STM32F4xx_HAL_Driver/Src/stm32f4xx_hal_flash.d" -MT"Drivers/STM32F4xx_HAL_Driver/Src/stm32f4xx_hal_flash.o" -o "Drivers/STM32F4xx_HAL_Driver/Src/stm32f4xx_hal_flash.o" "../Drivers/STM32F4xx_HAL_Driver/Src/stm32f4xx_hal_flash.c"
Finished building: ../Drivers/STM32F4xx_HAL_Driver/Src/stm32f4xx_hal_flash.c
 
Building file: ../Drivers/STM32F4xx_HAL_Driver/Src/stm32f4xx_hal_flash_ex.c
Invoking: MCU GCC Compiler
E:\nNote\3.1embedded_lab\embedded project\Rest-your-light\Debug
arm-none-eabi-gcc -mcpu=cortex-m4 -mthumb -mfloat-abi=hard -mfpu=fpv4-sp-d16 '-D__weak=__attribute__((weak))' '-D__packed=__attribute__((__packed__))' -DUSE_HAL_DRIVER -DSTM32F407xx -I"E:/nNote/3.1embedded_lab/embedded project/Rest-your-light/Inc" -I"E:/nNote/3.1embedded_lab/embedded project/Rest-your-light/Drivers/STM32F4xx_HAL_Driver/Inc" -I"E:/nNote/3.1embedded_lab/embedded project/Rest-your-light/Drivers/STM32F4xx_HAL_Driver/Inc/Legacy" -I"E:/nNote/3.1embedded_lab/embedded project/Rest-your-light/Drivers/CMSIS/Device/ST/STM32F4xx/Include" -I"E:/nNote/3.1embedded_lab/embedded project/Rest-your-light/Drivers/CMSIS/Include"  -Og -g3 -Wall -fmessage-length=0 -ffunction-sections -c -fmessage-length=0 -MMD -MP -MF"Drivers/STM32F4xx_HAL_Driver/Src/stm32f4xx_hal_flash_ex.d" -MT"Drivers/STM32F4xx_HAL_Driver/Src/stm32f4xx_hal_flash_ex.o" -o "Drivers/STM32F4xx_HAL_Driver/Src/stm32f4xx_hal_flash_ex.o" "../Drivers/STM32F4xx_HAL_Driver/Src/stm32f4xx_hal_flash_ex.c"
Finished building: ../Drivers/STM32F4xx_HAL_Driver/Src/stm32f4xx_hal_flash_ex.c
 
Building file: ../Drivers/STM32F4xx_HAL_Driver/Src/stm32f4xx_hal_flash_ramfunc.c
Invoking: MCU GCC Compiler
E:\nNote\3.1embedded_lab\embedded project\Rest-your-light\Debug
arm-none-eabi-gcc -mcpu=cortex-m4 -mthumb -mfloat-abi=hard -mfpu=fpv4-sp-d16 '-D__weak=__attribute__((weak))' '-D__packed=__attribute__((__packed__))' -DUSE_HAL_DRIVER -DSTM32F407xx -I"E:/nNote/3.1embedded_lab/embedded project/Rest-your-light/Inc" -I"E:/nNote/3.1embedded_lab/embedded project/Rest-your-light/Drivers/STM32F4xx_HAL_Driver/Inc" -I"E:/nNote/3.1embedded_lab/embedded project/Rest-your-light/Drivers/STM32F4xx_HAL_Driver/Inc/Legacy" -I"E:/nNote/3.1embedded_lab/embedded project/Rest-your-light/Drivers/CMSIS/Device/ST/STM32F4xx/Include" -I"E:/nNote/3.1embedded_lab/embedded project/Rest-your-light/Drivers/CMSIS/Include"  -Og -g3 -Wall -fmessage-length=0 -ffunction-sections -c -fmessage-length=0 -MMD -MP -MF"Drivers/STM32F4xx_HAL_Driver/Src/stm32f4xx_hal_flash_ramfunc.d" -MT"Drivers/STM32F4xx_HAL_Driver/Src/stm32f4xx_hal_flash_ramfunc.o" -o "Drivers/STM32F4xx_HAL_Driver/Src/stm32f4xx_hal_flash_ramfunc.o" "../Drivers/STM32F4xx_HAL_Driver/Src/stm32f4xx_hal_flash_ramfunc.c"
Finished building: ../Drivers/STM32F4xx_HAL_Driver/Src/stm32f4xx_hal_flash_ramfunc.c
 
Building file: ../Drivers/STM32F4xx_HAL_Driver/Src/stm32f4xx_hal_gpio.c
Invoking: MCU GCC Compiler
E:\nNote\3.1embedded_lab\embedded project\Rest-your-light\Debug
arm-none-eabi-gcc -mcpu=cortex-m4 -mthumb -mfloat-abi=hard -mfpu=fpv4-sp-d16 '-D__weak=__attribute__((weak))' '-D__packed=__attribute__((__packed__))' -DUSE_HAL_DRIVER -DSTM32F407xx -I"E:/nNote/3.1embedded_lab/embedded project/Rest-your-light/Inc" -I"E:/nNote/3.1embedded_lab/embedded project/Rest-your-light/Drivers/STM32F4xx_HAL_Driver/Inc" -I"E:/nNote/3.1embedded_lab/embedded project/Rest-your-light/Drivers/STM32F4xx_HAL_Driver/Inc/Legacy" -I"E:/nNote/3.1embedded_lab/embedded project/Rest-your-light/Drivers/CMSIS/Device/ST/STM32F4xx/Include" -I"E:/nNote/3.1embedded_lab/embedded project/Rest-your-light/Drivers/CMSIS/Include"  -Og -g3 -Wall -fmessage-length=0 -ffunction-sections -c -fmessage-length=0 -MMD -MP -MF"Drivers/STM32F4xx_HAL_Driver/Src/stm32f4xx_hal_gpio.d" -MT"Drivers/STM32F4xx_HAL_Driver/Src/stm32f4xx_hal_gpio.o" -o "Drivers/STM32F4xx_HAL_Driver/Src/stm32f4xx_hal_gpio.o" "../Drivers/STM32F4xx_HAL_Driver/Src/stm32f4xx_hal_gpio.c"
Finished building: ../Drivers/STM32F4xx_HAL_Driver/Src/stm32f4xx_hal_gpio.c
 
Building file: ../Drivers/STM32F4xx_HAL_Driver/Src/stm32f4xx_hal_pwr.c
Invoking: MCU GCC Compiler
E:\nNote\3.1embedded_lab\embedded project\Rest-your-light\Debug
arm-none-eabi-gcc -mcpu=cortex-m4 -mthumb -mfloat-abi=hard -mfpu=fpv4-sp-d16 '-D__weak=__attribute__((weak))' '-D__packed=__attribute__((__packed__))' -DUSE_HAL_DRIVER -DSTM32F407xx -I"E:/nNote/3.1embedded_lab/embedded project/Rest-your-light/Inc" -I"E:/nNote/3.1embedded_lab/embedded project/Rest-your-light/Drivers/STM32F4xx_HAL_Driver/Inc" -I"E:/nNote/3.1embedded_lab/embedded project/Rest-your-light/Drivers/STM32F4xx_HAL_Driver/Inc/Legacy" -I"E:/nNote/3.1embedded_lab/embedded project/Rest-your-light/Drivers/CMSIS/Device/ST/STM32F4xx/Include" -I"E:/nNote/3.1embedded_lab/embedded project/Rest-your-light/Drivers/CMSIS/Include"  -Og -g3 -Wall -fmessage-length=0 -ffunction-sections -c -fmessage-length=0 -MMD -MP -MF"Drivers/STM32F4xx_HAL_Driver/Src/stm32f4xx_hal_pwr.d" -MT"Drivers/STM32F4xx_HAL_Driver/Src/stm32f4xx_hal_pwr.o" -o "Drivers/STM32F4xx_HAL_Driver/Src/stm32f4xx_hal_pwr.o" "../Drivers/STM32F4xx_HAL_Driver/Src/stm32f4xx_hal_pwr.c"
Finished building: ../Drivers/STM32F4xx_HAL_Driver/Src/stm32f4xx_hal_pwr.c
 
Building file: ../Drivers/STM32F4xx_HAL_Driver/Src/stm32f4xx_hal_pwr_ex.c
Invoking: MCU GCC Compiler
E:\nNote\3.1embedded_lab\embedded project\Rest-your-light\Debug
arm-none-eabi-gcc -mcpu=cortex-m4 -mthumb -mfloat-abi=hard -mfpu=fpv4-sp-d16 '-D__weak=__attribute__((weak))' '-D__packed=__attribute__((__packed__))' -DUSE_HAL_DRIVER -DSTM32F407xx -I"E:/nNote/3.1embedded_lab/embedded project/Rest-your-light/Inc" -I"E:/nNote/3.1embedded_lab/embedded project/Rest-your-light/Drivers/STM32F4xx_HAL_Driver/Inc" -I"E:/nNote/3.1embedded_lab/embedded project/Rest-your-light/Drivers/STM32F4xx_HAL_Driver/Inc/Legacy" -I"E:/nNote/3.1embedded_lab/embedded project/Rest-your-light/Drivers/CMSIS/Device/ST/STM32F4xx/Include" -I"E:/nNote/3.1embedded_lab/embedded project/Rest-your-light/Drivers/CMSIS/Include"  -Og -g3 -Wall -fmessage-length=0 -ffunction-sections -c -fmessage-length=0 -MMD -MP -MF"Drivers/STM32F4xx_HAL_Driver/Src/stm32f4xx_hal_pwr_ex.d" -MT"Drivers/STM32F4xx_HAL_Driver/Src/stm32f4xx_hal_pwr_ex.o" -o "Drivers/STM32F4xx_HAL_Driver/Src/stm32f4xx_hal_pwr_ex.o" "../Drivers/STM32F4xx_HAL_Driver/Src/stm32f4xx_hal_pwr_ex.c"
Finished building: ../Drivers/STM32F4xx_HAL_Driver/Src/stm32f4xx_hal_pwr_ex.c
 
Building file: ../Drivers/STM32F4xx_HAL_Driver/Src/stm32f4xx_hal_rcc.c
Invoking: MCU GCC Compiler
E:\nNote\3.1embedded_lab\embedded project\Rest-your-light\Debug
arm-none-eabi-gcc -mcpu=cortex-m4 -mthumb -mfloat-abi=hard -mfpu=fpv4-sp-d16 '-D__weak=__attribute__((weak))' '-D__packed=__attribute__((__packed__))' -DUSE_HAL_DRIVER -DSTM32F407xx -I"E:/nNote/3.1embedded_lab/embedded project/Rest-your-light/Inc" -I"E:/nNote/3.1embedded_lab/embedded project/Rest-your-light/Drivers/STM32F4xx_HAL_Driver/Inc" -I"E:/nNote/3.1embedded_lab/embedded project/Rest-your-light/Drivers/STM32F4xx_HAL_Driver/Inc/Legacy" -I"E:/nNote/3.1embedded_lab/embedded project/Rest-your-light/Drivers/CMSIS/Device/ST/STM32F4xx/Include" -I"E:/nNote/3.1embedded_lab/embedded project/Rest-your-light/Drivers/CMSIS/Include"  -Og -g3 -Wall -fmessage-length=0 -ffunction-sections -c -fmessage-length=0 -MMD -MP -MF"Drivers/STM32F4xx_HAL_Driver/Src/stm32f4xx_hal_rcc.d" -MT"Drivers/STM32F4xx_HAL_Driver/Src/stm32f4xx_hal_rcc.o" -o "Drivers/STM32F4xx_HAL_Driver/Src/stm32f4xx_hal_rcc.o" "../Drivers/STM32F4xx_HAL_Driver/Src/stm32f4xx_hal_rcc.c"
Finished building: ../Drivers/STM32F4xx_HAL_Driver/Src/stm32f4xx_hal_rcc.c
 
Building file: ../Drivers/STM32F4xx_HAL_Driver/Src/stm32f4xx_hal_rcc_ex.c
Invoking: MCU GCC Compiler
E:\nNote\3.1embedded_lab\embedded project\Rest-your-light\Debug
arm-none-eabi-gcc -mcpu=cortex-m4 -mthumb -mfloat-abi=hard -mfpu=fpv4-sp-d16 '-D__weak=__attribute__((weak))' '-D__packed=__attribute__((__packed__))' -DUSE_HAL_DRIVER -DSTM32F407xx -I"E:/nNote/3.1embedded_lab/embedded project/Rest-your-light/Inc" -I"E:/nNote/3.1embedded_lab/embedded project/Rest-your-light/Drivers/STM32F4xx_HAL_Driver/Inc" -I"E:/nNote/3.1embedded_lab/embedded project/Rest-your-light/Drivers/STM32F4xx_HAL_Driver/Inc/Legacy" -I"E:/nNote/3.1embedded_lab/embedded project/Rest-your-light/Drivers/CMSIS/Device/ST/STM32F4xx/Include" -I"E:/nNote/3.1embedded_lab/embedded project/Rest-your-light/Drivers/CMSIS/Include"  -Og -g3 -Wall -fmessage-length=0 -ffunction-sections -c -fmessage-length=0 -MMD -MP -MF"Drivers/STM32F4xx_HAL_Driver/Src/stm32f4xx_hal_rcc_ex.d" -MT"Drivers/STM32F4xx_HAL_Driver/Src/stm32f4xx_hal_rcc_ex.o" -o "Drivers/STM32F4xx_HAL_Driver/Src/stm32f4xx_hal_rcc_ex.o" "../Drivers/STM32F4xx_HAL_Driver/Src/stm32f4xx_hal_rcc_ex.c"
Finished building: ../Drivers/STM32F4xx_HAL_Driver/Src/stm32f4xx_hal_rcc_ex.c
 
Building file: ../Drivers/STM32F4xx_HAL_Driver/Src/stm32f4xx_hal_tim.c
Invoking: MCU GCC Compiler
E:\nNote\3.1embedded_lab\embedded project\Rest-your-light\Debug
arm-none-eabi-gcc -mcpu=cortex-m4 -mthumb -mfloat-abi=hard -mfpu=fpv4-sp-d16 '-D__weak=__attribute__((weak))' '-D__packed=__attribute__((__packed__))' -DUSE_HAL_DRIVER -DSTM32F407xx -I"E:/nNote/3.1embedded_lab/embedded project/Rest-your-light/Inc" -I"E:/nNote/3.1embedded_lab/embedded project/Rest-your-light/Drivers/STM32F4xx_HAL_Driver/Inc" -I"E:/nNote/3.1embedded_lab/embedded project/Rest-your-light/Drivers/STM32F4xx_HAL_Driver/Inc/Legacy" -I"E:/nNote/3.1embedded_lab/embedded project/Rest-your-light/Drivers/CMSIS/Device/ST/STM32F4xx/Include" -I"E:/nNote/3.1embedded_lab/embedded project/Rest-your-light/Drivers/CMSIS/Include"  -Og -g3 -Wall -fmessage-length=0 -ffunction-sections -c -fmessage-length=0 -MMD -MP -MF"Drivers/STM32F4xx_HAL_Driver/Src/stm32f4xx_hal_tim.d" -MT"Drivers/STM32F4xx_HAL_Driver/Src/stm32f4xx_hal_tim.o" -o "Drivers/STM32F4xx_HAL_Driver/Src/stm32f4xx_hal_tim.o" "../Drivers/STM32F4xx_HAL_Driver/Src/stm32f4xx_hal_tim.c"
Finished building: ../Drivers/STM32F4xx_HAL_Driver/Src/stm32f4xx_hal_tim.c
 
Building file: ../Drivers/STM32F4xx_HAL_Driver/Src/stm32f4xx_hal_tim_ex.c
Invoking: MCU GCC Compiler
E:\nNote\3.1embedded_lab\embedded project\Rest-your-light\Debug
arm-none-eabi-gcc -mcpu=cortex-m4 -mthumb -mfloat-abi=hard -mfpu=fpv4-sp-d16 '-D__weak=__attribute__((weak))' '-D__packed=__attribute__((__packed__))' -DUSE_HAL_DRIVER -DSTM32F407xx -I"E:/nNote/3.1embedded_lab/embedded project/Rest-your-light/Inc" -I"E:/nNote/3.1embedded_lab/embedded project/Rest-your-light/Drivers/STM32F4xx_HAL_Driver/Inc" -I"E:/nNote/3.1embedded_lab/embedded project/Rest-your-light/Drivers/STM32F4xx_HAL_Driver/Inc/Legacy" -I"E:/nNote/3.1embedded_lab/embedded project/Rest-your-light/Drivers/CMSIS/Device/ST/STM32F4xx/Include" -I"E:/nNote/3.1embedded_lab/embedded project/Rest-your-light/Drivers/CMSIS/Include"  -Og -g3 -Wall -fmessage-length=0 -ffunction-sections -c -fmessage-length=0 -MMD -MP -MF"Drivers/STM32F4xx_HAL_Driver/Src/stm32f4xx_hal_tim_ex.d" -MT"Drivers/STM32F4xx_HAL_Driver/Src/stm32f4xx_hal_tim_ex.o" -o "Drivers/STM32F4xx_HAL_Driver/Src/stm32f4xx_hal_tim_ex.o" "../Drivers/STM32F4xx_HAL_Driver/Src/stm32f4xx_hal_tim_ex.c"
Finished building: ../Drivers/STM32F4xx_HAL_Driver/Src/stm32f4xx_hal_tim_ex.c
 
Building file: ../Drivers/STM32F4xx_HAL_Driver/Src/stm32f4xx_hal_uart.c
Invoking: MCU GCC Compiler
E:\nNote\3.1embedded_lab\embedded project\Rest-your-light\Debug
arm-none-eabi-gcc -mcpu=cortex-m4 -mthumb -mfloat-abi=hard -mfpu=fpv4-sp-d16 '-D__weak=__attribute__((weak))' '-D__packed=__attribute__((__packed__))' -DUSE_HAL_DRIVER -DSTM32F407xx -I"E:/nNote/3.1embedded_lab/embedded project/Rest-your-light/Inc" -I"E:/nNote/3.1embedded_lab/embedded project/Rest-your-light/Drivers/STM32F4xx_HAL_Driver/Inc" -I"E:/nNote/3.1embedded_lab/embedded project/Rest-your-light/Drivers/STM32F4xx_HAL_Driver/Inc/Legacy" -I"E:/nNote/3.1embedded_lab/embedded project/Rest-your-light/Drivers/CMSIS/Device/ST/STM32F4xx/Include" -I"E:/nNote/3.1embedded_lab/embedded project/Rest-your-light/Drivers/CMSIS/Include"  -Og -g3 -Wall -fmessage-length=0 -ffunction-sections -c -fmessage-length=0 -MMD -MP -MF"Drivers/STM32F4xx_HAL_Driver/Src/stm32f4xx_hal_uart.d" -MT"Drivers/STM32F4xx_HAL_Driver/Src/stm32f4xx_hal_uart.o" -o "Drivers/STM32F4xx_HAL_Driver/Src/stm32f4xx_hal_uart.o" "../Drivers/STM32F4xx_HAL_Driver/Src/stm32f4xx_hal_uart.c"
Finished building: ../Drivers/STM32F4xx_HAL_Driver/Src/stm32f4xx_hal_uart.c
 
Building target: Rest-your-light.elf
Invoking: MCU GCC Linker
arm-none-eabi-gcc -mcpu=cortex-m4 -mthumb -mfloat-abi=hard -mfpu=fpv4-sp-d16 -specs=nosys.specs -specs=nano.specs -T"../STM32F407VGTx_FLASH.ld" -Wl,-Map=output.map -Wl,--gc-sections -o "Rest-your-light.elf" @"objects.list"   -lm
Finished building target: Rest-your-light.elf
 
make --no-print-directory post-build
Generating hex and Printing size information:
arm-none-eabi-objcopy -O ihex "Rest-your-light.elf" "Rest-your-light.hex"
arm-none-eabi-size "Rest-your-light.elf"
   text	   data	    bss	    dec	    hex	filename
   9564	     20	   1884	  11468	   2ccc	Rest-your-light.elf
 
11:42:56 **** Incremental Build of configuration Debug for project Rest-your-light ****
make all 
Building file: ../Src/main.c
Invoking: MCU GCC Compiler
E:\nNote\3.1embedded_lab\embedded project\Rest-your-light\Debug
arm-none-eabi-gcc -mcpu=cortex-m4 -mthumb -mfloat-abi=hard -mfpu=fpv4-sp-d16 '-D__weak=__attribute__((weak))' '-D__packed=__attribute__((__packed__))' -DUSE_HAL_DRIVER -DSTM32F407xx -I"E:/nNote/3.1embedded_lab/embedded project/Rest-your-light/Inc" -I"E:/nNote/3.1embedded_lab/embedded project/Rest-your-light/Drivers/STM32F4xx_HAL_Driver/Inc" -I"E:/nNote/3.1embedded_lab/embedded project/Rest-your-light/Drivers/STM32F4xx_HAL_Driver/Inc/Legacy" -I"E:/nNote/3.1embedded_lab/embedded project/Rest-your-light/Drivers/CMSIS/Device/ST/STM32F4xx/Include" -I"E:/nNote/3.1embedded_lab/embedded project/Rest-your-light/Drivers/CMSIS/Include"  -Og -g3 -Wall -fmessage-length=0 -ffunction-sections -c -fmessage-length=0 -MMD -MP -MF"Src/main.d" -MT"Src/main.o" -o "Src/main.o" "../Src/main.c"
Finished building: ../Src/main.c
 
Building target: Rest-your-light.elf
Invoking: MCU GCC Linker
arm-none-eabi-gcc -mcpu=cortex-m4 -mthumb -mfloat-abi=hard -mfpu=fpv4-sp-d16 -specs=nosys.specs -specs=nano.specs -T"../STM32F407VGTx_FLASH.ld" -Wl,-Map=output.map -Wl,--gc-sections -o "Rest-your-light.elf" @"objects.list"   -lm
Finished building target: Rest-your-light.elf
 
make --no-print-directory post-build
Generating hex and Printing size information:
arm-none-eabi-objcopy -O ihex "Rest-your-light.elf" "Rest-your-light.hex"
arm-none-eabi-size "Rest-your-light.elf"
   text	   data	    bss	    dec	    hex	filename
   9564	     20	   1884	  11468	   2ccc	Rest-your-light.elf
 
11:44:16 **** Incremental Build of configuration Debug for project Rest-your-light ****
make all 
Building file: ../Src/main.c
Invoking: MCU GCC Compiler
E:\nNote\3.1embedded_lab\embedded project\Rest-your-light\Debug
arm-none-eabi-gcc -mcpu=cortex-m4 -mthumb -mfloat-abi=hard -mfpu=fpv4-sp-d16 '-D__weak=__attribute__((weak))' '-D__packed=__attribute__((__packed__))' -DUSE_HAL_DRIVER -DSTM32F407xx -I"E:/nNote/3.1embedded_lab/embedded project/Rest-your-light/Inc" -I"E:/nNote/3.1embedded_lab/embedded project/Rest-your-light/Drivers/STM32F4xx_HAL_Driver/Inc" -I"E:/nNote/3.1embedded_lab/embedded project/Rest-your-light/Drivers/STM32F4xx_HAL_Driver/Inc/Legacy" -I"E:/nNote/3.1embedded_lab/embedded project/Rest-your-light/Drivers/CMSIS/Device/ST/STM32F4xx/Include" -I"E:/nNote/3.1embedded_lab/embedded project/Rest-your-light/Drivers/CMSIS/Include"  -Og -g3 -Wall -fmessage-length=0 -ffunction-sections -c -fmessage-length=0 -MMD -MP -MF"Src/main.d" -MT"Src/main.o" -o "Src/main.o" "../Src/main.c"
Finished building: ../Src/main.c
 
Building target: Rest-your-light.elf
Invoking: MCU GCC Linker
[...]
../Src/main.c: In function 'main':
../Src/main.c:137:29: warning: pointer targets in passing argument 2 of 'HAL_UART_Receive' differ in signedness [-Wpointer-sign]
   HAL_UART_Receive(&huart2, buffer, 1, HAL_MAX_DELAY);
                             ^~~~~~
In file included from E:/nNote/3.1embedded_lab/embedded project/Rest-your-light/Inc/stm32f4xx_hal_conf.h:373:0,
                 from E:/nNote/3.1embedded_lab/embedded project/Rest-your-light/Drivers/STM32F4xx_HAL_Driver/Inc/stm32f4xx_hal.h:46,
                 from ../Src/main.c:41:
E:/nNote/3.1embedded_lab/embedded project/Rest-your-light/Drivers/STM32F4xx_HAL_Driver/Inc/stm32f4xx_hal_uart.h:646:19: note: expected 'uint8_t * {aka unsigned char *}' but argument is of type 'char *'
 HAL_StatusTypeDef HAL_UART_Receive(UART_HandleTypeDef *huart, uint8_t *pData, uint16_t Size, uint32_t Timeout);
                   ^~~~~~~~~~~~~~~~
../Src/main.c:114:11: warning: unused variable 'ldr_p' [-Wunused-variable]
  uint16_t ldr_p = max_ldr - min_ldr;
           ^~~~~
Finished building: ../Src/main.c
 
Building target: Rest-your-light.elf
Invoking: MCU GCC Linker
arm-none-eabi-gcc -mcpu=cortex-m4 -mthumb -mfloat-abi=hard -mfpu=fpv4-sp-d16 -specs=nosys.specs -specs=nano.specs -T"../STM32F407VGTx_FLASH.ld" -Wl,-Map=output.map -Wl,--gc-sections -o "Rest-your-light.elf" @"objects.list"   -lm
Finished building target: Rest-your-light.elf
 
make --no-print-directory post-build
Generating hex and Printing size information:
arm-none-eabi-objcopy -O ihex "Rest-your-light.elf" "Rest-your-light.hex"
arm-none-eabi-size "Rest-your-light.elf"
   text	   data	    bss	    dec	    hex	filename
  12372	    120	   1784	  14276	   37c4	Rest-your-light.elf
 
23:24:25 **** Incremental Build of configuration Debug for project Rest-your-light ****
make all 
Building file: ../Src/main.c
Invoking: MCU GCC Compiler
E:\nNote\3.1embedded_lab\embedded project\Rest-your-light\Debug
arm-none-eabi-gcc -mcpu=cortex-m4 -mthumb -mfloat-abi=hard -mfpu=fpv4-sp-d16 '-D__weak=__attribute__((weak))' '-D__packed=__attribute__((__packed__))' -DUSE_HAL_DRIVER -DSTM32F407xx -I"E:/nNote/3.1embedded_lab/embedded project/Rest-your-light/Inc" -I"E:/nNote/3.1embedded_lab/embedded project/Rest-your-light/Drivers/STM32F4xx_HAL_Driver/Inc" -I"E:/nNote/3.1embedded_lab/embedded project/Rest-your-light/Drivers/STM32F4xx_HAL_Driver/Inc/Legacy" -I"E:/nNote/3.1embedded_lab/embedded project/Rest-your-light/Drivers/CMSIS/Device/ST/STM32F4xx/Include" -I"E:/nNote/3.1embedded_lab/embedded project/Rest-your-light/Drivers/CMSIS/Include"  -Og -g3 -Wall -fmessage-length=0 -ffunction-sections -c -fmessage-length=0 -MMD -MP -MF"Src/main.d" -MT"Src/main.o" -o "Src/main.o" "../Src/main.c"
../Src/main.c: In function 'main':
../Src/main.c:137:29: warning: pointer targets in passing argument 2 of 'HAL_UART_Receive' differ in signedness [-Wpointer-sign]
   HAL_UART_Receive(&huart2, buffer, 1, HAL_MAX_DELAY);
                             ^~~~~~
In file included from E:/nNote/3.1embedded_lab/embedded project/Rest-your-light/Inc/stm32f4xx_hal_conf.h:373:0,
                 from E:/nNote/3.1embedded_lab/embedded project/Rest-your-light/Drivers/STM32F4xx_HAL_Driver/Inc/stm32f4xx_hal.h:46,
                 from ../Src/main.c:41:
E:/nNote/3.1embedded_lab/embedded project/Rest-your-light/Drivers/STM32F4xx_HAL_Driver/Inc/stm32f4xx_hal_uart.h:646:19: note: expected 'uint8_t * {aka unsigned char *}' but argument is of type 'char *'
 HAL_StatusTypeDef HAL_UART_Receive(UART_HandleTypeDef *huart, uint8_t *pData, uint16_t Size, uint32_t Timeout);
                   ^~~~~~~~~~~~~~~~
../Src/main.c:114:11: warning: unused variable 'ldr_p' [-Wunused-variable]
  uint16_t ldr_p = max_ldr - min_ldr;
           ^~~~~
Finished building: ../Src/main.c
 
Building target: Rest-your-light.elf
Invoking: MCU GCC Linker
arm-none-eabi-gcc -mcpu=cortex-m4 -mthumb -mfloat-abi=hard -mfpu=fpv4-sp-d16 -specs=nosys.specs -specs=nano.specs -T"../STM32F407VGTx_FLASH.ld" -Wl,-Map=output.map -Wl,--gc-sections -o "Rest-your-light.elf" @"objects.list"   -lm
Finished building target: Rest-your-light.elf
 
make --no-print-directory post-build
Generating hex and Printing size information:
arm-none-eabi-objcopy -O ihex "Rest-your-light.elf" "Rest-your-light.hex"
arm-none-eabi-size "Rest-your-light.elf"
   text	   data	    bss	    dec	    hex	filename
  12372	    120	   1784	  14276	   37c4	Rest-your-light.elf
 
23:24:39 **** Incremental Build of configuration Debug for project Rest-your-light ****
make all 
Building file: ../Src/main.c
Invoking: MCU GCC Compiler
E:\nNote\3.1embedded_lab\embedded project\Rest-your-light\Debug
arm-none-eabi-gcc -mcpu=cortex-m4 -mthumb -mfloat-abi=hard -mfpu=fpv4-sp-d16 '-D__weak=__attribute__((weak))' '-D__packed=__attribute__((__packed__))' -DUSE_HAL_DRIVER -DSTM32F407xx -I"E:/nNote/3.1embedded_lab/embedded project/Rest-your-light/Inc" -I"E:/nNote/3.1embedded_lab/embedded project/Rest-your-light/Drivers/STM32F4xx_HAL_Driver/Inc" -I"E:/nNote/3.1embedded_lab/embedded project/Rest-your-light/Drivers/STM32F4xx_HAL_Driver/Inc/Legacy" -I"E:/nNote/3.1embedded_lab/embedded project/Rest-your-light/Drivers/CMSIS/Device/ST/STM32F4xx/Include" -I"E:/nNote/3.1embedded_lab/embedded project/Rest-your-light/Drivers/CMSIS/Include"  -Og -g3 -Wall -fmessage-length=0 -ffunction-sections -c -fmessage-length=0 -MMD -MP -MF"Src/main.d" -MT"Src/main.o" -o "Src/main.o" "../Src/main.c"
../Src/main.c: In function 'main':
../Src/main.c:137:29: warning: pointer targets in passing argument 2 of 'HAL_UART_Receive' differ in signedness [-Wpointer-sign]
   HAL_UART_Receive(&huart2, buffer, sizeof(char), HAL_MAX_DELAY);
                             ^~~~~~
In file included from E:/nNote/3.1embedded_lab/embedded project/Rest-your-light/Inc/stm32f4xx_hal_conf.h:373:0,
                 from E:/nNote/3.1embedded_lab/embedded project/Rest-your-light/Drivers/STM32F4xx_HAL_Driver/Inc/stm32f4xx_hal.h:46,
                 from ../Src/main.c:41:
E:/nNote/3.1embedded_lab/embedded project/Rest-your-light/Drivers/STM32F4xx_HAL_Driver/Inc/stm32f4xx_hal_uart.h:646:19: note: expected 'uint8_t * {aka unsigned char *}' but argument is of type 'char *'
 HAL_StatusTypeDef HAL_UART_Receive(UART_HandleTypeDef *huart, uint8_t *pData, uint16_t Size, uint32_t Timeout);
                   ^~~~~~~~~~~~~~~~
../Src/main.c:114:11: warning: unused variable 'ldr_p' [-Wunused-variable]
  uint16_t ldr_p = max_ldr - min_ldr;
           ^~~~~
Finished building: ../Src/main.c
 
Building target: Rest-your-light.elf
Invoking: MCU GCC Linker
arm-none-eabi-gcc -mcpu=cortex-m4 -mthumb -mfloat-abi=hard -mfpu=fpv4-sp-d16 -specs=nosys.specs -specs=nano.specs -T"../STM32F407VGTx_FLASH.ld" -Wl,-Map=output.map -Wl,--gc-sections -o "Rest-your-light.elf" @"objects.list"   -lm
Finished building target: Rest-your-light.elf
 
make --no-print-directory post-build
Generating hex and Printing size information:
arm-none-eabi-objcopy -O ihex "Rest-your-light.elf" "Rest-your-light.hex"
arm-none-eabi-size "Rest-your-light.elf"
   text	   data	    bss	    dec	    hex	filename
  12372	    120	   1784	  14276	   37c4	Rest-your-light.elf
 
23:26:34 **** Incremental Build of configuration Debug for project Rest-your-light ****
make all 
Building file: ../Src/main.c
Invoking: MCU GCC Compiler
E:\nNote\3.1embedded_lab\embedded project\Rest-your-light\Debug
arm-none-eabi-gcc -mcpu=cortex-m4 -mthumb -mfloat-abi=hard -mfpu=fpv4-sp-d16 '-D__weak=__attribute__((weak))' '-D__packed=__attribute__((__packed__))' -DUSE_HAL_DRIVER -DSTM32F407xx -I"E:/nNote/3.1embedded_lab/embedded project/Rest-your-light/Inc" -I"E:/nNote/3.1embedded_lab/embedded project/Rest-your-light/Drivers/STM32F4xx_HAL_Driver/Inc" -I"E:/nNote/3.1embedded_lab/embedded project/Rest-your-light/Drivers/STM32F4xx_HAL_Driver/Inc/Legacy" -I"E:/nNote/3.1embedded_lab/embedded project/Rest-your-light/Drivers/CMSIS/Device/ST/STM32F4xx/Include" -I"E:/nNote/3.1embedded_lab/embedded project/Rest-your-light/Drivers/CMSIS/Include"  -Og -g3 -Wall -fmessage-length=0 -ffunction-sections -c -fmessage-length=0 -MMD -MP -MF"Src/main.d" -MT"Src/main.o" -o "Src/main.o" "../Src/main.c"
../Src/main.c: In function 'main':
../Src/main.c:137:32: warning: pointer targets in passing argument 2 of 'HAL_UART_Receive' differ in signedness [-Wpointer-sign]
   if(HAL_UART_Receive(&huart2, buffer, sizeof(char), HAL_MAX_DELAY) == HAL_OK)
                                ^~~~~~
In file included from E:/nNote/3.1embedded_lab/embedded project/Rest-your-light/Inc/stm32f4xx_hal_conf.h:373:0,
                 from E:/nNote/3.1embedded_lab/embedded project/Rest-your-light/Drivers/STM32F4xx_HAL_Driver/Inc/stm32f4xx_hal.h:46,
                 from ../Src/main.c:41:
E:/nNote/3.1embedded_lab/embedded project/Rest-your-light/Drivers/STM32F4xx_HAL_Driver/Inc/stm32f4xx_hal_uart.h:646:19: note: expected 'uint8_t * {aka unsigned char *}' but argument is of type 'char *'
 HAL_StatusTypeDef HAL_UART_Receive(UART_HandleTypeDef *huart, uint8_t *pData, uint16_t Size, uint32_t Timeout);
                   ^~~~~~~~~~~~~~~~
../Src/main.c:114:11: warning: unused variable 'ldr_p' [-Wunused-variable]
  uint16_t ldr_p = max_ldr - min_ldr;
           ^~~~~
Finished building: ../Src/main.c
 
Building target: Rest-your-light.elf
Invoking: MCU GCC Linker
arm-none-eabi-gcc -mcpu=cortex-m4 -mthumb -mfloat-abi=hard -mfpu=fpv4-sp-d16 -specs=nosys.specs -specs=nano.specs -T"../STM32F407VGTx_FLASH.ld" -Wl,-Map=output.map -Wl,--gc-sections -o "Rest-your-light.elf" @"objects.list"   -lm
Finished building target: Rest-your-light.elf
 
make --no-print-directory post-build
Generating hex and Printing size information:
arm-none-eabi-objcopy -O ihex "Rest-your-light.elf" "Rest-your-light.hex"
arm-none-eabi-size "Rest-your-light.elf"
   text	   data	    bss	    dec	    hex	filename
  12388	    120	   1784	  14292	   37d4	Rest-your-light.elf
 
23:36:09 **** Incremental Build of configuration Debug for project Rest-your-light ****
make all 
Building file: ../Src/main.c
Invoking: MCU GCC Compiler
E:\nNote\3.1embedded_lab\embedded project\Rest-your-light\Debug
arm-none-eabi-gcc -mcpu=cortex-m4 -mthumb -mfloat-abi=hard -mfpu=fpv4-sp-d16 '-D__weak=__attribute__((weak))' '-D__packed=__attribute__((__packed__))' -DUSE_HAL_DRIVER -DSTM32F407xx -I"E:/nNote/3.1embedded_lab/embedded project/Rest-your-light/Inc" -I"E:/nNote/3.1embedded_lab/embedded project/Rest-your-light/Drivers/STM32F4xx_HAL_Driver/Inc" -I"E:/nNote/3.1embedded_lab/embedded project/Rest-your-light/Drivers/STM32F4xx_HAL_Driver/Inc/Legacy" -I"E:/nNote/3.1embedded_lab/embedded project/Rest-your-light/Drivers/CMSIS/Device/ST/STM32F4xx/Include" -I"E:/nNote/3.1embedded_lab/embedded project/Rest-your-light/Drivers/CMSIS/Include"  -Og -g3 -Wall -fmessage-length=0 -ffunction-sections -c -fmessage-length=0 -MMD -MP -MF"Src/main.d" -MT"Src/main.o" -o "Src/main.o" "../Src/main.c"
../Src/main.c: In function 'main':
../Src/main.c:137:32: warning: pointer targets in passing argument 2 of 'HAL_UART_Receive' differ in signedness [-Wpointer-sign]
   if(HAL_UART_Receive(&huart2, buffer, 1, HAL_MAX_DELAY) == HAL_OK)
                                ^~~~~~
In file included from E:/nNote/3.1embedded_lab/embedded project/Rest-your-light/Inc/stm32f4xx_hal_conf.h:373:0,
                 from E:/nNote/3.1embedded_lab/embedded project/Rest-your-light/Drivers/STM32F4xx_HAL_Driver/Inc/stm32f4xx_hal.h:46,
                 from ../Src/main.c:41:
E:/nNote/3.1embedded_lab/embedded project/Rest-your-light/Drivers/STM32F4xx_HAL_Driver/Inc/stm32f4xx_hal_uart.h:646:19: note: expected 'uint8_t * {aka unsigned char *}' but argument is of type 'char *'
 HAL_StatusTypeDef HAL_UART_Receive(UART_HandleTypeDef *huart, uint8_t *pData, uint16_t Size, uint32_t Timeout);
                   ^~~~~~~~~~~~~~~~
../Src/main.c:114:11: warning: unused variable 'ldr_p' [-Wunused-variable]
  uint16_t ldr_p = max_ldr - min_ldr;
           ^~~~~
Finished building: ../Src/main.c
 
Building target: Rest-your-light.elf
Invoking: MCU GCC Linker
arm-none-eabi-gcc -mcpu=cortex-m4 -mthumb -mfloat-abi=hard -mfpu=fpv4-sp-d16 -specs=nosys.specs -specs=nano.specs -T"../STM32F407VGTx_FLASH.ld" -Wl,-Map=output.map -Wl,--gc-sections -o "Rest-your-light.elf" @"objects.list"   -lm
Finished building target: Rest-your-light.elf
 
make --no-print-directory post-build
Generating hex and Printing size information:
arm-none-eabi-objcopy -O ihex "Rest-your-light.elf" "Rest-your-light.hex"
arm-none-eabi-size "Rest-your-light.elf"
   text	   data	    bss	    dec	    hex	filename
  12388	    120	   1784	  14292	   37d4	Rest-your-light.elf
 
23:40:09 **** Incremental Build of configuration Debug for project Rest-your-light ****
make all 
Building file: ../Src/main.c
Invoking: MCU GCC Compiler
E:\nNote\3.1embedded_lab\embedded project\Rest-your-light\Debug
arm-none-eabi-gcc -mcpu=cortex-m4 -mthumb -mfloat-abi=hard -mfpu=fpv4-sp-d16 '-D__weak=__attribute__((weak))' '-D__packed=__attribute__((__packed__))' -DUSE_HAL_DRIVER -DSTM32F407xx -I"E:/nNote/3.1embedded_lab/embedded project/Rest-your-light/Inc" -I"E:/nNote/3.1embedded_lab/embedded project/Rest-your-light/Drivers/STM32F4xx_HAL_Driver/Inc" -I"E:/nNote/3.1embedded_lab/embedded project/Rest-your-light/Drivers/STM32F4xx_HAL_Driver/Inc/Legacy" -I"E:/nNote/3.1embedded_lab/embedded project/Rest-your-light/Drivers/CMSIS/Device/ST/STM32F4xx/Include" -I"E:/nNote/3.1embedded_lab/embedded project/Rest-your-light/Drivers/CMSIS/Include"  -Og -g3 -Wall -fmessage-length=0 -ffunction-sections -c -fmessage-length=0 -MMD -MP -MF"Src/main.d" -MT"Src/main.o" -o "Src/main.o" "../Src/main.c"
../Src/main.c: In function 'main':
../Src/main.c:137:32: warning: pointer targets in passing argument 2 of 'HAL_UART_Receive' differ in signedness [-Wpointer-sign]
   if(HAL_UART_Receive(&huart2, buffer, 1, 1000) == HAL_OK)
                                ^~~~~~
In file included from E:/nNote/3.1embedded_lab/embedded project/Rest-your-light/Inc/stm32f4xx_hal_conf.h:373:0,
                 from E:/nNote/3.1embedded_lab/embedded project/Rest-your-light/Drivers/STM32F4xx_HAL_Driver/Inc/stm32f4xx_hal.h:46,
                 from ../Src/main.c:41:
E:/nNote/3.1embedded_lab/embedded project/Rest-your-light/Drivers/STM32F4xx_HAL_Driver/Inc/stm32f4xx_hal_uart.h:646:19: note: expected 'uint8_t * {aka unsigned char *}' but argument is of type 'char *'
 HAL_StatusTypeDef HAL_UART_Receive(UART_HandleTypeDef *huart, uint8_t *pData, uint16_t Size, uint32_t Timeout);
                   ^~~~~~~~~~~~~~~~
../Src/main.c:114:11: warning: unused variable 'ldr_p' [-Wunused-variable]
  uint16_t ldr_p = max_ldr - min_ldr;
           ^~~~~
Finished building: ../Src/main.c
 
Building target: Rest-your-light.elf
Invoking: MCU GCC Linker
arm-none-eabi-gcc -mcpu=cortex-m4 -mthumb -mfloat-abi=hard -mfpu=fpv4-sp-d16 -specs=nosys.specs -specs=nano.specs -T"../STM32F407VGTx_FLASH.ld" -Wl,-Map=output.map -Wl,--gc-sections -o "Rest-your-light.elf" @"objects.list"   -lm
Finished building target: Rest-your-light.elf
 
make --no-print-directory post-build
Generating hex and Printing size information:
arm-none-eabi-objcopy -O ihex "Rest-your-light.elf" "Rest-your-light.hex"
arm-none-eabi-size "Rest-your-light.elf"
   text	   data	    bss	    dec	    hex	filename
  12388	    120	   1784	  14292	   37d4	Rest-your-light.elf
 
23:42:04 **** Incremental Build of configuration Debug for project Rest-your-light ****
make all 
Building file: ../Src/main.c
Invoking: MCU GCC Compiler
E:\nNote\3.1embedded_lab\embedded project\Rest-your-light\Debug
arm-none-eabi-gcc -mcpu=cortex-m4 -mthumb -mfloat-abi=hard -mfpu=fpv4-sp-d16 '-D__weak=__attribute__((weak))' '-D__packed=__attribute__((__packed__))' -DUSE_HAL_DRIVER -DSTM32F407xx -I"E:/nNote/3.1embedded_lab/embedded project/Rest-your-light/Inc" -I"E:/nNote/3.1embedded_lab/embedded project/Rest-your-light/Drivers/STM32F4xx_HAL_Driver/Inc" -I"E:/nNote/3.1embedded_lab/embedded project/Rest-your-light/Drivers/STM32F4xx_HAL_Driver/Inc/Legacy" -I"E:/nNote/3.1embedded_lab/embedded project/Rest-your-light/Drivers/CMSIS/Device/ST/STM32F4xx/Include" -I"E:/nNote/3.1embedded_lab/embedded project/Rest-your-light/Drivers/CMSIS/Include"  -Og -g3 -Wall -fmessage-length=0 -ffunction-sections -c -fmessage-length=0 -MMD -MP -MF"Src/main.d" -MT"Src/main.o" -o "Src/main.o" "../Src/main.c"
../Src/main.c: In function 'main':
../Src/main.c:137:32: warning: pointer targets in passing argument 2 of 'HAL_UART_Receive' differ in signedness [-Wpointer-sign]
   if(HAL_UART_Receive(&huart2, buffer, 1, HAL_MAX_DELAY) == HAL_OK)
                                ^~~~~~
In file included from E:/nNote/3.1embedded_lab/embedded project/Rest-your-light/Inc/stm32f4xx_hal_conf.h:373:0,
                 from E:/nNote/3.1embedded_lab/embedded project/Rest-your-light/Drivers/STM32F4xx_HAL_Driver/Inc/stm32f4xx_hal.h:46,
                 from ../Src/main.c:41:
E:/nNote/3.1embedded_lab/embedded project/Rest-your-light/Drivers/STM32F4xx_HAL_Driver/Inc/stm32f4xx_hal_uart.h:646:19: note: expected 'uint8_t * {aka unsigned char *}' but argument is of type 'char *'
 HAL_StatusTypeDef HAL_UART_Receive(UART_HandleTypeDef *huart, uint8_t *pData, uint16_t Size, uint32_t Timeout);
                   ^~~~~~~~~~~~~~~~
../Src/main.c:114:11: warning: unused variable 'ldr_p' [-Wunused-variable]
  uint16_t ldr_p = max_ldr - min_ldr;
           ^~~~~
Finished building: ../Src/main.c
 
Building target: Rest-your-light.elf
Invoking: MCU GCC Linker
arm-none-eabi-gcc -mcpu=cortex-m4 -mthumb -mfloat-abi=hard -mfpu=fpv4-sp-d16 -specs=nosys.specs -specs=nano.specs -T"../STM32F407VGTx_FLASH.ld" -Wl,-Map=output.map -Wl,--gc-sections -o "Rest-your-light.elf" @"objects.list"   -lm
Finished building target: Rest-your-light.elf
 
make --no-print-directory post-build
Generating hex and Printing size information:
arm-none-eabi-objcopy -O ihex "Rest-your-light.elf" "Rest-your-light.hex"
arm-none-eabi-size "Rest-your-light.elf"
   text	   data	    bss	    dec	    hex	filename
  12388	    120	   1784	  14292	   37d4	Rest-your-light.elf
 
23:48:25 **** Incremental Build of configuration Debug for project Rest-your-light ****
make all 
Building file: ../Src/main.c
Invoking: MCU GCC Compiler
E:\nNote\3.1embedded_lab\embedded project\Rest-your-light\Debug
arm-none-eabi-gcc -mcpu=cortex-m4 -mthumb -mfloat-abi=hard -mfpu=fpv4-sp-d16 '-D__weak=__attribute__((weak))' '-D__packed=__attribute__((__packed__))' -DUSE_HAL_DRIVER -DSTM32F407xx -I"E:/nNote/3.1embedded_lab/embedded project/Rest-your-light/Inc" -I"E:/nNote/3.1embedded_lab/embedded project/Rest-your-light/Drivers/STM32F4xx_HAL_Driver/Inc" -I"E:/nNote/3.1embedded_lab/embedded project/Rest-your-light/Drivers/STM32F4xx_HAL_Driver/Inc/Legacy" -I"E:/nNote/3.1embedded_lab/embedded project/Rest-your-light/Drivers/CMSIS/Device/ST/STM32F4xx/Include" -I"E:/nNote/3.1embedded_lab/embedded project/Rest-your-light/Drivers/CMSIS/Include"  -Og -g3 -Wall -fmessage-length=0 -ffunction-sections -c -fmessage-length=0 -MMD -MP -MF"Src/main.d" -MT"Src/main.o" -o "Src/main.o" "../Src/main.c"
../Src/main.c: In function 'main':
../Src/main.c:114:11: warning: unused variable 'ldr_p' [-Wunused-variable]
  uint16_t ldr_p = max_ldr - min_ldr;
           ^~~~~
Finished building: ../Src/main.c
 
Building target: Rest-your-light.elf
Invoking: MCU GCC Linker
arm-none-eabi-gcc -mcpu=cortex-m4 -mthumb -mfloat-abi=hard -mfpu=fpv4-sp-d16 -specs=nosys.specs -specs=nano.specs -T"../STM32F407VGTx_FLASH.ld" -Wl,-Map=output.map -Wl,--gc-sections -o "Rest-your-light.elf" @"objects.list"   -lm
Finished building target: Rest-your-light.elf
 
make --no-print-directory post-build
Generating hex and Printing size information:
arm-none-eabi-objcopy -O ihex "Rest-your-light.elf" "Rest-your-light.hex"
arm-none-eabi-size "Rest-your-light.elf"
   text	   data	    bss	    dec	    hex	filename
  12128	    120	   1784	  14032	   36d0	Rest-your-light.elf
 
